Microchip MPLAB XC8 Compiler V2.32

Linker command line:

-W-3 --edf=/Applications/microchip/xc8/v2.32/pic/dat/en_msgs.txt -cn \
  -h+dist/default/production/1938_mtouch-uart-btn.X.production.sym \
  --cmf=dist/default/production/1938_mtouch-uart-btn.X.production.cmf -z \
  -Q16F1938 -o/tmp/xcHDeFc3p --defsym=__MPLAB_BUILD=1 \
  -Mdist/default/production/1938_mtouch-uart-btn.X.production.map -E1 \
  -ver=XC8 Compiler --acfsm=1493 -ASTACK=020C2h-022E1h -pstack=STACK \
  -ACODE=00h-07FFhx8 -ASTRCODE=00h-03FFFh -ASTRING=00h-0FFhx64 \
  -ACONST=00h-0FFhx64 -AENTRY=00h-0FFhx64 -ACOMMON=070h-07Fh \
  -ABANK0=020h-06Fh -ABANK1=0A0h-0EFh -ABANK2=0120h-016Fh \
  -ABANK3=01A0h-01EFh -ABANK4=0220h-026Fh -ABANK5=02A0h-02EFh \
  -ABANK6=0320h-036Fh -ABANK7=03A0h-03EFh -ABANK8=0420h-046Fh \
  -ABANK9=04A0h-04EFh -ABANK10=0520h-056Fh -ABANK11=05A0h-05EFh \
  -ABANK12=0620h-064Fh -ABIGRAM=02000h-023EFh \
  -ARAM=020h-06Fh,0A0h-0EFh,0120h-016Fh,01A0h-01EFh,0220h-026Fh,02A0h-02EFh,0320h-036Fh,03A0h-03EFh,0420h-046Fh,04A0h-04EFh,0520h-056Fh,05A0h-05EFh,0620h-064Fh \
  -AABS1=020h-07Fh,0A0h-0EFh,0120h-016Fh,01A0h-01EFh,0220h-026Fh,02A0h-02EFh,0320h-036Fh,03A0h-03EFh,0420h-046Fh,04A0h-04EFh,0520h-056Fh,05A0h-05EFh,0620h-064Fh \
  -ASFR0=00h-01Fh -ASFR1=080h-09Fh -ASFR2=0100h-011Fh -ASFR3=0180h-019Fh \
  -ASFR4=0200h-021Fh -ASFR5=0280h-029Fh -ASFR6=0300h-031Fh \
  -ASFR7=0380h-039Fh -ASFR8=0400h-041Fh -ASFR9=0480h-049Fh \
  -ASFR10=0500h-051Fh -ASFR11=0580h-059Fh -ASFR12=0600h-061Fh \
  -ASFR13=0680h-06EFh -ASFR14=0700h-076Fh -ASFR15=0780h-07EFh \
  -ASFR16=0800h-086Fh -ASFR17=0880h-08EFh -ASFR18=0900h-096Fh \
  -ASFR19=0980h-09EFh -ASFR20=0A00h-0A6Fh -ASFR21=0A80h-0AEFh \
  -ASFR22=0B00h-0B6Fh -ASFR23=0B80h-0BEFh -ASFR24=0C00h-0C6Fh \
  -ASFR25=0C80h-0CEFh -ASFR26=0D00h-0D6Fh -ASFR27=0D80h-0DEFh \
  -ASFR28=0E00h-0E6Fh -ASFR29=0E80h-0EEFh -ASFR30=0F00h-0F6Fh \
  -ASFR31=0F80h-0FEFh -ACONFIG=08007h-08008h -DCONFIG=2 \
  -AIDLOC=08000h-08003h -DIDLOC=2 -AEEDATA=00h-0FFh/0F000h \
  -peeprom_data=EEDATA -DEEDATA=2 -DCODE=2 -DSTRCODE=2 -DSTRING=2 -DCONST=2 \
  -DENTRY=2 -preset_vec=00h,intentry=04h,init,end_init -ppowerup=CODE \
  -pcinit=CODE -pfunctab=ENTRY -k /tmp/xcfUrP0Wd.o \
  dist/default/production/1938_mtouch-uart-btn.X.production.o 

Object code version is 3.11

Machine type is 16F1938



                Name                               Link     Load   Length Selector   Space Scale
/tmp/xcfUrP0Wd.o
                end_init                             12       12        2        8       0
                reset_vec                             0        0        2        0       0
                config                             8007     8007        2        0       4
                idloc                              8000     8000        4        0       5
dist/default/production/1938_mtouch-uart-btn.X.production.o
                cinit                                14       14       4D        8       0
                intentry                              4        4        E        8       0
                config                             8007     8007        2        0       4
                idloc                              8000     8000        4        0       5
                text120                            104C     104C        F     2098       0
                text119                            1FA8     1FA8        1     3F50       0
                text118                            1004     1004        9     2008       0
                text117                            10E5     10E5       14     21CA       0
                text115                            108A     108A       12     2114       0
                text114                            1FF8     1FF8        8     3FF0       0
                text113                            1FAE     1FAE        3     3F5C       0
                text112                             75E      75E       89      A08       0
                text111                             800      800       1B     1000       0
                text110                            161A     161A       24     2C34       0
                text109                             8AB      8AB       51     1156       0
                text108                            109C     109C       12     2138       0
                text107                            16D9     16D9       2D     2DB2       0
                text106                             6D0      6D0       8E      A08       0
                text105                            1FB7     1FB7        4     3F6E       0
                text104                            163E     163E       24     2C7C       0
                text103                            1322     1322       21     2644       0
                text102                             504      504       9F      A08       0
                text101                            1FA9     1FA9        1     3F52       0
                text100                             81B      81B       47     1036       0
                text99                             1FAA     1FAA        1     3F54       0
                text98                             1246     1246       1E     248C       0
                text97                             118B     118B       18     2316       0
                text96                              E14      E14       71     1C28       0
                text95                              2B7      2B7       D3        8       0
                text94                              5A3      5A3       98      A08       0
                text93                              B56      B56       62     16AC       0
                text92                              EF8      EF8       82     1DF0       0
                text91                             1FAB     1FAB        1     3F56       0
                text90                                2        2        2        0       0
                text89                             1343     1343       21     2686       0
                text88                              C1A      C1A       63     1834       0
                text87                             10D2     10D2       13     21A4       0
                text86                             1688     1688       28     2D10       0
                text85                             120C     120C       1D     2418       0
                text84                             1264     1264       1E     24C8       0
                text83                             1FD5     1FD5        7     3FAA       0
                text82                             1282     1282       20     2504       0
                text81                             105B     105B        F     20B6       0
                text80                             1229     1229       1D     2452       0
                text79                             1FBB     1FBB        5     3F76       0
                text78                             177F     177F       3F     2EFE       0
                text77                             1030     1030        E     2060       0
                text76                             1FC0     1FC0        5     3F80       0
                text75                             115E     115E       16     22BC       0
                text74                             100D     100D        B     201A       0
                text73                             106A     106A       10     20D4       0
                text72                             1364     1364       21     26C8       0
                text71                             1385     1385       21     270A       0
                text70                             13A6     13A6       21     274C       0
                text69                             13C7     13C7       21     278E       0
                text68                             13E8     13E8       21     27D0       0
                text67                             1409     1409       21     2812       0
                text66                             142A     142A       21     2854       0
                text65                             144B     144B       21     2896       0
                text64                             146C     146C       21     28D8       0
                text63                             148D     148D       21     291A       0
                text62                             14AE     14AE       21     295C       0
                text61                             14CF     14CF       21     299E       0
                text60                             14F0     14F0       21     29E0       0
                text59                             1511     1511       21     2A22       0
                text58                             1532     1532       21     2A64       0
                text57                             1553     1553       21     2AA6       0
                text56                             1574     1574       21     2AE8       0
                text55                             1595     1595       21     2B2A       0
                text54                             15B6     15B6       21     2B6C       0
                text53                             15D7     15D7       21     2BAE       0
                text52                              CE1      CE1       66     19C2       0
                text51                             10F9     10F9       14     21F2       0
                text50                              BB8      BB8       62     1770       0
                text49                             103E     103E        E     207C       0
                text48                             1FDC     1FDC        7     3FB8       0
                text47                             1FE3     1FE3        7     3FC6       0
                text46                             1174     1174       17     22E8       0
                text45                              862      862       49     10C4       0
                text44                             1FAC     1FAC        1     3F58       0
                text43                             11BC     11BC       1A     2378       0
                text42                             1FEA     1FEA        7     3FD4       0
                text41                              C7D      C7D       64     18FA       0
                text40                             1149     1149       15     2292       0
                text39                             17BE     17BE       42     2F7C       0
                text38                             1FAD     1FAD        1     3F5A       0
                text37                             12A2     12A2       20     2544       0
                text36                              9A1      9A1       54     1342       0
                text35                              94E      94E       53     129C       0
                text34                             1706     1706       3B     2E0C       0
                text33                              9F5      9F5       54     13EA       0
                text32                              8FC      8FC       52     11F8       0
                text31                              DAD      DAD       67     1B5A       0
                text30                               61       61      137        8       0
                text29                              A49      A49       59     1492       0
                text28                              E85      E85       73     1D0A       0
                text27                              F7A      F7A       86     1EF4       0
                text26                             1741     1741       3E     2E82       0
                text25                              198      198      11F        8       0
                text24                             10AE     10AE       12     215C       0
                text23                              AA2      AA2       5A     1544       0
                text22                             16B0     16B0       29     2D60       0
                text21                             1FB1     1FB1        3     3F62       0
                text20                             1FB4     1FB4        3     3F68       0
                text19                             11F0     11F0       1C     23E0       0
                text18                             110D     110D       14     221A       0
                text17                             12C2     12C2       20     2584       0
                text16                             107A     107A       10     20F4       0
                text15                             1662     1662       26     2CC4       0
                text14                             1121     1121       14     2242       0
                text13                             1135     1135       14     226A       0
                text12                             11A3     11A3       19     2346       0
                text11                             1FC5     1FC5        5     3F8A       0
                text10                             1FCF     1FCF        6     3F9E       0
                text9                              1FCA     1FCA        5     3F94       0
                text8                              12E2     12E2       20     25C4       0
                text7                              1FF1     1FF1        7     3FE2       0
                text6                              11D6     11D6       1A     23AC       0
                text5                               7E7      7E7       19      A08       0
                text4                              1000     1000        4     1EF4       0
                text3                              10C0     10C0       12     2180       0
                text2                               D47      D47       66     1A8E       0
                text1                               63B      63B       95      A08       0
                maintext                            38A      38A       C6        8       0
                cstackBANK0                          20       20       3C       20       1
                cstackCOMMON                         70       70        A       70       1
                cstackBANK1                          CE       CE        E       A0       1
                clrtext                            1018     1018        C     2030       0
                inittext                           1024     1024        C     2048       0
                dataBANK2                           120      120       22      120       1
                dataBANK1                            A0       A0       20       A0       1
                bssBANK1                             C0       C0        E       A0       1
                bssBANK0                             5C       5C        8       20       1
                bssCOMMON                            7A       7A        2       70       1
                nvBANK1                              DC       DC        A       A0       1
                stringtext1                         450      450       B4      8A0       0
                idataBANK2                         15F8     15F8       22     2BF0       0
                idataBANK1                         1302     1302       20     2604       0
                idataBIGRAM                         AFC      AFC       5A     15F8       0

TOTAL           Name                               Link     Load   Length     Space
        CLASS   STACK          

        CLASS   CODE           
                end_init                             12       12        2         0
                cinit                                14       14       4D         0
                intentry                              4        4        E         0
                reset_vec                             0        0        2         0
                text120                            104C     104C        F         0
                text119                            1FA8     1FA8        1         0
                text118                            1004     1004        9         0
                text117                            10E5     10E5       14         0
                text115                            108A     108A       12         0
                text114                            1FF8     1FF8        8         0
                text113                            1FAE     1FAE        3         0
                text112                             75E      75E       89         0
                text111                             800      800       1B         0
                text110                            161A     161A       24         0
                text109                             8AB      8AB       51         0
                text108                            109C     109C       12         0
                text107                            16D9     16D9       2D         0
                text106                             6D0      6D0       8E         0
                text105                            1FB7     1FB7        4         0
                text104                            163E     163E       24         0
                text103                            1322     1322       21         0
                text102                             504      504       9F         0
                text101                            1FA9     1FA9        1         0
                text100                             81B      81B       47         0
                text99                             1FAA     1FAA        1         0
                text98                             1246     1246       1E         0
                text97                             118B     118B       18         0
                text96                              E14      E14       71         0
                text95                              2B7      2B7       D3         0
                text94                              5A3      5A3       98         0
                text93                              B56      B56       62         0
                text92                              EF8      EF8       82         0
                text91                             1FAB     1FAB        1         0
                text90                                2        2        2         0
                text89                             1343     1343       21         0
                text88                              C1A      C1A       63         0
                text87                             10D2     10D2       13         0
                text86                             1688     1688       28         0
                text85                             120C     120C       1D         0
                text84                             1264     1264       1E         0
                text83                             1FD5     1FD5        7         0
                text82                             1282     1282       20         0
                text81                             105B     105B        F         0
                text80                             1229     1229       1D         0
                text79                             1FBB     1FBB        5         0
                text78                             177F     177F       3F         0
                text77                             1030     1030        E         0
                text76                             1FC0     1FC0        5         0
                text75                             115E     115E       16         0
                text74                             100D     100D        B         0
                text73                             106A     106A       10         0
                text72                             1364     1364       21         0
                text71                             1385     1385       21         0
                text70                             13A6     13A6       21         0
                text69                             13C7     13C7       21         0
                text68                             13E8     13E8       21         0
                text67                             1409     1409       21         0
                text66                             142A     142A       21         0
                text65                             144B     144B       21         0
                text64                             146C     146C       21         0
                text63                             148D     148D       21         0
                text62                             14AE     14AE       21         0
                text61                             14CF     14CF       21         0
                text60                             14F0     14F0       21         0
                text59                             1511     1511       21         0
                text58                             1532     1532       21         0
                text57                             1553     1553       21         0
                text56                             1574     1574       21         0
                text55                             1595     1595       21         0
                text54                             15B6     15B6       21         0
                text53                             15D7     15D7       21         0
                text52                              CE1      CE1       66         0
                text51                             10F9     10F9       14         0
                text50                              BB8      BB8       62         0
                text49                             103E     103E        E         0
                text48                             1FDC     1FDC        7         0
                text47                             1FE3     1FE3        7         0
                text46                             1174     1174       17         0
                text45                              862      862       49         0
                text44                             1FAC     1FAC        1         0
                text43                             11BC     11BC       1A         0
                text42                             1FEA     1FEA        7         0
                text41                              C7D      C7D       64         0
                text40                             1149     1149       15         0
                text39                             17BE     17BE       42         0
                text38                             1FAD     1FAD        1         0
                text37                             12A2     12A2       20         0
                text36                              9A1      9A1       54         0
                text35                              94E      94E       53         0
                text34                             1706     1706       3B         0
                text33                              9F5      9F5       54         0
                text32                              8FC      8FC       52         0
                text31                              DAD      DAD       67         0
                text30                               61       61      137         0
                text29                              A49      A49       59         0
                text28                              E85      E85       73         0
                text27                              F7A      F7A       86         0
                text26                             1741     1741       3E         0
                text25                              198      198      11F         0
                text24                             10AE     10AE       12         0
                text23                              AA2      AA2       5A         0
                text22                             16B0     16B0       29         0
                text21                             1FB1     1FB1        3         0
                text20                             1FB4     1FB4        3         0
                text19                             11F0     11F0       1C         0
                text18                             110D     110D       14         0
                text17                             12C2     12C2       20         0
                text16                             107A     107A       10         0
                text15                             1662     1662       26         0
                text14                             1121     1121       14         0
                text13                             1135     1135       14         0
                text12                             11A3     11A3       19         0
                text11                             1FC5     1FC5        5         0
                text10                             1FCF     1FCF        6         0
                text9                              1FCA     1FCA        5         0
                text8                              12E2     12E2       20         0
                text7                              1FF1     1FF1        7         0
                text6                              11D6     11D6       1A         0
                text5                               7E7      7E7       19         0
                text4                              1000     1000        4         0
                text3                              10C0     10C0       12         0
                text2                               D47      D47       66         0
                text1                               63B      63B       95         0
                maintext                            38A      38A       C6         0
                clrtext                            1018     1018        C         0
                inittext                           1024     1024        C         0
                idataBANK2                         15F8     15F8       22         0
                idataBANK1                         1302     1302       20         0
                idataBIGRAM                         AFC      AFC       5A         0

        CLASS   STRCODE        
                stringtext1                         450      450       B4         0

        CLASS   STRING         

        CLASS   CONST          

        CLASS   ENTRY          

        CLASS   COMMON         
                cstackCOMMON                         70       70        A         1
                bssCOMMON                            7A       7A        2         1

        CLASS   BANK0          
                cstackBANK0                          20       20       3C         1
                bssBANK0                             5C       5C        8         1

        CLASS   BANK1          
                cstackBANK1                          CE       CE        E         1
                dataBANK1                            A0       A0       20         1
                bssBANK1                             C0       C0        E         1
                nvBANK1                              DC       DC        A         1

        CLASS   BANK2          
                dataBANK2                           120      120       22         1

        CLASS   BANK3          

        CLASS   BANK4          

        CLASS   BANK5          

        CLASS   BANK6          

        CLASS   BANK7          

        CLASS   BANK8          

        CLASS   BANK9          

        CLASS   BANK10         

        CLASS   BANK11         

        CLASS   BANK12         

        CLASS   BIGRAM         

        CLASS   RAM            

        CLASS   ABS1           
                abs_s1                               7E       7E        2         1
                abs_s1                              4B2      4B2       3E         1
                abs_s1                              520      520       50         1
                abs_s1                              5A0      5A0       50         1
                abs_s1                              620      620       30         1
                abs_s1                             22E2     22E2        0         1
                abs_s1                             233C     233C        0         1

        CLASS   SFR0           

        CLASS   SFR1           

        CLASS   SFR2           

        CLASS   SFR3           

        CLASS   SFR4           

        CLASS   SFR5           

        CLASS   SFR6           

        CLASS   SFR7           

        CLASS   SFR8           

        CLASS   SFR9           

        CLASS   SFR10          

        CLASS   SFR11          

        CLASS   SFR12          

        CLASS   SFR13          

        CLASS   SFR14          

        CLASS   SFR15          

        CLASS   SFR16          

        CLASS   SFR17          

        CLASS   SFR18          

        CLASS   SFR19          

        CLASS   SFR20          

        CLASS   SFR21          

        CLASS   SFR22          

        CLASS   SFR23          

        CLASS   SFR24          

        CLASS   SFR25          

        CLASS   SFR26          

        CLASS   SFR27          

        CLASS   SFR28          

        CLASS   SFR29          

        CLASS   SFR30          

        CLASS   SFR31          

        CLASS   CONFIG         
                config                             8007     8007        2         4

        CLASS   IDLOC          
                idloc                              8000     8000        4         5

        CLASS   EEDATA         

        CLASS   BANK31         

        CLASS   BANK30         

        CLASS   BANK29         

        CLASS   BANK28         

        CLASS   BANK27         

        CLASS   BANK26         

        CLASS   BANK25         

        CLASS   BANK24         

        CLASS   BANK23         

        CLASS   BANK22         

        CLASS   BANK21         

        CLASS   BANK20         

        CLASS   BANK19         

        CLASS   BANK18         

        CLASS   BANK17         

        CLASS   BANK16         

        CLASS   BANK15         

        CLASS   BANK14         

        CLASS   BANK13         



SEGMENTS        Name                           Load    Length   Top    Selector   Space  Class     Delta

                idataBANK1                     001302  000020  001322      2604       0  CODE        2
                text103                        001322  000021  001343      2644       0  CODE        2
                text8                          0012E2  000020  001302      25C4       0  CODE        2
                text37                         0012A2  000020  0012C2      2544       0  CODE        2
                text17                         0012C2  000020  0012E2      2584       0  CODE        2
                text70                         0013A6  000021  0013C7      274C       0  CODE        2
                text69                         0013C7  000021  0013E8      278E       0  CODE        2
                text71                         001385  000021  0013A6      270A       0  CODE        2
                text89                         001343  000021  001364      2686       0  CODE        2
                text72                         001364  000021  001385      26C8       0  CODE        2
                text82                         001282  000020  0012A2      2504       0  CODE        2
                text6                          0011D6  00001A  0011F0      23AC       0  CODE        2
                text111                        000800  00001B  00081B      1000       0  CODE        2
                text43                         0011BC  00001A  0011D6      2378       0  CODE        2
                text97                         00118B  000018  0011A3      2316       0  CODE        2
                text12                         0011A3  000019  0011BC      2346       0  CODE        2
                text98                         001246  00001E  001264      248C       0  CODE        2
                text84                         001264  00001E  001282      24C8       0  CODE        2
                text80                         001229  00001D  001246      2452       0  CODE        2
                text19                         0011F0  00001C  00120C      23E0       0  CODE        2
                text85                         00120C  00001D  001229      2418       0  CODE        2
                text68                         0013E8  000021  001409      27D0       0  CODE        2
                text53                         0015D7  000021  0015F8      2BAE       0  CODE        2
                idataBANK2                     0015F8  000022  00161A      2BF0       0  CODE        2
                text54                         0015B6  000021  0015D7      2B6C       0  CODE        2
                text56                         001574  000021  001595      2AE8       0  CODE        2
                text55                         001595  000021  0015B6      2B2A       0  CODE        2
                text86                         001688  000028  0016B0      2D10       0  CODE        2
                text22                         0016B0  000029  0016D9      2D60       0  CODE        2
                text15                         001662  000026  001688      2CC4       0  CODE        2
                text110                        00161A  000024  00163E      2C34       0  CODE        2
                text104                        00163E  000024  001662      2C7C       0  CODE        2
                text57                         001553  000021  001574      2AA6       0  CODE        2
                text64                         00146C  000021  00148D      28D8       0  CODE        2
                text63                         00148D  000021  0014AE      291A       0  CODE        2
                text65                         00144B  000021  00146C      2896       0  CODE        2
                text67                         001409  000021  00142A      2812       0  CODE        2
                text66                         00142A  000021  00144B      2854       0  CODE        2
                text59                         001511  000021  001532      2A22       0  CODE        2
                text58                         001532  000021  001553      2A64       0  CODE        2
                text60                         0014F0  000021  001511      29E0       0  CODE        2
                text62                         0014AE  000021  0014CF      295C       0  CODE        2
                text61                         0014CF  000021  0014F0      299E       0  CODE        2
                text46                         001174  000017  00118B      22E8       0  CODE        2
                text10                         001FCF  000006  001FD5      3F9E       0  CODE        2
                text83                         001FD5  000007  001FDC      3FAA       0  CODE        2
                text9                          001FCA  000005  001FCF      3F94       0  CODE        2
                text76                         001FC0  000005  001FC5      3F80       0  CODE        2
                text11                         001FC5  000005  001FCA      3F8A       0  CODE        2
                text7                          001FF1  000007  001FF8      3FE2       0  CODE        2
                text114                        001FF8  000008  002000      3FF0       0  CODE        2
                text42                         001FEA  000007  001FF1      3FD4       0  CODE        2
                text48                         001FDC  000007  001FE3      3FB8       0  CODE        2
                text47                         001FE3  000007  001FEA      3FC6       0  CODE        2
                text79                         001FBB  000005  001FC0      3F76       0  CODE        2
                text91                         001FAB  000001  001FAC      3F56       0  CODE        2
                text44                         001FAC  000001  001FAD      3F58       0  CODE        2
                text99                         001FAA  000001  001FAB      3F54       0  CODE        2
                text119                        001FA8  000001  001FA9      3F50       0  CODE        2
                text101                        001FA9  000001  001FAA      3F52       0  CODE        2
                text20                         001FB4  000003  001FB7      3F68       0  CODE        2
                text105                        001FB7  000004  001FBB      3F6E       0  CODE        2
                text21                         001FB1  000003  001FB4      3F62       0  CODE        2
                text38                         001FAD  000001  001FAE      3F5A       0  CODE        2
                text113                        001FAE  000003  001FB1      3F5C       0  CODE        2
                text118                        001004  000009  00100D      2008       0  CODE        2
                text117                        0010E5  000014  0010F9      21CA       0  CODE        2
                text51                         0010F9  000014  00110D      21F2       0  CODE        2
                text87                         0010D2  000013  0010E5      21A4       0  CODE        2
                text24                         0010AE  000012  0010C0      215C       0  CODE        2
                text3                          0010C0  000012  0010D2      2180       0  CODE        2
                text40                         001149  000015  00115E      2292       0  CODE        2
                text75                         00115E  000016  001174      22BC       0  CODE        2
                text13                         001135  000014  001149      226A       0  CODE        2
                text18                         00110D  000014  001121      221A       0  CODE        2
                text14                         001121  000014  001135      2242       0  CODE        2
                text108                        00109C  000012  0010AE      2138       0  CODE        2
                text77                         001030  00000E  00103E      2060       0  CODE        2
                text49                         00103E  00000E  00104C      207C       0  CODE        2
                inittext                       001024  00000C  001030      2048       0  CODE        2
                text74                         00100D  00000B  001018      201A       0  CODE        2
                clrtext                        001018  00000C  001024      2030       0  CODE        2
                text16                         00107A  000010  00108A      20F4       0  CODE        2
                text115                        00108A  000012  00109C      2114       0  CODE        2
                text73                         00106A  000010  00107A      20D4       0  CODE        2
                text120                        00104C  00000F  00105B      2098       0  CODE        2
                text81                         00105B  00000F  00106A      20B6       0  CODE        2
                reset_vec                      000000  000004  000004         0       0  CODE        2
                cstackBANK0                    000020  000044  000064        20       1  BANK0       1
                dataBANK1                      0000A0  000046  0000E6        A0       1  BANK1       1
                dataBANK2                      000120  000022  000142       120       1  BANK2       1
                cstackCOMMON                   000070  00000C  00007C        70       1  COMMON      1
                intentry                       000004  00044C  000450         8       0  CODE        2
                idataBIGRAM                    000AFC  00005A  000B56      15F8       0  CODE        2
                text93                         000B56  000062  000BB8      16AC       0  CODE        2
                text23                         000AA2  00005A  000AFC      1544       0  CODE        2
                text33                         0009F5  000054  000A49      13EA       0  CODE        2
                text29                         000A49  000059  000AA2      1492       0  CODE        2
                text52                         000CE1  000066  000D47      19C2       0  CODE        2
                text2                          000D47  000066  000DAD      1A8E       0  CODE        2
                text41                         000C7D  000064  000CE1      18FA       0  CODE        2
                text50                         000BB8  000062  000C1A      1770       0  CODE        2
                text88                         000C1A  000063  000C7D      1834       0  CODE        2
                text36                         0009A1  000054  0009F5      1342       0  CODE        2
                text78                         00177F  00003F  0017BE      2EFE       0  CODE        2
                text39                         0017BE  000042  001800      2F7C       0  CODE        2
                text26                         001741  00003E  00177F      2E82       0  CODE        2
                text107                        0016D9  00002D  001706      2DB2       0  CODE        2
                text34                         001706  00003B  001741      2E0C       0  CODE        2
                text32                         0008FC  000052  00094E      11F8       0  CODE        2
                text35                         00094E  000053  0009A1      129C       0  CODE        2
                text109                        0008AB  000051  0008FC      1156       0  CODE        2
                text100                        00081B  000047  000862      1036       0  CODE        2
                text45                         000862  000049  0008AB      10C4       0  CODE        2
                text31                         000DAD  000067  000E14      1B5A       0  CODE        2
                text27                         000F7A  00008A  001004      1EF4       0  CODE        2
                text102                        000504  0002FC  000800       A08       0  CODE        2
                text92                         000EF8  000082  000F7A      1DF0       0  CODE        2
                text96                         000E14  000071  000E85      1C28       0  CODE        2
                text28                         000E85  000073  000EF8      1D0A       0  CODE        2
                stringtext1                    000450  0000B4  000504       8A0       0  STRCODE     2


UNUSED ADDRESS RANGES

        Name                Unused          Largest block    Delta
        BANK0            00064-0006F               C           1
        BANK1            000E6-000EF               A           1
        BANK2            00142-0016F              2E           1
        BANK3            001A0-001EF              50           1
        BANK4            00220-0026F              50           1
        BANK5            002A0-002EF              50           1
        BANK6            00320-0036F              50           1
        BANK7            003A0-003EF              50           1
        BANK8            00420-0046F              50           1
        BANK9            004A0-004B1              12           1
        BIGRAM           02000-023EF             3F0           1
        CODE             01800-01FA7             7A8           2
                         02000-03FFF             800
        COMMON           0007C-0007D               2           1
        CONST            01800-01FA7             100           2
                         02000-03FFF             100
        EEDATA           0F000-0F0FF             100           2
        ENTRY            01800-01FA7             100           2
                         02000-03FFF             100
        RAM              00064-0006F               C           1
                         000E6-000EF               A
                         00142-0016F              2E
                         001A0-001EF              50
                         00220-0026F              50
                         002A0-002EF              50
                         00320-0036F              50
                         003A0-003EF              50
                         00420-0046F              50
                         004A0-004B1              12
        SFR0             00000-0001F              20           1
        SFR1             00080-0009F              20           1
        SFR10            00500-0051F              20           1
        SFR11            00580-0059F              20           1
        SFR12            00600-0061F              20           1
        SFR13            00680-006EF              70           1
        SFR14            00700-0076F              70           1
        SFR15            00780-007EF              70           1
        SFR16            00800-0086F              70           1
        SFR17            00880-008EF              70           1
        SFR18            00900-0096F              70           1
        SFR19            00980-009EF              70           1
        SFR2             00100-0011F              20           1
        SFR20            00A00-00A6F              70           1
        SFR21            00A80-00AEF              70           1
        SFR22            00B00-00B6F              70           1
        SFR23            00B80-00BEF              70           1
        SFR24            00C00-00C6F              70           1
        SFR25            00C80-00CEF              70           1
        SFR26            00D00-00D6F              70           1
        SFR27            00D80-00DEF              70           1
        SFR28            00E00-00E6F              70           1
        SFR29            00E80-00EEF              70           1
        SFR3             00180-0019F              20           1
        SFR30            00F00-00F6F              70           1
        SFR31            00F80-00FEF              70           1
        SFR4             00200-0021F              20           1
        SFR5             00280-0029F              20           1
        SFR6             00300-0031F              20           1
        SFR7             00380-0039F              20           1
        SFR8             00400-0041F              20           1
        SFR9             00480-0049F              20           1
        STACK            020C2-022E1             220           1
        STRCODE          01800-01FA7             7A8           2
                         02000-03FFF            2000
        STRING           01800-01FA7             100           2
                         02000-03FFF             100

                                  Symbol Table

?_Button_Unscaled_Deviation_Get                       cstackCOMMON 00072
?_MTOUCH_Sensor_RawSample_Get                         cstackCOMMON 00078
?_MTOUCH_Slider_Position_Get                          cstackCOMMON 00072
?_Slider_FindLeft                                     cstackBANK0  00024
?_Slider_FindMiddle                                   cstackBANK0  00024
?_Slider_FindRight                                    cstackBANK0  00024
?___fltol                                             cstackCOMMON 00072
?___wmul                                              cstackCOMMON 00072
?___xxtofl                                            cstackCOMMON 00072
?_abs                                                 cstackCOMMON 00072
?_calculate_contact_size                              cstackBANK0  00030
?_calculate_position                                  cstackBANK0  0003F
?_calculate_raw_position                              cstackBANK0  0002D
?_divide                                              cstackCOMMON 00072
?_get_difference                                      cstackCOMMON 00072
?_interpolate                                         cstackBANK0  00020
?_moving_average_filter                               cstackBANK0  0002A
?_positional_hysteresis                               cstackBANK0  0002A
Button_Baseline_Initialize@button                     cstackBANK0  00025
Button_Baseline_Update@button                         cstackCOMMON 00072
Button_Check_AKS_Block@button                         cstackBANK0  00024
Button_Check_AKS_Block@check_button                   cstackBANK0  0002D
Button_Check_AKS_Block@currentAKSGroup                cstackBANK0  0002A
Button_Check_AKS_Block@surplus_deviation_check_button cstackBANK0  0002B
Button_Check_AKS_Block@surplus_deviation_this_button  cstackBANK0  00028
Button_DefaultCallback@button                         cstackCOMMON 00072
Button_Deviation_Update@button                        cstackCOMMON 00072
Button_Deviation_Update@deviation                     cstackCOMMON 00074
Button_Reading_Update@button                          cstackBANK0  00029
Button_Reading_Update_Helper@button                   cstackBANK0  00025
Button_Reburst_Request@button                         cstackCOMMON 00078
Button_Service@button                                 cstackBANK0  0003A
Button_Service@name                                   cstackBANK0  00039
Button_State_Disabled@button                          cstackBANK0  0002F
Button_State_Initializing@button                      cstackBANK0  0002F
Button_State_NotPressed@button                        cstackBANK0  0002F
Button_State_PressDebounce@button                     cstackBANK0  0002F
Button_State_Pressed@button                           cstackBANK0  0002F
Button_State_ReleaseDebounce@button                   cstackBANK0  0002F
Button_State_Suspended@button                         cstackBANK0  0002F
Button_Tick_helper@button                             cstackBANK0  00024
Button_Unscaled_Deviation_Get@button                  cstackCOMMON 00072
DELAY_milliseconds@milliseconds                       cstackCOMMON 00072
EUSART_SetErrorHandler@interruptHandler               cstackCOMMON 00072
EUSART_SetFramingErrorHandler@interruptHandler        cstackCOMMON 00072
EUSART_SetOverrunErrorHandler@interruptHandler        cstackCOMMON 00072
EUSART_Write@txData                                   cstackCOMMON 00072
MTOUCH_Button_Deviation_Get@name                      cstackCOMMON 00078
MTOUCH_Button_Initialize@button                       cstackBANK0  00025
MTOUCH_Button_Initialize@name                         cstackBANK0  00024
MTOUCH_Button_InitializeAll@button                    cstackBANK0  00027
MTOUCH_Button_Reburst_Request@button                  cstackBANK0  00024
MTOUCH_Button_ServiceAll@button                       cstackBANK0  0003D
MTOUCH_Button_Tick@i                                  cstackBANK0  0002E
MTOUCH_Button_isPressed@name                          cstackCOMMON 00079
MTOUCH_Delay@i                                        cstackCOMMON 00073
MTOUCH_Random@seed                                    bssCOMMON    0007A
MTOUCH_Sensor_Disable@sensor                          cstackCOMMON 00078
MTOUCH_Sensor_Enable@sensor                           cstackCOMMON 00078
MTOUCH_Sensor_Initialize@sensor                       cstackBANK0  00028
MTOUCH_Sensor_InitializeAll@sensor                    cstackBANK0  0002A
MTOUCH_Sensor_RawSample_Get@name                      cstackBANK0  00024
MTOUCH_Sensor_SampleAll@sensor                        cstackBANK0  00038
MTOUCH_Sensor_Sampled_ResetAll@sensor                 cstackBANK0  00022
MTOUCH_Sensor_isEnabled@sensor                        cstackCOMMON 00078
MTOUCH_Sensor_wasSampled@sensor                       cstackCOMMON 00078
MTOUCH_Slider_InitializeAll@slider                    cstackCOMMON 00076
MTOUCH_Slider_Position_Get@sliderName                 cstackCOMMON 00074
MTOUCH_Slider_Reburst_Service@sliderName              cstackBANK0  00026
MTOUCH_Slider_ServiceAll@slider                       cstackBANK0  00057
MTOUCH_Slider_isPositionChanged@sliderName            cstackCOMMON 00072
MTOUCH_Slider_isPressed@sliderName                    cstackCOMMON 00073
MTOUCH_Slider_isReburstRequest@sliderName             cstackCOMMON 00072
MTOUCH_needReburst@needReburst                        cstackBANK0  00028
Sensor_Acq_ExecutePacket@ADCON0_temp                  cstackBANK0  00027
Sensor_Acq_ExecutePacket@ADCON1_temp                  cstackBANK0  00028
Sensor_Acq_ExecutePacket@GIE_state                    cstackBANK0  00029
Sensor_Acq_ExecutePacket@error                        cstackBANK0  0002A
Sensor_Acq_ExecutePacket@sensor                       cstackBANK0  00024
Sensor_Acq_ExecuteScan@result                         cstackCOMMON 00078
Sensor_Acquisition@retry                              cstackBANK0  0002E
Sensor_Acquisition@sensor                             cstackBANK0  0002B
Sensor_DefaultCallback@sensor                         cstackCOMMON 00072
Sensor_RawSample_Update@sensor                        cstackCOMMON 00072
Sensor_Sampled_Reset@sensor                           cstackCOMMON 00078
Sensor_Service@error                                  cstackBANK0  00034
Sensor_Service@name                                   cstackBANK0  00033
Sensor_Service@sensor                                 cstackBANK0  00035
Sensor_isEnabled@sensor                               cstackCOMMON 00072
Sensor_setActive@sensor                               cstackCOMMON 00072
Sensor_setInactive@sensor                             cstackCOMMON 00072
Sensor_setSampled@sensor                              cstackCOMMON 00072
Sensor_setScanFunction@sensor                         cstackCOMMON 00072
Slider_DefaultCallback@slider                         cstackCOMMON 00072
Slider_FindLeft@ref_node                              cstackBANK0  00027
Slider_FindLeft@slider                                cstackBANK0  00026
Slider_FindMiddle@channelDelta                        cstackBANK0  0002A
Slider_FindMiddle@i                                   cstackBANK0  0002E
Slider_FindMiddle@maximumDelta                        cstackBANK0  0002C
Slider_FindMiddle@slider                              cstackBANK0  0002F
Slider_FindRight@ref_node                             cstackBANK0  0002A
Slider_FindRight@slider                               cstackBANK0  0002B
Slider_Initialize@slider                              cstackCOMMON 00074
Slider_Initialize@sliderName                          cstackCOMMON 00073
Slider_Service@group_status                           cstackBANK0  0004D
Slider_Service@position                               cstackBANK0  0004F
Slider_Service@segment                                cstackBANK0  00052
Slider_Service@slider                                 cstackBANK0  00055
Slider_Service@sliderName                             cstackBANK0  00054
Slider_Service@status                                 cstackBANK0  00051
Slider_Service@valid_contact_found                    cstackBANK0  0004E
TMR1_SetInterruptHandler@InterruptHandler             cstackCOMMON 00072
TMR1_WriteTimer@timerVal                              cstackCOMMON 00070
_ADCON0                                               (abs)        0009D
_ADCON0bits                                           (abs)        0009D
_ADCON1                                               (abs)        0009E
_ADRES                                                (abs)        0009B
_ANSELA                                               (abs)        0018C
_ANSELB                                               (abs)        0018D
_APFCON                                               (abs)        0011D
_BAUDCON                                              (abs)        0019F
_BORCON                                               (abs)        00116
_Button_Baseline_Initialize                           text107      016D9
_Button_Baseline_Update                               text106      006D0
_Button_Check_AKS_Block                               text102      00504
_Button_DefaultCallback                               text99       01FAA
_Button_Deviation_Update                              text112      0075E
_Button_Reading_Update                                text108      0109C
_Button_Reading_Update_Helper                         text109      008AB
_Button_Reburst_Clear                                 text113      01FAE
_Button_Reburst_Request                               text105      01FB7
_Button_Service                                       text88       00C1A
_Button_StateMachine                                  dataBANK1    000A0
_Button_State_Disabled                                text91       01FAB
_Button_State_Initializing                            text96       00E14
_Button_State_NotPressed                              text95       002B7
_Button_State_PressDebounce                           text94       005A3
_Button_State_Pressed                                 text93       00B56
_Button_State_ReleaseDebounce                         text92       00EF8
_Button_State_Suspended                               text97       0118B
_Button_Tick_helper                                   text23       00AA2
_Button_Unscaled_Deviation_Get                        text104      0163E
_DELAY_milliseconds                                   text115      0108A
_EUSART_DefaultErrorHandler                           (abs)        00000
_EUSART_DefaultFramingErrorHandler                    (abs)        00000
_EUSART_DefaultOverrunErrorHandler                    (abs)        00000
_EUSART_ErrorHandler                                  nvBANK1      000E0
_EUSART_FramingErrorHandler                           nvBANK1      000E4
_EUSART_Initialize                                    text8        012E2
_EUSART_OverrunErrorHandler                           nvBANK1      000E2
_EUSART_SetErrorHandler                               text11       01FC5
_EUSART_SetFramingErrorHandler                        text10       01FCF
_EUSART_SetOverrunErrorHandler                        text9        01FCA
_EUSART_Write                                         text114      01FF8
_GIE                                                  (abs)        0005F
_INTCONbits                                           (abs)        0000B
_INTERRUPT_InterruptManager                           intentry     00004
_LATA                                                 (abs)        0010C
_LATB                                                 (abs)        0010D
_LATC                                                 (abs)        0010E
_LATCbits                                             (abs)        0010E
_LATE                                                 (abs)        00110
_MTOUCH_Button_Deviation_Get                          text37       012A2
_MTOUCH_Button_Initialize                             text100      0081B
_MTOUCH_Button_InitializeAll                          text85       0120C
_MTOUCH_Button_Reburst_Request                        text19       011F0
_MTOUCH_Button_Reburst_Service                        text20       01FB4
_MTOUCH_Button_ServiceAll                             text87       010D2
_MTOUCH_Button_Tick                                   text22       016B0
_MTOUCH_Button_Tick$2906                              cstackBANK0  0002C
_MTOUCH_Button_isPressed                              text39       017BE
_MTOUCH_Button_isPressed$955                          cstackCOMMON 00078
_MTOUCH_CVD_ScanA_0                                   text71       01385
_MTOUCH_CVD_ScanA_1                                   text70       013A6
_MTOUCH_CVD_ScanA_2                                   text69       013C7
_MTOUCH_CVD_ScanA_3                                   text68       013E8
_MTOUCH_CVD_ScanA_4                                   text67       01409
_MTOUCH_CVD_ScanA_5                                   text66       0142A
_MTOUCH_CVD_ScanA_6                                   text65       0144B
_MTOUCH_CVD_ScanA_7                                   text64       0146C
_MTOUCH_CVD_ScanA_8                                   text63       0148D
_MTOUCH_CVD_ScanA_9                                   text72       01364
_MTOUCH_CVD_ScanB_0                                   text61       014CF
_MTOUCH_CVD_ScanB_1                                   text60       014F0
_MTOUCH_CVD_ScanB_2                                   text59       01511
_MTOUCH_CVD_ScanB_3                                   text58       01532
_MTOUCH_CVD_ScanB_4                                   text57       01553
_MTOUCH_CVD_ScanB_5                                   text56       01574
_MTOUCH_CVD_ScanB_6                                   text55       01595
_MTOUCH_CVD_ScanB_7                                   text54       015B6
_MTOUCH_CVD_ScanB_8                                   text53       015D7
_MTOUCH_CVD_ScanB_9                                   text62       014AE
_MTOUCH_Delay                                         text74       0100D
_MTOUCH_Initialize                                    text75       0115E
_MTOUCH_Random                                        text73       0106A
_MTOUCH_ScanScheduler                                 text118      01004
_MTOUCH_Sensor_Calibrate                              text101      01FA9
_MTOUCH_Sensor_Disable                                text98       01246
_MTOUCH_Sensor_Enable                                 text84       01264
_MTOUCH_Sensor_Initialize                             text82       01282
_MTOUCH_Sensor_InitializeAll                          text81       0105B
_MTOUCH_Sensor_RawSample_Get                          text110      0161A
_MTOUCH_Sensor_SampleAll                              text40       01149
_MTOUCH_Sensor_Sampled_ResetAll                       text80       01229
_MTOUCH_Sensor_Scan_Initialize                        text79       01FBB
_MTOUCH_Sensor_isCalibrated                           text90       00002
_MTOUCH_Sensor_isEnabled                              text103      01322
_MTOUCH_Sensor_wasSampled                             text89       01343
_MTOUCH_Service_Mainloop                              text15       01662
_MTOUCH_Slider_InitializeAll                          text77       01030
_MTOUCH_Slider_Position_Get                           text14       01121
_MTOUCH_Slider_Reburst_Service                        text17       012C2
_MTOUCH_Slider_ServiceAll                             text24       010AE
_MTOUCH_Slider_isPositionChanged                      text13       01135
_MTOUCH_Slider_isPressed                              text12       011A3
_MTOUCH_Slider_isReburstRequest                       text18       0110D
_MTOUCH_Tick                                          text21       01FB1
_MTOUCH_needReburst                                   text16       0107A
_OPTION_REGbits                                       (abs)        00095
_OSCCON                                               (abs)        00099
_OSCILLATOR_Initialize                                text7        01FF1
_OSCTUNE                                              (abs)        00098
_PIE1bits                                             (abs)        00091
_PIN_MANAGER_Initialize                               text6        011D6
_PIR1bits                                             (abs)        00011
_RCSTA                                                (abs)        0019D
_SPBRGH                                               (abs)        0019C
_SPBRGL                                               (abs)        0019B
_SYSTEM_Initialize                                    text3        010C0
_Sensor_Acq_ExecutePacket                             text50       00BB8
_Sensor_Acq_ExecuteScan                               text52       00CE1
_Sensor_Acquisition                                   text45       00862
_Sensor_DefaultCallback                               text44       01FAC
_Sensor_RawSample_Update                              text43       011BC
_Sensor_Sampled_Reset                                 text83       01FD5
_Sensor_Service                                       text41       00C7D
_Sensor_isEnabled                                     text49       0103E
_Sensor_scanA                                         dataBANK1    000BA
_Sensor_scanB                                         dataBANK1    000B8
_Sensor_setActive                                     text48       01FDC
_Sensor_setInactive                                   text47       01FE3
_Sensor_setSampled                                    text42       01FEA
_Sensor_setScanFunction                               text51       010F9
_Slider_DefaultCallback                               text38       01FAD
_Slider_FindLeft                                      text36       009A1
_Slider_FindMiddle                                    text35       0094E
_Slider_FindRight                                     text34       01706
_Slider_Initialize                                    text78       0177F
_Slider_Service                                       text25       00198
_T1CON                                                (abs)        00018
_T1CONbits                                            (abs)        00018
_T1GCON                                               (abs)        00019
_TMR1H                                                (abs)        00017
_TMR1L                                                (abs)        00016
_TMR1_DefaultInterruptHandler                         text119      01FA8
_TMR1_ISR                                             text117      010E5
_TMR1_Initialize                                      text5        007E7
_TMR1_InterruptHandler                                nvBANK1      000DC
_TMR1_SetInterruptHandler                             text76       01FC0
_TMR1_WriteTimer                                      text120      0104C
_TRISA                                                (abs)        0008C
_TRISB                                                (abs)        0008D
_TRISC                                                (abs)        0008E
_TRISE                                                (abs)        00090
_TXREG                                                (abs)        0019A
_TXSTA                                                (abs)        0019E
_WDTCON                                               (abs)        00097
_WDT_Initialize                                       text4        01000
_WPUB                                                 (abs)        0020D
_WPUE                                                 (abs)        00210
__Habs1                                               abs1         00000
__Hbank0                                              bank0        00000
__Hbank1                                              bank1        00000
__Hbank10                                             bank10       00000
__Hbank11                                             bank11       00000
__Hbank12                                             bank12       00000
__Hbank13                                             bank13       00000
__Hbank14                                             bank14       00000
__Hbank15                                             bank15       00000
__Hbank16                                             bank16       00000
__Hbank17                                             bank17       00000
__Hbank18                                             bank18       00000
__Hbank19                                             bank19       00000
__Hbank2                                              bank2        00000
__Hbank20                                             bank20       00000
__Hbank21                                             bank21       00000
__Hbank22                                             bank22       00000
__Hbank23                                             bank23       00000
__Hbank24                                             bank24       00000
__Hbank25                                             bank25       00000
__Hbank26                                             bank26       00000
__Hbank27                                             bank27       00000
__Hbank28                                             bank28       00000
__Hbank29                                             bank29       00000
__Hbank3                                              bank3        00000
__Hbank30                                             bank30       00000
__Hbank31                                             bank31       00000
__Hbank4                                              bank4        00000
__Hbank5                                              bank5        00000
__Hbank6                                              bank6        00000
__Hbank7                                              bank7        00000
__Hbank8                                              bank8        00000
__Hbank9                                              bank9        00000
__Hbigram                                             bigram       00000
__HbssBANK0                                           bssBANK0     00000
__HbssBANK1                                           bssBANK1     00000
__HbssCOMMON                                          bssCOMMON    00000
__Hcinit                                              cinit        00061
__Hclrtext                                            clrtext      00000
__Hcode                                               code         00000
__Hcommon                                             common       00000
__Hconfig                                             config       08009
__HcstackBANK0                                        cstackBANK0  00000
__HcstackBANK1                                        cstackBANK1  00000
__HcstackCOMMON                                       cstackCOMMON 00000
__HdataBANK1                                          dataBANK1    00000
__HdataBANK2                                          dataBANK2    00000
__Heeprom_data                                        eeprom_data  00000
__Hend_init                                           end_init     00014
__Hfunctab                                            functab      00000
__HidataBANK1                                         idataBANK1   00000
__HidataBANK2                                         idataBANK2   00000
__HidataBIGRAM                                        idataBIGRAM  00000
__Hidloc                                              idloc        08004
__Hinit                                               init         00012
__Hinittext                                           inittext     00000
__Hintentry                                           intentry     00012
__Hmaintext                                           maintext     00000
__HnvBANK1                                            nvBANK1      00000
__Hpowerup                                            powerup      00000
__Hram                                                ram          00000
__Hreset_vec                                          reset_vec    00002
__Hsfr0                                               sfr0         00000
__Hsfr1                                               sfr1         00000
__Hsfr10                                              sfr10        00000
__Hsfr11                                              sfr11        00000
__Hsfr12                                              sfr12        00000
__Hsfr13                                              sfr13        00000
__Hsfr14                                              sfr14        00000
__Hsfr15                                              sfr15        00000
__Hsfr16                                              sfr16        00000
__Hsfr17                                              sfr17        00000
__Hsfr18                                              sfr18        00000
__Hsfr19                                              sfr19        00000
__Hsfr2                                               sfr2         00000
__Hsfr20                                              sfr20        00000
__Hsfr21                                              sfr21        00000
__Hsfr22                                              sfr22        00000
__Hsfr23                                              sfr23        00000
__Hsfr24                                              sfr24        00000
__Hsfr25                                              sfr25        00000
__Hsfr26                                              sfr26        00000
__Hsfr27                                              sfr27        00000
__Hsfr28                                              sfr28        00000
__Hsfr29                                              sfr29        00000
__Hsfr3                                               sfr3         00000
__Hsfr30                                              sfr30        00000
__Hsfr31                                              sfr31        00000
__Hsfr4                                               sfr4         00000
__Hsfr5                                               sfr5         00000
__Hsfr6                                               sfr6         00000
__Hsfr7                                               sfr7         00000
__Hsfr8                                               sfr8         00000
__Hsfr9                                               sfr9         00000
__Hspace_0                                            (abs)        02000
__Hspace_1                                            (abs)        00142
__Hspace_2                                            (abs)        00000
__Hspace_3                                            (abs)        00000
__Hspace_4                                            (abs)        10010
__Hstack                                              stack        00000
__Hstrings                                            strings      00000
__Hstringtext1                                        stringtext1  00000
__Htext                                               text         00000
__Labs1                                               abs1         00000
__Lbank0                                              bank0        00000
__Lbank1                                              bank1        00000
__Lbank10                                             bank10       00000
__Lbank11                                             bank11       00000
__Lbank12                                             bank12       00000
__Lbank13                                             bank13       00000
__Lbank14                                             bank14       00000
__Lbank15                                             bank15       00000
__Lbank16                                             bank16       00000
__Lbank17                                             bank17       00000
__Lbank18                                             bank18       00000
__Lbank19                                             bank19       00000
__Lbank2                                              bank2        00000
__Lbank20                                             bank20       00000
__Lbank21                                             bank21       00000
__Lbank22                                             bank22       00000
__Lbank23                                             bank23       00000
__Lbank24                                             bank24       00000
__Lbank25                                             bank25       00000
__Lbank26                                             bank26       00000
__Lbank27                                             bank27       00000
__Lbank28                                             bank28       00000
__Lbank29                                             bank29       00000
__Lbank3                                              bank3        00000
__Lbank30                                             bank30       00000
__Lbank31                                             bank31       00000
__Lbank4                                              bank4        00000
__Lbank5                                              bank5        00000
__Lbank6                                              bank6        00000
__Lbank7                                              bank7        00000
__Lbank8                                              bank8        00000
__Lbank9                                              bank9        00000
__Lbigram                                             bigram       00000
__LbssBANK0                                           bssBANK0     00000
__LbssBANK1                                           bssBANK1     00000
__LbssCOMMON                                          bssCOMMON    00000
__Lcinit                                              cinit        00014
__Lclrtext                                            clrtext      00000
__Lcode                                               code         00000
__Lcommon                                             common       00000
__Lconfig                                             config       00000
__LcstackBANK0                                        cstackBANK0  00000
__LcstackBANK1                                        cstackBANK1  00000
__LcstackCOMMON                                       cstackCOMMON 00000
__LdataBANK1                                          dataBANK1    00000
__LdataBANK2                                          dataBANK2    00000
__Leeprom_data                                        eeprom_data  00000
__Lend_init                                           end_init     00012
__Lfunctab                                            functab      00000
__LidataBANK1                                         idataBANK1   00000
__LidataBANK2                                         idataBANK2   00000
__LidataBIGRAM                                        idataBIGRAM  00000
__Lidloc                                              idloc        00000
__Linit                                               init         00012
__Linittext                                           inittext     00000
__Lintentry                                           intentry     00004
__Lmaintext                                           maintext     00000
__LnvBANK1                                            nvBANK1      00000
__Lpowerup                                            powerup      00000
__Lram                                                ram          00000
__Lreset_vec                                          reset_vec    00000
__Lsfr0                                               sfr0         00000
__Lsfr1                                               sfr1         00000
__Lsfr10                                              sfr10        00000
__Lsfr11                                              sfr11        00000
__Lsfr12                                              sfr12        00000
__Lsfr13                                              sfr13        00000
__Lsfr14                                              sfr14        00000
__Lsfr15                                              sfr15        00000
__Lsfr16                                              sfr16        00000
__Lsfr17                                              sfr17        00000
__Lsfr18                                              sfr18        00000
[...]
__size_of_MTOUCH_Sensor_isCalibrated                  (abs)        00000
__size_of_MTOUCH_Sensor_isEnabled                     (abs)        00000
__size_of_MTOUCH_Sensor_wasSampled                    (abs)        00000
__size_of_MTOUCH_Service_Mainloop                     (abs)        00000
__size_of_MTOUCH_Slider_InitializeAll                 (abs)        00000
__size_of_MTOUCH_Slider_Position_Get                  (abs)        00000
__size_of_MTOUCH_Slider_Reburst_Service               (abs)        00000
__size_of_MTOUCH_Slider_ServiceAll                    (abs)        00000
__size_of_MTOUCH_Slider_isPositionChanged             (abs)        00000
__size_of_MTOUCH_Slider_isPressed                     (abs)        00000
__size_of_MTOUCH_Slider_isReburstRequest              (abs)        00000
__size_of_MTOUCH_Tick                                 (abs)        00000
__size_of_MTOUCH_needReburst                          (abs)        00000
__size_of_OSCILLATOR_Initialize                       (abs)        00000
__size_of_PIN_MANAGER_Initialize                      (abs)        00000
__size_of_SYSTEM_Initialize                           (abs)        00000
__size_of_Sensor_Acq_ExecutePacket                    (abs)        00000
__size_of_Sensor_Acq_ExecuteScan                      (abs)        00000
__size_of_Sensor_Acquisition                          (abs)        00000
__size_of_Sensor_DefaultCallback                      (abs)        00000
__size_of_Sensor_RawSample_Update                     (abs)        00000
__size_of_Sensor_Sampled_Reset                        (abs)        00000
__size_of_Sensor_Service                              (abs)        00000
__size_of_Sensor_isEnabled                            (abs)        00000
__size_of_Sensor_setActive                            (abs)        00000
__size_of_Sensor_setInactive                          (abs)        00000
__size_of_Sensor_setSampled                           (abs)        00000
__size_of_Sensor_setScanFunction                      (abs)        00000
__size_of_Slider_DefaultCallback                      (abs)        00000
__size_of_Slider_FindLeft                             (abs)        00000
__size_of_Slider_FindMiddle                           (abs)        00000
__size_of_Slider_FindRight                            (abs)        00000
__size_of_Slider_Initialize                           (abs)        00000
__size_of_Slider_Service                              (abs)        00000
__size_of_TMR1_DefaultInterruptHandler                (abs)        00000
__size_of_TMR1_ISR                                    (abs)        00000
__size_of_TMR1_Initialize                             (abs)        00000
__size_of_TMR1_SetInterruptHandler                    (abs)        00000
__size_of_TMR1_WriteTimer                             (abs)        00000
__size_of_WDT_Initialize                              (abs)        00000
__size_of___fltol                                     (abs)        00000
__size_of___wmul                                      (abs)        00000
__size_of___xxtofl                                    (abs)        00000
__size_of_abs                                         (abs)        00000
__size_of_calculate_contact_size                      (abs)        00000
__size_of_calculate_position                          (abs)        00000
__size_of_calculate_raw_position                      (abs)        00000
__size_of_divide                                      (abs)        00000
__size_of_get_difference                              (abs)        00000
__size_of_interpolate                                 (abs)        00000
__size_of_main                                        (abs)        00000
__size_of_memcpy                                      (abs)        00000
__size_of_moving_average_filter                       (abs)        00000
__size_of_positional_hysteresis                       (abs)        00000
_abs                                                  text46       01174
_button_reburst_request                               bssBANK1     000C9
_calculate_contact_size                               text33       009F5
_calculate_position                                   text26       01741
_calculate_raw_position                               text30       00061
_currentScannSensor                                   bssBANK1     000CC
_divide                                               text32       008FC
_eusartRxLastError                                    bssBANK1     000C6
_get_difference                                       text29       00A49
_interpolate                                          text31       00DAD
_left_signal                                          bssBANK0     0005E
_mTouchScanReload                                     dataBANK1    000BE
_main                                                 maintext     0038A
_memcpy                                               text86       01688
_middle_node                                          bssBANK0     00060
_middle_signal                                        bssBANK1     000C0
_moving_average_filter                                text28       00E85
_mtouch_button                                        (abs)        0233C
_mtouch_button_init                                   stringtext1  00450
_mtouch_request_init                                  bssBANK1     000CD
_mtouch_sensor                                        (abs)        022E2
_mtouch_slider                                        dataBANK2    00120
_mtouch_time_toScan                                   bssCOMMON    0007B
_packet_counter                                       bssBANK0     00061
_packet_sample                                        bssBANK1     000C4
_positional_hysteresis                                text27       00F7A
_resol_bits                                           bssBANK0     00063
_resol_value                                          bssBANK1     000C2
_right_signal                                         bssBANK0     0005C
_sample_delay                                         bssBANK1     000CB
_sensor_globalFlags                                   bssBANK0     00062
_sliderGroupStatus                                    bssBANK1     000C8
_timer1ReloadVal                                      nvBANK1      000DE
_wheel_sensor_middle_channel_zero                     bssBANK1     000C7
abs@a                                                 cstackCOMMON 00072
btemp                                                 (abs)        0007E
calculate_contact_size@contact_size                   cstackBANK0  00034
calculate_contact_size@slider                         cstackBANK0  00036
calculate_position@filtered_position                  cstackBANK0  00044
calculate_position@position                           cstackBANK0  00042
calculate_position@raw_position                       cstackBANK0  00046
calculate_position@slider                             cstackBANK0  00048
calculate_raw_position@deadband                       cstackBANK0  00038
calculate_raw_position@deadband_set                   cstackBANK0  00035
calculate_raw_position@interpolation_bits             cstackBANK0  0003A
calculate_raw_position@interpolation_scale            cstackBANK0  00037
calculate_raw_position@position                       cstackBANK0  0003D
calculate_raw_position@ref_node                       cstackBANK0  00034
calculate_raw_position@size                           cstackBANK0  0003B
calculate_raw_position@slider                         cstackBANK0  0003C
clear_ram0                                            clrtext      01018
divide@denominator                                    cstackCOMMON 00074
divide@exponent                                       cstackCOMMON 00076
divide@numerator                                      cstackCOMMON 00072
divide@result                                         cstackCOMMON 00078
end_of_initialization                                 cinit        0005D
get_difference@current_position                       cstackCOMMON 00074
get_difference@diff                                   cstackBANK0  00028
get_difference@previous_position                      cstackCOMMON 00072
get_difference@rollover_threshold                     cstackBANK0  00026
get_difference@slider                                 cstackBANK0  00025
init_ram                                              inittext     01024
int$flags                                             (abs)        0007E
interpolate@delta1                                    cstackBANK0  00020
interpolate@delta2                                    cstackBANK0  00022
interpolate@delta3                                    cstackBANK0  00024
interpolate@num_bits                                  cstackBANK0  00026
interpolate@rtnval                                    cstackBANK0  0002B
intlevel0                                             functab      00000
intlevel1                                             functab      00000
intlevel2                                             functab      00000
intlevel3                                             functab      00000
intlevel4                                             functab      00000
intlevel5                                             functab      00000
main@f_slider                                         cstackBANK1  000D2
main@i                                                cstackBANK1  000DA
main@sliderPostion                                    cstackBANK1  000CE
memcpy@d                                              cstackBANK0  00021
memcpy@d1                                             cstackCOMMON 00072
memcpy@n                                              cstackCOMMON 00076
memcpy@s                                              cstackBANK0  00023
memcpy@s1                                             cstackCOMMON 00074
memcpy@tmp                                            cstackBANK0  00020
moving_average_filter@current_position                cstackBANK0  0002A
moving_average_filter@dist_temp                       cstackBANK0  00031
moving_average_filter@distance                        cstackBANK0  00033
moving_average_filter@filtered_position               cstackBANK0  0002C
moving_average_filter@previous_position               cstackBANK0  0002F
moving_average_filter@slider                          cstackBANK0  0002E
positional_hysteresis@current_position                cstackBANK0  0002A
positional_hysteresis@distance                        cstackBANK0  00032
positional_hysteresis@filtered_position               cstackBANK0  0002E
positional_hysteresis@hyst_width                      cstackBANK0  00030
positional_hysteresis@polarity                        cstackBANK0  00031
positional_hysteresis@previous_position               cstackBANK0  0002C
positional_hysteresis@slider                          cstackBANK0  00034
reset_vec                                             reset_vec    00000
start                                                 init         00012
start_initialization                                  cinit        00014
wtemp0                                                (abs)        0007E


MODULE INFORMATION

Module		Function		Class		Link	Load	Size
mcc_generated_files/mtouch/mtouch_button.c
		_Button_Deviation_Update		CODE           	075E	0000	137
		_MTOUCH_Button_isPressed		CODE           	17BE	0000	66
		_Button_State_Suspended		CODE           	118B	0000	24
		_MTOUCH_Button_Initialize		CODE           	081B	0000	71
		_Button_Tick_helper		CODE           	0AA2	0000	90
		_MTOUCH_Button_InitializeAll		CODE           	120C	0000	29
		_Button_Baseline_Update		CODE           	06D0	0000	142
		_Button_State_Pressed		CODE           	0B56	0000	98
		_MTOUCH_Button_Reburst_Service		CODE           	1FB4	0000	3
		_Button_State_Disabled		CODE           	1FAB	0000	1
		_Button_State_ReleaseDebounce		CODE           	0EF8	0000	130
		_Button_Reading_Update		CODE           	109C	0000	18
		_Button_DefaultCallback		CODE           	1FAA	0000	1
		_Button_Reburst_Request		CODE           	1FB7	0000	4
		_MTOUCH_Button_Tick		CODE           	16B0	0000	41
		_Button_State_PressDebounce		CODE           	05A3	0000	152
		_Button_Unscaled_Deviation_Get		CODE           	163E	0000	36
		_Button_State_NotPressed		CODE           	02B7	0000	211
		_MTOUCH_Button_Reburst_Request		CODE           	11F0	0000	28
		_MTOUCH_Button_Deviation_Get		CODE           	12A2	0000	32
		_Button_Reading_Update_Helper		CODE           	08AB	0000	81
		_Button_Reburst_Clear		CODE           	1FAE	0000	3
		_Button_Service		CODE           	0C1A	0000	99
		_Button_State_Initializing		CODE           	0E14	0000	113
		_Button_Check_AKS_Block		CODE           	0504	0000	159
		_MTOUCH_Button_ServiceAll		CODE           	10D2	0000	19
		_Button_Baseline_Initialize		CODE           	16D9	0000	45

mcc_generated_files/mtouch/mtouch_button.c estimated size: 1833

/Applications/microchip/xc8/v2.32/pic/sources/c99/common/xxtofl.c
		___xxtofl      		CODE           	063B	0000	149

/Applications/microchip/xc8/v2.32/pic/sources/c99/common/xxtofl.c estimated size: 149

/Applications/microchip/xc8/v2.32/pic/sources/c99/common/abs.c
		_abs           		CODE           	1174	0000	23

/Applications/microchip/xc8/v2.32/pic/sources/c99/common/abs.c estimated size: 23

mcc_generated_files/interrupt_manager.c
		_INTERRUPT_InterruptManager		CODE           	0004	0000	14

mcc_generated_files/interrupt_manager.c estimated size: 14

mcc_generated_files/mtouch/mtouch.c
		_MTOUCH_Tick   		CODE           	1FB1	0000	3
		_MTOUCH_Initialize		CODE           	115E	0000	22
		_MTOUCH_Service_Mainloop		CODE           	1662	0000	38
		_MTOUCH_ScanScheduler		CODE           	1004	0000	9
		_MTOUCH_needReburst		CODE           	107A	0000	16

mcc_generated_files/mtouch/mtouch.c estimated size: 88

mcc_generated_files/pin_manager.c
		_PIN_MANAGER_Initialize		CODE           	11D6	0000	26

mcc_generated_files/pin_manager.c estimated size: 26

mcc_generated_files/mtouch/mtouch_sensor_scan.c
		_MTOUCH_CVD_ScanA_0		CODE           	1385	0000	33
		_MTOUCH_CVD_ScanB_0		CODE           	14CF	0000	33
		_MTOUCH_CVD_ScanA_1		CODE           	13A6	0000	33
		_MTOUCH_CVD_ScanB_1		CODE           	14F0	0000	33
		_MTOUCH_CVD_ScanA_2		CODE           	13C7	0000	33
		_MTOUCH_CVD_ScanB_2		CODE           	1511	0000	33
		_MTOUCH_CVD_ScanA_3		CODE           	13E8	0000	33
		_MTOUCH_CVD_ScanB_3		CODE           	1532	0000	33
		_MTOUCH_CVD_ScanA_4		CODE           	1409	0000	33
		_MTOUCH_CVD_ScanB_4		CODE           	1553	0000	33
		_MTOUCH_CVD_ScanA_5		CODE           	142A	0000	33
		_MTOUCH_CVD_ScanB_5		CODE           	1574	0000	33
		_MTOUCH_CVD_ScanA_6		CODE           	144B	0000	33
		_MTOUCH_CVD_ScanB_6		CODE           	1595	0000	33
		_MTOUCH_CVD_ScanA_7		CODE           	146C	0000	33
		_MTOUCH_CVD_ScanB_7		CODE           	15B6	0000	33
		_MTOUCH_CVD_ScanA_8		CODE           	148D	0000	33
		_MTOUCH_CVD_ScanB_8		CODE           	15D7	0000	33
		_MTOUCH_CVD_ScanA_9		CODE           	1364	0000	33
		_MTOUCH_CVD_ScanB_9		CODE           	14AE	0000	33

mcc_generated_files/mtouch/mtouch_sensor_scan.c estimated size: 660

/Applications/microchip/xc8/v2.32/pic/sources/c99/common/Umul16.c
		___wmul        		CODE           	0800	0000	27

/Applications/microchip/xc8/v2.32/pic/sources/c99/common/Umul16.c estimated size: 27

/Applications/microchip/xc8/v2.32/pic/sources/c99/common/memcpy.c
		_memcpy        		CODE           	1688	0000	40

/Applications/microchip/xc8/v2.32/pic/sources/c99/common/memcpy.c estimated size: 40

shared
		__initialization		CODE           	0014	0000	73
		_mtouch_button_init		STRCODE        	0450	0000	180

shared estimated size: 253

/Applications/microchip/xc8/v2.32/pic/sources/c99/common/fltol.c
		___fltol       		CODE           	0D47	0000	102

/Applications/microchip/xc8/v2.32/pic/sources/c99/common/fltol.c estimated size: 102

mcc_generated_files/mcc.c
		_WDT_Initialize		CODE           	1000	0000	4
		_OSCILLATOR_Initialize		CODE           	1FF1	0000	7
		_SYSTEM_Initialize		CODE           	10C0	0000	18

mcc_generated_files/mcc.c estimated size: 29

mcc_generated_files/tmr1.c
		_TMR1_Initialize		CODE           	07E7	0000	25
		_TMR1_SetInterruptHandler		CODE           	1FC0	0000	5
		_TMR1_DefaultInterruptHandler		CODE           	1FA8	0000	1
		_TMR1_WriteTimer		CODE           	104C	0000	15
		_TMR1_ISR      		CODE           	10E5	0000	20

mcc_generated_files/tmr1.c estimated size: 66

mcc_generated_files/mtouch/mtouch_slider.c
		_MTOUCH_Slider_isPressed		CODE           	11A3	0000	25
		_calculate_position		CODE           	1741	0000	62
		_Slider_DefaultCallback		CODE           	1FAD	0000	1
		_moving_average_filter		CODE           	0E85	0000	115
		_MTOUCH_Slider_InitializeAll		CODE           	1030	0000	14
		_get_difference		CODE           	0A49	0000	89
		_MTOUCH_Slider_Reburst_Service		CODE           	12C2	0000	32
		_positional_hysteresis		CODE           	0F7A	0000	134
		_MTOUCH_Slider_isPositionChanged		CODE           	1135	0000	20
		_divide        		CODE           	08FC	0000	82
		_calculate_contact_size		CODE           	09F5	0000	84
		_Slider_FindRight		CODE           	1706	0000	59
		_Slider_FindMiddle		CODE           	094E	0000	83
		_Slider_Service		CODE           	0198	0000	287
		_Slider_Initialize		CODE           	177F	0000	63
		_interpolate   		CODE           	0DAD	0000	103
		_MTOUCH_Slider_isReburstRequest		CODE           	110D	0000	20
		_Slider_FindLeft		CODE           	09A1	0000	84
		_MTOUCH_Slider_ServiceAll		CODE           	10AE	0000	18
		_MTOUCH_Slider_Position_Get		CODE           	1121	0000	20
		_calculate_raw_position		CODE           	0061	0000	311

mcc_generated_files/mtouch/mtouch_slider.c estimated size: 1706

mcc_generated_files/delay.c
		_DELAY_milliseconds		CODE           	108A	0000	18

mcc_generated_files/delay.c estimated size: 18

mcc_generated_files/eusart.c
		_EUSART_Write  		CODE           	1FF8	0000	8
		_EUSART_Initialize		CODE           	12E2	0000	32
		_EUSART_SetFramingErrorHandler		CODE           	1FCF	0000	6
		_EUSART_SetErrorHandler		CODE           	1FC5	0000	5
		_EUSART_SetOverrunErrorHandler		CODE           	1FCA	0000	5

mcc_generated_files/eusart.c estimated size: 56

main.c
		_main          		CODE           	038A	0000	198

main.c estimated size: 198

mcc_generated_files/mtouch/mtouch_random.c
		_MTOUCH_Random 		CODE           	106A	0000	16

mcc_generated_files/mtouch/mtouch_random.c estimated size: 16

mcc_generated_files/mtouch/mtouch_sensor.c
		_MTOUCH_Sensor_isEnabled		CODE           	1322	0000	33
		_Sensor_Acq_ExecutePacket		CODE           	0BB8	0000	98
		_MTOUCH_Delay  		CODE           	100D	0000	11
		_Sensor_Acquisition		CODE           	0862	0000	73
		_MTOUCH_Sensor_Initialize		CODE           	1282	0000	32
		_Sensor_Sampled_Reset		CODE           	1FD5	0000	7
		_MTOUCH_Sensor_InitializeAll		CODE           	105B	0000	15
		_MTOUCH_Sensor_Disable		CODE           	1246	0000	30
		_Sensor_DefaultCallback		CODE           	1FAC	0000	1
		_Sensor_isEnabled		CODE           	103E	0000	14
		_MTOUCH_Sensor_isCalibrated		CODE           	0002	0000	2
		_MTOUCH_Sensor_Calibrate		CODE           	1FA9	0000	1
		_MTOUCH_Sensor_Sampled_ResetAll		CODE           	1229	0000	29
		_Sensor_setActive		CODE           	1FDC	0000	7
		_MTOUCH_Sensor_Enable		CODE           	1264	0000	30
		_Sensor_Acq_ExecuteScan		CODE           	0CE1	0000	102
		_Sensor_setSampled		CODE           	1FEA	0000	7
		_MTOUCH_Sensor_RawSample_Get		CODE           	161A	0000	36
		_MTOUCH_Sensor_SampleAll		CODE           	1149	0000	21
		_MTOUCH_Sensor_wasSampled		CODE           	1343	0000	33
		_Sensor_Service		CODE           	0C7D	0000	100
		_Sensor_setScanFunction		CODE           	10F9	0000	20
		_MTOUCH_Sensor_Scan_Initialize		CODE           	1FBB	0000	5
		_Sensor_RawSample_Update		CODE           	11BC	0000	26
		_Sensor_setInactive		CODE           	1FE3	0000	7

mcc_generated_files/mtouch/mtouch_sensor.c estimated size: 740

