Microchip MPLAB XC8 Compiler V2.32

Linker command line:

-W-3 --edf=/Applications/microchip/xc8/v2.32/pic/dat/en_msgs.txt -cn \
  -h+dist/default/production/1938_mtouch-uart.X.production.sym \
  --cmf=dist/default/production/1938_mtouch-uart.X.production.cmf -z \
  -Q16F1938 -o/tmp/xcYYqj8GP --defsym=__MPLAB_BUILD=1 \
  -Mdist/default/production/1938_mtouch-uart.X.production.map -E1 \
  -ver=XC8 Compiler --acfsm=1493 -ASTACK=020A2h-02337h -pstack=STACK \
  -ACODE=00h-07FFhx8 -ASTRCODE=00h-03FFFh -ASTRING=00h-0FFhx64 \
  -ACONST=00h-0FFhx64 -AENTRY=00h-0FFhx64 -ACOMMON=070h-07Fh \
  -ABANK0=020h-06Fh -ABANK1=0A0h-0EFh -ABANK2=0120h-016Fh \
  -ABANK3=01A0h-01EFh -ABANK4=0220h-026Fh -ABANK5=02A0h-02EFh \
  -ABANK6=0320h-036Fh -ABANK7=03A0h-03EFh -ABANK8=0420h-046Fh \
  -ABANK9=04A0h-04EFh -ABANK10=0520h-056Fh -ABANK11=05A0h-05EFh \
  -ABANK12=0620h-064Fh -ABIGRAM=02000h-023EFh \
  -ARAM=020h-06Fh,0A0h-0EFh,0120h-016Fh,01A0h-01EFh,0220h-026Fh,02A0h-02EFh,0320h-036Fh,03A0h-03EFh,0420h-046Fh,04A0h-04EFh,0520h-056Fh,05A0h-05EFh,0620h-064Fh \
  -AABS1=020h-07Fh,0A0h-0EFh,0120h-016Fh,01A0h-01EFh,0220h-026Fh,02A0h-02EFh,0320h-036Fh,03A0h-03EFh,0420h-046Fh,04A0h-04EFh,0520h-056Fh,05A0h-05EFh,0620h-064Fh \
  -ASFR0=00h-01Fh -ASFR1=080h-09Fh -ASFR2=0100h-011Fh -ASFR3=0180h-019Fh \
  -ASFR4=0200h-021Fh -ASFR5=0280h-029Fh -ASFR6=0300h-031Fh \
  -ASFR7=0380h-039Fh -ASFR8=0400h-041Fh -ASFR9=0480h-049Fh \
  -ASFR10=0500h-051Fh -ASFR11=0580h-059Fh -ASFR12=0600h-061Fh \
  -ASFR13=0680h-06EFh -ASFR14=0700h-076Fh -ASFR15=0780h-07EFh \
  -ASFR16=0800h-086Fh -ASFR17=0880h-08EFh -ASFR18=0900h-096Fh \
  -ASFR19=0980h-09EFh -ASFR20=0A00h-0A6Fh -ASFR21=0A80h-0AEFh \
  -ASFR22=0B00h-0B6Fh -ASFR23=0B80h-0BEFh -ASFR24=0C00h-0C6Fh \
  -ASFR25=0C80h-0CEFh -ASFR26=0D00h-0D6Fh -ASFR27=0D80h-0DEFh \
  -ASFR28=0E00h-0E6Fh -ASFR29=0E80h-0EEFh -ASFR30=0F00h-0F6Fh \
  -ASFR31=0F80h-0FEFh -ACONFIG=08007h-08008h -DCONFIG=2 \
  -AIDLOC=08000h-08003h -DIDLOC=2 -AEEDATA=00h-0FFh/0F000h \
  -peeprom_data=EEDATA -DEEDATA=2 -DCODE=2 -DSTRCODE=2 -DSTRING=2 -DCONST=2 \
  -DENTRY=2 -preset_vec=00h,intentry=04h,init,end_init -ppowerup=CODE \
  -pcinit=CODE -pfunctab=ENTRY -k /tmp/xcktBVUDQ.o \
  dist/default/production/1938_mtouch-uart.X.production.o 

Object code version is 3.11

Machine type is 16F1938



                Name                               Link     Load   Length Selector   Space Scale
/tmp/xcktBVUDQ.o
                end_init                             12       12        2        8       0
                reset_vec                             0        0        2        0       0
                config                             8007     8007        2        0       4
                idloc                              8000     8000        4        0       5
dist/default/production/1938_mtouch-uart.X.production.o
                cinit                                14       14       3F        8       0
                intentry                              4        4        E        8       0
                config                             8007     8007        2        0       4
                idloc                              8000     8000        4        0       5
                text126                            1BA7     1BA7        F     374E       0
                text125                            1AF8     1AF8        1     35F0       0
                text124                            1B45     1B45        9     368A       0
                text123                            1C53     1C53       14     38A6       0
                text121                            1BD5     1BD5       12     37AA       0
                text120                            1B3D     1B3D        8     367A       0
                text119                            1AFE     1AFE        2     35FC       0
                text118                             B46      B46       89     168C       0
                text117                            1D38     1D38       1B     3A70       0
                text116                            1188     1188       24     2310       0
                text115                            14D0     14D0       51     29A0       0
                text114                            1BE7     1BE7       12     37CE       0
                text113                            1248     1248       2D     2490       0
                text112                             BCF      BCF       8E     179E       0
                text111                            1B02     1B02        3     3604       0
                text110                            11AC     11AC       24     2358       0
                text109                            1125     1125       21     224A       0
                text108                             D8B      D8B       9F     1B16       0
                text107                            1AF9     1AF9        1     35F2       0
                text106                            1356     1356       47     26AC       0
                text105                            1AFA     1AFA        1     35F4       0
                text104                            1DC5     1DC5       1E     3B8A       0
                text103                            1CD3     1CD3       18     39A6       0
                text102                             9E3      9E3       71     13C6       0
                text101                             E2A      E2A       D2     1C54       0
                text100                             CF3      CF3       98     19E6       0
                text99                             15C6     15C6       56     2B8C       0
                text98                              A54      A54       76     14A8       0
                text97                             1AFB     1AFB        1     35F6       0
                text96                             1B00     1B00        2     3600       0
                text95                             1146     1146       21     228C       0
                text94                             16D6     16D6       63     2DAC       0
                text93                             1BF9     1BF9       12     37F2       0
                text92                             11F7     11F7       28     23EE       0
                text91                             1D8B     1D8B       1D     3B16       0
                text90                             1DE3     1DE3       1E     3BC6       0
                text89                             1B1A     1B1A        7     3634       0
                text88                             1E20     1E20       20     3C40       0
                text87                             1BB6     1BB6        F     376C       0
                text86                             1DA8     1DA8       1D     3B50       0
                text85                             1B09     1B09        5     3612       0
                text84                             12A6     12A6       37     254C       0
                text83                             1B70     1B70        D     36E0       0
                text82                             1000     1000        5     1DF8       0
                text81                             1C8F     1C8F       16     391E       0
                text80                             1B4E     1B4E        A     369C       0
                text79                             1BC5     1BC5       10     378A       0
                text78                             1E40     1E40       20     3C80       0
                text77                             1E60     1E60       20     3CC0       0
                text76                             1E80     1E80       20     3D00       0
                text75                             1EA0     1EA0       20     3D40       0
                text74                             1EC0     1EC0       20     3D80       0
                text73                             1EE0     1EE0       20     3DC0       0
                text72                             1F00     1F00       20     3E00       0
                text71                             1F20     1F20       20     3E40       0
                text70                             1F40     1F40       20     3E80       0
                text69                             1F60     1F60       20     3EC0       0
                text68                             1F80     1F80       20     3F00       0
                text67                             1FA0     1FA0       20     3F40       0
                text66                             1FC0     1FC0       20     3F80       0
                text65                             1FE0     1FE0       20     3FC0       0
                text64                             1005     1005       20     200A       0
                text63                             1025     1025       20     204A       0
                text62                             1045     1045       20     208A       0
                text61                             1065     1065       20     20CA       0
                text60                             1085     1085       20     210A       0
                text59                             10A5     10A5       20     214A       0
                text58                             10C5     10C5       20     218A       0
                text57                             10E5     10E5       20     21CA       0
                text56                              841      841       65     1082       0
                text55                             1C67     1C67       14     38CE       0
                text54                             1676     1676       60     2CEC       0
                text53                             1B7D     1B7D        E     36FA       0
                text52                             1B21     1B21        7     3642       0
                text51                             1B28     1B28        7     3650       0
                text50                             1CA5     1CA5       17     394A       0
                text49                             139D     139D       49     273A       0
                text48                             1AFC     1AFC        1     35F8       0
                text47                             1D04     1D04       1A     3A08       0
                text46                             1B2F     1B2F        7     365E       0
                text45                             179C     179C       64     2F38       0
                text44                             1C7B     1C7B       14     38F6       0
                text43                             1314     1314       42     2628       0
                text42                             1AFD     1AFD        1     35FA       0
                text41                             1105     1105       20     220A       0
                text40                             1480     1480       50     2900       0
                text39                             13E6     13E6       4D     27CC       0
                text38                             12DD     12DD       37     25BA       0
                text37                             1573     1573       53     2AE6       0
                text36                             1521     1521       52     2A42       0
                text35                              90C      90C       67     1218       0
                text34                              5C6      5C6      12F        8       0
                text33                             1433     1433       4D     2866       0
                text32                              973      973       70     12E6       0
                text31                              ACA      ACA       7C     1594       0
                text30                              805      805       3C     100A       0
                text29                              6F5      6F5      108        8       0
                text28                             1B8B     1B8B        E     3716       0
                text27                             161C     161C       5A     2C38       0
                text26                             121F     121F       29     243E       0
                text25                              7FD      7FD        3        8       0
                text24                                2        2        2        0       0
                text23                             1D53     1D53       1C     3AA6       0
                text22                             1C0B     1C0B       12     3816       0
                text21                             1D6F     1D6F       1C     3ADE       0
                text20                             1B99     1B99        E     3732       0
                text19                             11D0     11D0       27     23A0       0
                text18                             1C1D     1C1D       12     383A       0
                text17                             1C2F     1C2F       12     385E       0
                text16                             1CBC     1CBC       17     3978       0
                text15                             1B0E     1B0E        6     361C       0
                text14                             1B14     1B14        6     3628       0
                text13                              800      800        5     1000       0
                text12                             1167     1167       21     22CE       0
                text11                             1B36     1B36        7     366C       0
                text10                             1D1E     1D1E       1A     3A3C       0
                text9                              1CEB     1CEB       19     39D6       0
                text8                              1B05     1B05        4     360A       0
                text7                              1C41     1C41       12     3882       0
                text6                               26B      26B      1E1        8       0
                text5                               44C      44C      17A        8       0
                text4                              1E01     1E01       1F     3C02       0
                text3                                53       53      218        8       0
                text2                               8A6      8A6       66     114C       0
                text1                               C5D      C5D       96     18BA       0
                maintext                            EFC      EFC      104     1DF8       0
                cstackBANK0                          20       20       41       20       1
                cstackCOMMON                         70       70        A       70       1
                cstackBANK1                          D1       D1       10       A0       1
                clrtext                            1B58     1B58        C     36B0       0
                inittext                           1B64     1B64        C     36C8       0
                dataBANK1                            A0       A0       31       A0       1
                bssBANK1                             E9       E9        7       A0       1
                bssBANK0                             61       61        F       20       1
                bssCOMMON                            7A       7A        2       70       1
                nvBANK2                             120      120        2      120       1
                nvBANK1                              E1       E1        8       A0       1
                stringtext1                        1800     1800       55     3000       0
                idataBANK1                         1275     1275       31     24EA       0
                idataBIGRAM                        1739     1739       63     2E72       0

TOTAL           Name                               Link     Load   Length     Space
        CLASS   STACK          

        CLASS   CODE           
                end_init                             12       12        2         0
                cinit                                14       14       3F         0
                intentry                              4        4        E         0
                reset_vec                             0        0        2         0
                text126                            1BA7     1BA7        F         0
                text125                            1AF8     1AF8        1         0
                text124                            1B45     1B45        9         0
                text123                            1C53     1C53       14         0
                text121                            1BD5     1BD5       12         0
                text120                            1B3D     1B3D        8         0
                text119                            1AFE     1AFE        2         0
                text118                             B46      B46       89         0
                text117                            1D38     1D38       1B         0
                text116                            1188     1188       24         0
                text115                            14D0     14D0       51         0
                text114                            1BE7     1BE7       12         0
                text113                            1248     1248       2D         0
                text112                             BCF      BCF       8E         0
                text111                            1B02     1B02        3         0
                text110                            11AC     11AC       24         0
                text109                            1125     1125       21         0
                text108                             D8B      D8B       9F         0
                text107                            1AF9     1AF9        1         0
                text106                            1356     1356       47         0
                text105                            1AFA     1AFA        1         0
                text104                            1DC5     1DC5       1E         0
                text103                            1CD3     1CD3       18         0
                text102                             9E3      9E3       71         0
                text101                             E2A      E2A       D2         0
                text100                             CF3      CF3       98         0
                text99                             15C6     15C6       56         0
                text98                              A54      A54       76         0
                text97                             1AFB     1AFB        1         0
                text96                             1B00     1B00        2         0
                text95                             1146     1146       21         0
                text94                             16D6     16D6       63         0
                text93                             1BF9     1BF9       12         0
                text92                             11F7     11F7       28         0
                text91                             1D8B     1D8B       1D         0
                text90                             1DE3     1DE3       1E         0
                text89                             1B1A     1B1A        7         0
                text88                             1E20     1E20       20         0
                text87                             1BB6     1BB6        F         0
                text86                             1DA8     1DA8       1D         0
                text85                             1B09     1B09        5         0
                text84                             12A6     12A6       37         0
                text83                             1B70     1B70        D         0
                text82                             1000     1000        5         0
                text81                             1C8F     1C8F       16         0
                text80                             1B4E     1B4E        A         0
                text79                             1BC5     1BC5       10         0
                text78                             1E40     1E40       20         0
                text77                             1E60     1E60       20         0
                text76                             1E80     1E80       20         0
                text75                             1EA0     1EA0       20         0
                text74                             1EC0     1EC0       20         0
                text73                             1EE0     1EE0       20         0
                text72                             1F00     1F00       20         0
                text71                             1F20     1F20       20         0
                text70                             1F40     1F40       20         0
                text69                             1F60     1F60       20         0
                text68                             1F80     1F80       20         0
                text67                             1FA0     1FA0       20         0
                text66                             1FC0     1FC0       20         0
                text65                             1FE0     1FE0       20         0
                text64                             1005     1005       20         0
                text63                             1025     1025       20         0
                text62                             1045     1045       20         0
                text61                             1065     1065       20         0
                text60                             1085     1085       20         0
                text59                             10A5     10A5       20         0
                text58                             10C5     10C5       20         0
                text57                             10E5     10E5       20         0
                text56                              841      841       65         0
                text55                             1C67     1C67       14         0
                text54                             1676     1676       60         0
                text53                             1B7D     1B7D        E         0
                text52                             1B21     1B21        7         0
                text51                             1B28     1B28        7         0
                text50                             1CA5     1CA5       17         0
                text49                             139D     139D       49         0
                text48                             1AFC     1AFC        1         0
                text47                             1D04     1D04       1A         0
                text46                             1B2F     1B2F        7         0
                text45                             179C     179C       64         0
                text44                             1C7B     1C7B       14         0
                text43                             1314     1314       42         0
                text42                             1AFD     1AFD        1         0
                text41                             1105     1105       20         0
                text40                             1480     1480       50         0
                text39                             13E6     13E6       4D         0
                text38                             12DD     12DD       37         0
                text37                             1573     1573       53         0
                text36                             1521     1521       52         0
                text35                              90C      90C       67         0
                text34                              5C6      5C6      12F         0
                text33                             1433     1433       4D         0
                text32                              973      973       70         0
                text31                              ACA      ACA       7C         0
                text30                              805      805       3C         0
                text29                              6F5      6F5      108         0
                text28                             1B8B     1B8B        E         0
                text27                             161C     161C       5A         0
                text26                             121F     121F       29         0
                text25                              7FD      7FD        3         0
                text24                                2        2        2         0
                text23                             1D53     1D53       1C         0
                text22                             1C0B     1C0B       12         0
                text21                             1D6F     1D6F       1C         0
                text20                             1B99     1B99        E         0
                text19                             11D0     11D0       27         0
                text18                             1C1D     1C1D       12         0
                text17                             1C2F     1C2F       12         0
                text16                             1CBC     1CBC       17         0
                text15                             1B0E     1B0E        6         0
                text14                             1B14     1B14        6         0
                text13                              800      800        5         0
                text12                             1167     1167       21         0
                text11                             1B36     1B36        7         0
                text10                             1D1E     1D1E       1A         0
                text9                              1CEB     1CEB       19         0
                text8                              1B05     1B05        4         0
                text7                              1C41     1C41       12         0
                text6                               26B      26B      1E1         0
                text5                               44C      44C      17A         0
                text4                              1E01     1E01       1F         0
                text3                                53       53      218         0
                text2                               8A6      8A6       66         0
                text1                               C5D      C5D       96         0
                maintext                            EFC      EFC      104         0
                clrtext                            1B58     1B58        C         0
                inittext                           1B64     1B64        C         0
                idataBANK1                         1275     1275       31         0
                idataBIGRAM                        1739     1739       63         0

        CLASS   STRCODE        
                stringtext1                        1800     1800       55         0

        CLASS   STRING         

        CLASS   CONST          

        CLASS   ENTRY          

        CLASS   COMMON         
                cstackCOMMON                         70       70        A         1
                bssCOMMON                            7A       7A        2         1

        CLASS   BANK0          
                cstackBANK0                          20       20       41         1
                bssBANK0                             61       61        F         1

        CLASS   BANK1          
                cstackBANK1                          D1       D1       10         1
                dataBANK1                            A0       A0       31         1
                bssBANK1                             E9       E9        7         1
                nvBANK1                              E1       E1        8         1

        CLASS   BANK2          
                nvBANK2                             120      120        2         1

        CLASS   BANK3          

        CLASS   BANK4          

        CLASS   BANK5          

        CLASS   BANK6          

        CLASS   BANK7          

        CLASS   BANK8          

        CLASS   BANK9          

        CLASS   BANK10         

        CLASS   BANK11         

        CLASS   BANK12         

        CLASS   BIGRAM         

        CLASS   RAM            

        CLASS   ABS1           
                abs_s1                               7E       7E        2         1
                abs_s1                              538      538       38         1
                abs_s1                              5A0      5A0       50         1
                abs_s1                              620      620       30         1
                abs_s1                             2338     2338        0         1
                abs_s1                             239B     239B        0         1

        CLASS   SFR0           

        CLASS   SFR1           

        CLASS   SFR2           

        CLASS   SFR3           

        CLASS   SFR4           

        CLASS   SFR5           

        CLASS   SFR6           

        CLASS   SFR7           

        CLASS   SFR8           

        CLASS   SFR9           

        CLASS   SFR10          

        CLASS   SFR11          

        CLASS   SFR12          

        CLASS   SFR13          

        CLASS   SFR14          

        CLASS   SFR15          

        CLASS   SFR16          

        CLASS   SFR17          

        CLASS   SFR18          

        CLASS   SFR19          

        CLASS   SFR20          

        CLASS   SFR21          

        CLASS   SFR22          

        CLASS   SFR23          

        CLASS   SFR24          

        CLASS   SFR25          

        CLASS   SFR26          

        CLASS   SFR27          

        CLASS   SFR28          

        CLASS   SFR29          

        CLASS   SFR30          

        CLASS   SFR31          

        CLASS   CONFIG         
                config                             8007     8007        2         4

        CLASS   IDLOC          
                idloc                              8000     8000        4         5

        CLASS   EEDATA         

        CLASS   BANK31         

        CLASS   BANK30         

        CLASS   BANK29         

        CLASS   BANK28         

        CLASS   BANK27         

        CLASS   BANK26         

        CLASS   BANK25         

        CLASS   BANK24         

        CLASS   BANK23         

        CLASS   BANK22         

        CLASS   BANK21         

        CLASS   BANK20         

        CLASS   BANK19         

        CLASS   BANK18         

        CLASS   BANK17         

        CLASS   BANK16         

        CLASS   BANK15         

        CLASS   BANK14         

        CLASS   BANK13         



SEGMENTS        Name                           Load    Length   Top    Selector   Space  Class     Delta

                text75                         001EA0  000020  001EC0      3D40       0  CODE        2
                text74                         001EC0  000020  001EE0      3D80       0  CODE        2
                text76                         001E80  000020  001EA0      3D00       0  CODE        2
                text78                         001E40  000020  001E60      3C80       0  CODE        2
                text77                         001E60  000020  001E80      3CC0       0  CODE        2
                text73                         001EE0  000020  001F00      3DC0       0  CODE        2
                text69                         001F60  000020  001F80      3EC0       0  CODE        2
                text68                         001F80  000020  001FA0      3F00       0  CODE        2
                text70                         001F40  000020  001F60      3E80       0  CODE        2
                text72                         001F00  000020  001F20      3E00       0  CODE        2
                text71                         001F20  000020  001F40      3E40       0  CODE        2
                text23                         001D53  00001C  001D6F      3AA6       0  CODE        2
                text21                         001D6F  00001C  001D8B      3ADE       0  CODE        2
                text117                        001D38  00001B  001D53      3A70       0  CODE        2
                text47                         001D04  00001A  001D1E      3A08       0  CODE        2
                text10                         001D1E  00001A  001D38      3A3C       0  CODE        2
                text91                         001D8B  00001D  001DA8      3B16       0  CODE        2
                text4                          001E01  00001F  001E20      3C02       0  CODE        2
                text88                         001E20  000020  001E40      3C40       0  CODE        2
                text90                         001DE3  00001E  001E01      3BC6       0  CODE        2
                text86                         001DA8  00001D  001DC5      3B50       0  CODE        2
                text104                        001DC5  00001E  001DE3      3B8A       0  CODE        2
                text67                         001FA0  000020  001FC0      3F40       0  CODE        2
                text116                        001188  000024  0011AC      2310       0  CODE        2
                text110                        0011AC  000024  0011D0      2358       0  CODE        2
                text12                         001167  000021  001188      22CE       0  CODE        2
                text109                        001125  000021  001146      224A       0  CODE        2
                text95                         001146  000021  001167      228C       0  CODE        2
                text19                         0011D0  000027  0011F7      23A0       0  CODE        2
                idataBANK1                     001275  000031  0012A6      24EA       0  CODE        2
                text84                         0012A6  000037  0012DD      254C       0  CODE        2
                text113                        001248  00002D  001275      2490       0  CODE        2
                text92                         0011F7  000028  00121F      23EE       0  CODE        2
                text26                         00121F  000029  001248      243E       0  CODE        2
                text63                         001025  000020  001045      204A       0  CODE        2
                text62                         001045  000020  001065      208A       0  CODE        2
                text64                         001005  000020  001025      200A       0  CODE        2
                text66                         001FC0  000020  001FE0      3F80       0  CODE        2
                text65                         001FE0  000020  002000      3FC0       0  CODE        2
                text61                         001065  000020  001085      20CA       0  CODE        2
                text57                         0010E5  000020  001105      21CA       0  CODE        2
                text41                         001105  000020  001125      220A       0  CODE        2
                text58                         0010C5  000020  0010E5      218A       0  CODE        2
                text60                         001085  000020  0010A5      210A       0  CODE        2
                text59                         0010A5  000020  0010C5      214A       0  CODE        2
                text9                          001CEB  000019  001D04      39D6       0  CODE        2
                text89                         001B1A  000007  001B21      3634       0  CODE        2
                text52                         001B21  000007  001B28      3642       0  CODE        2
                text14                         001B14  000006  001B1A      3628       0  CODE        2
                text13                         000800  000005  000805      1000       0  CODE        2
                text15                         001B0E  000006  001B14      361C       0  CODE        2
                text51                         001B28  000007  001B2F      3650       0  CODE        2
                text124                        001B45  000009  001B4E      368A       0  CODE        2
                text80                         001B4E  00000A  001B58      369C       0  CODE        2
                text120                        001B3D  000008  001B45      367A       0  CODE        2
                text46                         001B2F  000007  001B36      365E       0  CODE        2
                text11                         001B36  000007  001B3D      366C       0  CODE        2
                text97                         001AFB  000001  001AFC      35F6       0  CODE        2
                text48                         001AFC  000001  001AFD      35F8       0  CODE        2
                text105                        001AFA  000001  001AFB      35F4       0  CODE        2
                text125                        001AF8  000001  001AF9      35F0       0  CODE        2
                text107                        001AF9  000001  001AFA      35F2       0  CODE        2
                text42                         001AFD  000001  001AFE      35FA       0  CODE        2
                text8                          001B05  000004  001B09      360A       0  CODE        2
                text85                         001B09  000005  001B0E      3612       0  CODE        2
                text111                        001B02  000003  001B05      3604       0  CODE        2
                text119                        001AFE  000002  001B00      35FC       0  CODE        2
                text96                         001B00  000002  001B02      3600       0  CODE        2
                clrtext                        001B58  00000C  001B64      36B0       0  CODE        2
                text7                          001C41  000012  001C53      3882       0  CODE        2
                text123                        001C53  000014  001C67      38A6       0  CODE        2
                text17                         001C2F  000012  001C41      385E       0  CODE        2
                text22                         001C0B  000012  001C1D      3816       0  CODE        2
                text18                         001C1D  000012  001C2F      383A       0  CODE        2
                text55                         001C67  000014  001C7B      38CE       0  CODE        2
                text16                         001CBC  000017  001CD3      3978       0  CODE        2
                text103                        001CD3  000018  001CEB      39A6       0  CODE        2
                text50                         001CA5  000017  001CBC      394A       0  CODE        2
                text44                         001C7B  000014  001C8F      38F6       0  CODE        2
                text81                         001C8F  000016  001CA5      391E       0  CODE        2
                text28                         001B8B  00000E  001B99      3716       0  CODE        2
                text20                         001B99  00000E  001BA7      3732       0  CODE        2
                text53                         001B7D  00000E  001B8B      36FA       0  CODE        2
                inittext                       001B64  00000C  001B70      36C8       0  CODE        2
                text83                         001B70  00000D  001B7D      36E0       0  CODE        2
                text126                        001BA7  00000F  001BB6      374E       0  CODE        2
                text114                        001BE7  000012  001BF9      37CE       0  CODE        2
                text93                         001BF9  000012  001C0B      37F2       0  CODE        2
                text121                        001BD5  000012  001BE7      37AA       0  CODE        2
                text87                         001BB6  00000F  001BC5      376C       0  CODE        2
                text79                         001BC5  000010  001BD5      378A       0  CODE        2
                nvBANK2                        000120  000002  000122       120       1  BANK2       1
                dataBANK1                      0000A0  000050  0000F0        A0       1  BANK1       1
                cstackBANK0                    000020  000050  000070        20       1  BANK0       1
                cstackCOMMON                   000070  00000C  00007C        70       1  COMMON      1
                reset_vec                      000000  000004  000004         0       0  CODE        2
                intentry                       000004  0007FC  000800         8       0  CODE        2
                text54                         001676  000060  0016D6      2CEC       0  CODE        2
                text94                         0016D6  000063  001739      2DAC       0  CODE        2
                text27                         00161C  00005A  001676      2C38       0  CODE        2
                stringtext1                    001800  000055  001855      3000       0  STRCODE     2
                text99                         0015C6  000056  00161C      2B8C       0  CODE        2
                idataBIGRAM                    001739  000063  00179C      2E72       0  CODE        2
                text35                         00090C  000067  000973      1218       0  CODE        2
                text32                         000973  000070  0009E3      12E6       0  CODE        2
                text2                          0008A6  000066  00090C      114C       0  CODE        2
                text45                         00179C  000064  001800      2F38       0  CODE        2
                text56                         000841  000065  0008A6      1082       0  CODE        2
                text106                        001356  000047  00139D      26AC       0  CODE        2
                text49                         00139D  000049  0013E6      273A       0  CODE        2
                text43                         001314  000042  001356      2628       0  CODE        2
                text38                         0012DD  000037  001314      25BA       0  CODE        2
                text30                         000805  00003C  000841      100A       0  CODE        2
                text39                         0013E6  00004D  001433      27CC       0  CODE        2
                text36                         001521  000052  001573      2A42       0  CODE        2
                text37                         001573  000053  0015C6      2AE6       0  CODE        2
                text115                        0014D0  000051  001521      29A0       0  CODE        2
                text33                         001433  00004D  001480      2866       0  CODE        2
                text40                         001480  000050  0014D0      2900       0  CODE        2
                text102                        0009E3  000071  000A54      13C6       0  CODE        2
                text112                        000BCF  00008E  000C5D      179E       0  CODE        2
                text1                          000C5D  000096  000CF3      18BA       0  CODE        2
                text118                        000B46  000089  000BCF      168C       0  CODE        2
                text98                         000A54  000076  000ACA      14A8       0  CODE        2
                text31                         000ACA  00007C  000B46      1594       0  CODE        2
                text100                        000CF3  000098  000D8B      19E6       0  CODE        2
                maintext                       000EFC  000109  001005      1DF8       0  CODE        2
                text108                        000D8B  00009F  000E2A      1B16       0  CODE        2
                text101                        000E2A  0000D2  000EFC      1C54       0  CODE        2


UNUSED ADDRESS RANGES

        Name                Unused          Largest block    Delta
        BANK10           00520-00537              18           1
        BANK2            00122-0016F              4E           1
        BANK3            001A0-001EF              50           1
        BANK4            00220-0026F              50           1
        BANK5            002A0-002EF              50           1
        BANK6            00320-0036F              50           1
        BANK7            003A0-003EF              50           1
        BANK8            00420-0046F              50           1
        BANK9            004A0-004EF              50           1
        BIGRAM           02000-023EF             3F0           1
        CODE             01855-01AF7             2A3           2
                         02000-03FFF             800
        COMMON           0007C-0007D               2           1
        CONST            01855-01AF7             100           2
                         02000-03FFF             100
        EEDATA           0F000-0F0FF             100           2
        ENTRY            01855-01AF7             100           2
                         02000-03FFF             100
        RAM              00122-0016F              4E           1
                         001A0-001EF              50
                         00220-0026F              50
                         002A0-002EF              50
                         00320-0036F              50
                         003A0-003EF              50
                         00420-0046F              50
                         004A0-004EF              50
                         00520-00537              18
        SFR0             00000-0001F              20           1
        SFR1             00080-0009F              20           1
        SFR10            00500-0051F              20           1
        SFR11            00580-0059F              20           1
        SFR12            00600-0061F              20           1
        SFR13            00680-006EF              70           1
        SFR14            00700-0076F              70           1
        SFR15            00780-007EF              70           1
        SFR16            00800-0086F              70           1
        SFR17            00880-008EF              70           1
        SFR18            00900-0096F              70           1
        SFR19            00980-009EF              70           1
        SFR2             00100-0011F              20           1
        SFR20            00A00-00A6F              70           1
        SFR21            00A80-00AEF              70           1
        SFR22            00B00-00B6F              70           1
        SFR23            00B80-00BEF              70           1
        SFR24            00C00-00C6F              70           1
        SFR25            00C80-00CEF              70           1
        SFR26            00D00-00D6F              70           1
        SFR27            00D80-00DEF              70           1
        SFR28            00E00-00E6F              70           1
        SFR29            00E80-00EEF              70           1
        SFR3             00180-0019F              20           1
        SFR30            00F00-00F6F              70           1
        SFR31            00F80-00FEF              70           1
        SFR4             00200-0021F              20           1
        SFR5             00280-0029F              20           1
        SFR6             00300-0031F              20           1
        SFR7             00380-0039F              20           1
        SFR8             00400-0041F              20           1
        SFR9             00480-0049F              20           1
        STACK            020A2-02337             296           1
        STRCODE          01855-01AF7             2A3           2
                         02000-03FFF            2000
        STRING           01855-01AF7             100           2
                         02000-03FFF             100

                                  Symbol Table

?_Button_Unscaled_Deviation_Get                       cstackCOMMON 00072
?_MTOUCH_Sensor_RawSample_Get                         cstackCOMMON 00078
?_MTOUCH_Slider_Position_Get                          cstackCOMMON 00072
?_Slider_FindLeft                                     cstackBANK0  00024
?_Slider_FindMiddle                                   cstackBANK0  00024
?_Slider_FindRight                                    cstackBANK0  00024
?__Umul8_16                                           cstackCOMMON 00072
?___fladd                                             cstackBANK0  0004C
?___fldiv                                             cstackCOMMON 00072
?___flmul                                             cstackBANK0  00032
?___fltol                                             cstackCOMMON 00072
?___wmul                                              cstackCOMMON 00072
?___xxtofl                                            cstackCOMMON 00072
?_abs                                                 cstackCOMMON 00072
?_calculate_contact_size                              cstackBANK0  00030
?_calculate_position                                  cstackBANK0  0003F
?_calculate_raw_position                              cstackBANK0  0002D
?_divide                                              cstackCOMMON 00072
?_get_difference                                      cstackCOMMON 00072
?_interpolate                                         cstackBANK0  00020
?_moving_average_filter                               cstackBANK0  0002A
?_positional_hysteresis                               cstackBANK0  0002A
Button_Baseline_Initialize@button                     cstackBANK0  00025
Button_Baseline_Update@button                         cstackCOMMON 00072
Button_Check_AKS_Block@button                         cstackBANK0  00024
Button_Check_AKS_Block@check_button                   cstackBANK0  0002D
Button_Check_AKS_Block@currentAKSGroup                cstackBANK0  0002A
Button_Check_AKS_Block@surplus_deviation_check_button cstackBANK0  0002B
Button_Check_AKS_Block@surplus_deviation_this_button  cstackBANK0  00028
Button_DefaultCallback@button                         cstackCOMMON 00072
Button_Deviation_Update@button                        cstackCOMMON 00072
Button_Deviation_Update@deviation                     cstackCOMMON 00074
Button_Reading_Update@button                          cstackBANK0  00029
Button_Reading_Update_Helper@button                   cstackBANK0  00025
Button_Reburst_Request@button                         cstackCOMMON 00078
Button_Service@button                                 cstackBANK0  0003A
Button_Service@name                                   cstackBANK0  00039
Button_State_Disabled@button                          cstackBANK0  0002F
Button_State_Initializing@button                      cstackBANK0  0002F
Button_State_NotPressed@button                        cstackBANK0  0002F
Button_State_PressDebounce@button                     cstackBANK0  0002F
Button_State_Pressed@button                           cstackBANK0  0002F
Button_State_ReleaseDebounce@button                   cstackBANK0  0002F
Button_State_Suspended@button                         cstackBANK0  0002F
Button_Tick_helper@button                             cstackBANK0  00024
Button_Unscaled_Deviation_Get@button                  cstackCOMMON 00072
DELAY_milliseconds@milliseconds                       cstackCOMMON 00072
EUSART_SetErrorHandler@interruptHandler               cstackCOMMON 00072
EUSART_SetFramingErrorHandler@interruptHandler        cstackCOMMON 00072
EUSART_SetOverrunErrorHandler@interruptHandler        cstackCOMMON 00072
EUSART_Write@txData                                   cstackCOMMON 00072
MTOUCH_Button_Deviation_Get@name                      cstackCOMMON 00078
MTOUCH_Button_Initialize@button                       cstackBANK0  00025
MTOUCH_Button_Initialize@name                         cstackBANK0  00024
MTOUCH_Button_InitializeAll@button                    cstackBANK0  00027
MTOUCH_Button_Reburst_Request@button                  cstackBANK0  00024
MTOUCH_Button_ServiceAll@button                       cstackBANK0  0003D
MTOUCH_Button_Tick@i                                  cstackBANK0  0002E
MTOUCH_Button_isPressed@name                          cstackCOMMON 00079
MTOUCH_Delay@i                                        cstackCOMMON 00073
MTOUCH_Random@seed                                    bssCOMMON    0007A
MTOUCH_Sensor_Disable@sensor                          cstackCOMMON 00078
MTOUCH_Sensor_Enable@sensor                           cstackCOMMON 00078
MTOUCH_Sensor_Initialize@sensor                       cstackBANK0  00028
MTOUCH_Sensor_InitializeAll@sensor                    cstackBANK0  0002A
MTOUCH_Sensor_RawSample_Get@name                      cstackBANK0  00024
MTOUCH_Sensor_SampleAll@sensor                        cstackBANK0  00038
MTOUCH_Sensor_Sampled_ResetAll@sensor                 cstackBANK0  00022
MTOUCH_Sensor_isEnabled@sensor                        cstackCOMMON 00078
MTOUCH_Sensor_wasSampled@sensor                       cstackCOMMON 00078
MTOUCH_Slider_InitializeAll@slider                    cstackCOMMON 00076
MTOUCH_Slider_Position_Get@sliderName                 cstackCOMMON 00074
MTOUCH_Slider_Reburst_Service@sliderName              cstackBANK0  00026
MTOUCH_Slider_ServiceAll@slider                       cstackBANK0  00057
MTOUCH_Slider_isPositionChanged@sliderName            cstackCOMMON 00072
MTOUCH_Slider_isPressed@sliderName                    cstackCOMMON 00073
MTOUCH_Slider_isReburstRequest@sliderName             cstackCOMMON 00072
MTOUCH_needReburst@needReburst                        cstackBANK0  00028
Sensor_Acq_ExecutePacket@ADCON0_temp                  cstackBANK0  00027
Sensor_Acq_ExecutePacket@ADCON1_temp                  cstackBANK0  00028
Sensor_Acq_ExecutePacket@GIE_state                    cstackBANK0  00029
Sensor_Acq_ExecutePacket@error                        cstackBANK0  0002A
Sensor_Acq_ExecutePacket@sensor                       cstackBANK0  00024
Sensor_Acq_ExecuteScan@result                         cstackCOMMON 00078
Sensor_Acquisition@retry                              cstackBANK0  0002E
Sensor_Acquisition@sensor                             cstackBANK0  0002B
Sensor_DefaultCallback@sensor                         cstackCOMMON 00072
Sensor_RawSample_Update@sensor                        cstackCOMMON 00072
Sensor_Sampled_Reset@sensor                           cstackCOMMON 00078
Sensor_Service@error                                  cstackBANK0  00034
Sensor_Service@name                                   cstackBANK0  00033
Sensor_Service@sensor                                 cstackBANK0  00035
Sensor_isEnabled@sensor                               cstackCOMMON 00072
Sensor_setActive@sensor                               cstackCOMMON 00072
Sensor_setInactive@sensor                             cstackCOMMON 00072
Sensor_setSampled@sensor                              cstackCOMMON 00072
Sensor_setScanFunction@sensor                         cstackCOMMON 00072
Slider_DefaultCallback@slider                         cstackCOMMON 00072
Slider_FindLeft@ref_node                              cstackBANK0  00027
Slider_FindLeft@slider                                cstackBANK0  00026
Slider_FindMiddle@channelDelta                        cstackBANK0  0002A
Slider_FindMiddle@i                                   cstackBANK0  0002E
Slider_FindMiddle@maximumDelta                        cstackBANK0  0002C
Slider_FindMiddle@slider                              cstackBANK0  0002F
Slider_FindRight@ref_node                             cstackBANK0  0002A
Slider_FindRight@slider                               cstackBANK0  0002B
Slider_Initialize@slider                              cstackCOMMON 00074
Slider_Initialize@sliderName                          cstackCOMMON 00073
Slider_Service@group_status                           cstackBANK0  0004D
Slider_Service@position                               cstackBANK0  0004F
Slider_Service@segment                                cstackBANK0  00052
Slider_Service@slider                                 cstackBANK0  00055
Slider_Service@sliderName                             cstackBANK0  00054
Slider_Service@status                                 cstackBANK0  00051
Slider_Service@valid_contact_found                    cstackBANK0  0004E
TMR1_SetInterruptHandler@InterruptHandler             cstackCOMMON 00072
TMR1_WriteTimer@timerVal                              cstackCOMMON 00070
_ADCON0                                               (abs)        0009D
_ADCON0bits                                           (abs)        0009D
_ADCON1                                               (abs)        0009E
_ADRES                                                (abs)        0009B
_ANSELA                                               (abs)        0018C
_ANSELB                                               (abs)        0018D
_APFCON                                               (abs)        0011D
_BAUDCON                                              (abs)        0019F
_BORCON                                               (abs)        00116
_Button_Baseline_Initialize                           text113      01248
_Button_Baseline_Update                               text112      00BCF
_Button_Check_AKS_Block                               text108      00D8B
_Button_DefaultCallback                               text105      01AFA
_Button_Deviation_Update                              text118      00B46
_Button_Reading_Update                                text114      01BE7
_Button_Reading_Update_Helper                         text115      014D0
_Button_Reburst_Clear                                 text119      01AFE
_Button_Reburst_Request                               text111      01B02
_Button_Service                                       text94       016D6
_Button_StateMachine                                  dataBANK1    000A0
_Button_State_Disabled                                text97       01AFB
_Button_State_Initializing                            text102      009E3
_Button_State_NotPressed                              text101      00E2A
_Button_State_PressDebounce                           text100      00CF3
_Button_State_Pressed                                 text99       015C6
_Button_State_ReleaseDebounce                         text98       00A54
_Button_State_Suspended                               text103      01CD3
_Button_Tick_helper                                   text27       0161C
_Button_Unscaled_Deviation_Get                        text110      011AC
_DELAY_milliseconds                                   text121      01BD5
_EUSART_DefaultErrorHandler                           (abs)        00000
_EUSART_DefaultFramingErrorHandler                    (abs)        00000
_EUSART_DefaultOverrunErrorHandler                    (abs)        00000
_EUSART_ErrorHandler                                  nvBANK2      00120
_EUSART_FramingErrorHandler                           nvBANK1      000E7
_EUSART_Initialize                                    text12       01167
_EUSART_OverrunErrorHandler                           nvBANK1      000E5
_EUSART_SetErrorHandler                               text15       01B0E
_EUSART_SetFramingErrorHandler                        text14       01B14
_EUSART_SetOverrunErrorHandler                        text13       00800
_EUSART_Write                                         text120      01B3D
_GIE                                                  (abs)        0005F
_INTCONbits                                           (abs)        0000B
_INTERRUPT_InterruptManager                           intentry     00004
_LATA                                                 (abs)        0010C
_LATB                                                 (abs)        0010D
_LATC                                                 (abs)        0010E
_LATCbits                                             (abs)        0010E
_LATE                                                 (abs)        00110
_MTOUCH_Button_Deviation_Get                          text41       01105
_MTOUCH_Button_Initialize                             text106      01356
_MTOUCH_Button_InitializeAll                          text91       01D8B
_MTOUCH_Button_Reburst_Request                        text23       01D53
_MTOUCH_Button_Reburst_Service                        text24       00002
_MTOUCH_Button_ServiceAll                             text93       01BF9
_MTOUCH_Button_Tick                                   text26       0121F
_MTOUCH_Button_Tick$2890                              cstackBANK0  0002C
_MTOUCH_Button_isPressed                              text43       01314
_MTOUCH_Button_isPressed$498                          cstackCOMMON 00078
_MTOUCH_CVD_ScanA_0                                   text77       01E60
_MTOUCH_CVD_ScanA_1                                   text76       01E80
_MTOUCH_CVD_ScanA_10                                  text68       01F80
_MTOUCH_CVD_ScanA_2                                   text75       01EA0
_MTOUCH_CVD_ScanA_3                                   text74       01EC0
_MTOUCH_CVD_ScanA_4                                   text73       01EE0
_MTOUCH_CVD_ScanA_5                                   text72       01F00
_MTOUCH_CVD_ScanA_6                                   text71       01F20
_MTOUCH_CVD_ScanA_7                                   text70       01F40
_MTOUCH_CVD_ScanA_8                                   text69       01F60
_MTOUCH_CVD_ScanA_9                                   text78       01E40
_MTOUCH_CVD_ScanB_0                                   text66       01FC0
_MTOUCH_CVD_ScanB_1                                   text65       01FE0
_MTOUCH_CVD_ScanB_10                                  text57       010E5
_MTOUCH_CVD_ScanB_2                                   text64       01005
_MTOUCH_CVD_ScanB_3                                   text63       01025
_MTOUCH_CVD_ScanB_4                                   text62       01045
_MTOUCH_CVD_ScanB_5                                   text61       01065
_MTOUCH_CVD_ScanB_6                                   text60       01085
_MTOUCH_CVD_ScanB_7                                   text59       010A5
_MTOUCH_CVD_ScanB_8                                   text58       010C5
_MTOUCH_CVD_ScanB_9                                   text67       01FA0
_MTOUCH_Delay                                         text80       01B4E
_MTOUCH_Initialize                                    text81       01C8F
_MTOUCH_Random                                        text79       01BC5
_MTOUCH_ScanScheduler                                 text124      01B45
_MTOUCH_Sensor_Calibrate                              text107      01AF9
_MTOUCH_Sensor_Disable                                text104      01DC5
_MTOUCH_Sensor_Enable                                 text90       01DE3
_MTOUCH_Sensor_Initialize                             text88       01E20
_MTOUCH_Sensor_InitializeAll                          text87       01BB6
_MTOUCH_Sensor_RawSample_Get                          text116      01188
_MTOUCH_Sensor_SampleAll                              text44       01C7B
_MTOUCH_Sensor_Sampled_ResetAll                       text86       01DA8
_MTOUCH_Sensor_Scan_Initialize                        text85       01B09
_MTOUCH_Sensor_isCalibrated                           text96       01B00
_MTOUCH_Sensor_isEnabled                              text109      01125
_MTOUCH_Sensor_wasSampled                             text95       01146
_MTOUCH_Service_Mainloop                              text19       011D0
_MTOUCH_Slider_InitializeAll                          text83       01B70
_MTOUCH_Slider_Position_Get                           text18       01C1D
_MTOUCH_Slider_Reburst_Service                        text21       01D6F
_MTOUCH_Slider_ServiceAll                             text28       01B8B
_MTOUCH_Slider_isPositionChanged                      text17       01C2F
_MTOUCH_Slider_isPressed                              text16       01CBC
_MTOUCH_Slider_isReburstRequest                       text22       01C0B
_MTOUCH_Tick                                          text25       007FD
_MTOUCH_needReburst                                   text20       01B99
_OPTION_REGbits                                       (abs)        00095
_OSCCON                                               (abs)        00099
_OSCILLATOR_Initialize                                text11       01B36
_OSCTUNE                                              (abs)        00098
_PIE1bits                                             (abs)        00091
_PIN_MANAGER_Initialize                               text10       01D1E
_PIR1bits                                             (abs)        00011
_RCSTA                                                (abs)        0019D
_SPBRGH                                               (abs)        0019C
_SPBRGL                                               (abs)        0019B
_SYSTEM_Initialize                                    text7        01C41
_Sensor_Acq_ExecutePacket                             text54       01676
_Sensor_Acq_ExecuteScan                               text56       00841
_Sensor_Acquisition                                   text49       0139D
_Sensor_DefaultCallback                               text48       01AFC
_Sensor_RawSample_Update                              text47       01D04
_Sensor_Sampled_Reset                                 text89       01B1A
_Sensor_Service                                       text45       0179C
_Sensor_isEnabled                                     text53       01B7D
_Sensor_scanA                                         dataBANK1    000B6
_Sensor_scanB                                         dataBANK1    000B4
_Sensor_setActive                                     text52       01B21
_Sensor_setInactive                                   text51       01B28
_Sensor_setSampled                                    text46       01B2F
_Sensor_setScanFunction                               text55       01C67
_Slider_DefaultCallback                               text42       01AFD
_Slider_FindLeft                                      text40       01480
_Slider_FindMiddle                                    text39       013E6
_Slider_FindRight                                     text38       012DD
_Slider_Initialize                                    text84       012A6
_Slider_Service                                       text29       006F5
_T1CON                                                (abs)        00018
_T1CONbits                                            (abs)        00018
_T1GCON                                               (abs)        00019
_TMR1H                                                (abs)        00017
_TMR1L                                                (abs)        00016
_TMR1_DefaultInterruptHandler                         text125      01AF8
_TMR1_ISR                                             text123      01C53
_TMR1_Initialize                                      text9        01CEB
_TMR1_InterruptHandler                                nvBANK1      000E1
_TMR1_SetInterruptHandler                             text82       01000
_TMR1_WriteTimer                                      text126      01BA7
_TRISA                                                (abs)        0008C
_TRISB                                                (abs)        0008D
_TRISC                                                (abs)        0008E
_TRISE                                                (abs)        00090
_TXREG                                                (abs)        0019A
_TXSTA                                                (abs)        0019E
_WDTCON                                               (abs)        00097
_WDT_Initialize                                       text8        01B05
_WPUB                                                 (abs)        0020D
_WPUE                                                 (abs)        00210
__Habs1                                               abs1         00000
__Hbank0                                              bank0        00000
__Hbank1                                              bank1        00000
__Hbank10                                             bank10       00000
__Hbank11                                             bank11       00000
__Hbank12                                             bank12       00000
__Hbank13                                             bank13       00000
__Hbank14                                             bank14       00000
__Hbank15                                             bank15       00000
__Hbank16                                             bank16       00000
__Hbank17                                             bank17       00000
__Hbank18                                             bank18       00000
__Hbank19                                             bank19       00000
__Hbank2                                              bank2        00000
__Hbank20                                             bank20       00000
__Hbank21                                             bank21       00000
__Hbank22                                             bank22       00000
__Hbank23                                             bank23       00000
__Hbank24                                             bank24       00000
__Hbank25                                             bank25       00000
__Hbank26                                             bank26       00000
__Hbank27                                             bank27       00000
__Hbank28                                             bank28       00000
__Hbank29                                             bank29       00000
__Hbank3                                              bank3        00000
__Hbank30                                             bank30       00000
__Hbank31                                             bank31       00000
__Hbank4                                              bank4        00000
__Hbank5                                              bank5        00000
__Hbank6                                              bank6        00000
__Hbank7                                              bank7        00000
__Hbank8                                              bank8        00000
__Hbank9                                              bank9        00000
__Hbigram                                             bigram       00000
__HbssBANK0                                           bssBANK0     00000
__HbssBANK1                                           bssBANK1     00000
__HbssCOMMON                                          bssCOMMON    00000
__Hcinit                                              cinit        00053
__Hclrtext                                            clrtext      00000
__Hcode                                               code         00000
__Hcommon                                             common       00000
__Hconfig                                             config       08009
__HcstackBANK0                                        cstackBANK0  00000
__HcstackBANK1                                        cstackBANK1  00000
__HcstackCOMMON                                       cstackCOMMON 00000
__HdataBANK1                                          dataBANK1    00000
__Heeprom_data                                        eeprom_data  00000
__Hend_init                                           end_init     00014
__Hfunctab                                            functab      00000
__HidataBANK1                                         idataBANK1   00000
__HidataBIGRAM                                        idataBIGRAM  00000
__Hidloc                                              idloc        08004
__Hinit                                               init         00012
__Hinittext                                           inittext     00000
__Hintentry                                           intentry     00012
__Hmaintext                                           maintext     00000
__HnvBANK1                                            nvBANK1      00000
__HnvBANK2                                            nvBANK2      00000
__Hpowerup                                            powerup      00000
__Hram                                                ram          00000
__Hreset_vec                                          reset_vec    00002
__Hsfr0                                               sfr0         00000
__Hsfr1                                               sfr1         00000
__Hsfr10                                              sfr10        00000
__Hsfr11                                              sfr11        00000
__Hsfr12                                              sfr12        00000
__Hsfr13                                              sfr13        00000
__Hsfr14                                              sfr14        00000
__Hsfr15                                              sfr15        00000
__Hsfr16                                              sfr16        00000
__Hsfr17                                              sfr17        00000
__Hsfr18                                              sfr18        00000
__Hsfr19                                              sfr19        00000
__Hsfr2                                               sfr2         00000
__Hsfr20                                              sfr20        00000
__Hsfr21                                              sfr21        00000
__Hsfr22                                              sfr22        00000
__Hsfr23                                              sfr23        00000
__Hsfr24                                              sfr24        00000
__Hsfr25                                              sfr25        00000
__Hsfr26                                              sfr26        00000
__Hsfr27                                              sfr27        00000
__Hsfr28                                              sfr28        00000
__Hsfr29                                              sfr29        00000
__Hsfr3                                               sfr3         00000
__Hsfr30                                              sfr30        00000
__Hsfr31                                              sfr31        00000
__Hsfr4                                               sfr4         00000
__Hsfr5                                               sfr5         00000
__Hsfr6                                               sfr6         00000
__Hsfr7                                               sfr7         00000
__Hsfr8                                               sfr8         00000
__Hsfr9                                               sfr9         00000
__Hspace_0                                            (abs)        02000
__Hspace_1                                            (abs)        00122
__Hspace_2                                            (abs)        00000
__Hspace_3                                            (abs)        00000
__Hspace_4                                            (abs)        10010
__Hstack                                              stack        00000
__Hstrings                                            strings      00000
__Hstringtext1                                        stringtext1  00000
__Htext                                               text         00000
__Labs1                                               abs1         00000
__Lbank0                                              bank0        00000
__Lbank1                                              bank1        00000
__Lbank10                                             bank10       00000
__Lbank11                                             bank11       00000
__Lbank12                                             bank12       00000
__Lbank13                                             bank13       00000
__Lbank14                                             bank14       00000
__Lbank15                                             bank15       00000
__Lbank16                                             bank16       00000
__Lbank17                                             bank17       00000
__Lbank18                                             bank18       00000
__Lbank19                                             bank19       00000
__Lbank2                                              bank2        00000
__Lbank20                                             bank20       00000
__Lbank21                                             bank21       00000
__Lbank22                                             bank22       00000
__Lbank23                                             bank23       00000
__Lbank24                                             bank24       00000
__Lbank25                                             bank25       00000
__Lbank26                                             bank26       00000
__Lbank27                                             bank27       00000
__Lbank28                                             bank28       00000
__Lbank29                                             bank29       00000
__Lbank3                                              bank3        00000
__Lbank30                                             bank30       00000
__Lbank31                                             bank31       00000
__Lbank4                                              bank4        00000
__Lbank5                                              bank5        00000
__Lbank6                                              bank6        00000
__Lbank7                                              bank7        00000
__Lbank8                                              bank8        00000
__Lbank9                                              bank9        00000
__Lbigram                                             bigram       00000
__LbssBANK0                                           bssBANK0     00000
__LbssBANK1                                           bssBANK1     00000
__LbssCOMMON                                          bssCOMMON    00000
__Lcinit                                              cinit        00014
__Lclrtext                                            clrtext      00000
__Lcode                                               code         00000
__Lcommon                                             common       00000
__Lconfig                                             config       00000
__LcstackBANK0                                        cstackBANK0  00000
__LcstackBANK1                                        cstackBANK1  00000
__LcstackCOMMON                                       cstackCOMMON 00000
__LdataBANK1                                          dataBANK1    00000
__Leeprom_data                                        eeprom_data  00000
__Lend_init                                           end_init     00012
[...]
__size_of_Sensor_DefaultCallback                      (abs)        00000
__size_of_Sensor_RawSample_Update                     (abs)        00000
__size_of_Sensor_Sampled_Reset                        (abs)        00000
__size_of_Sensor_Service                              (abs)        00000
__size_of_Sensor_isEnabled                            (abs)        00000
__size_of_Sensor_setActive                            (abs)        00000
__size_of_Sensor_setInactive                          (abs)        00000
__size_of_Sensor_setSampled                           (abs)        00000
__size_of_Sensor_setScanFunction                      (abs)        00000
__size_of_Slider_DefaultCallback                      (abs)        00000
__size_of_Slider_FindLeft                             (abs)        00000
__size_of_Slider_FindMiddle                           (abs)        00000
__size_of_Slider_FindRight                            (abs)        00000
__size_of_Slider_Initialize                           (abs)        00000
__size_of_Slider_Service                              (abs)        00000
__size_of_TMR1_DefaultInterruptHandler                (abs)        00000
__size_of_TMR1_ISR                                    (abs)        00000
__size_of_TMR1_Initialize                             (abs)        00000
__size_of_TMR1_SetInterruptHandler                    (abs)        00000
__size_of_TMR1_WriteTimer                             (abs)        00000
__size_of_WDT_Initialize                              (abs)        00000
__size_of__Umul8_16                                   (abs)        00000
__size_of___fladd                                     (abs)        00000
__size_of___fldiv                                     (abs)        00000
__size_of___flmul                                     (abs)        00000
__size_of___fltol                                     (abs)        00000
__size_of___wmul                                      (abs)        00000
__size_of___xxtofl                                    (abs)        00000
__size_of_abs                                         (abs)        00000
__size_of_calculate_contact_size                      (abs)        00000
__size_of_calculate_position                          (abs)        00000
__size_of_calculate_raw_position                      (abs)        00000
__size_of_divide                                      (abs)        00000
__size_of_get_difference                              (abs)        00000
__size_of_interpolate                                 (abs)        00000
__size_of_main                                        (abs)        00000
__size_of_memcpy                                      (abs)        00000
__size_of_moving_average_filter                       (abs)        00000
__size_of_positional_hysteresis                       (abs)        00000
_abs                                                  text50       01CA5
_button_reburst_request                               bssCOMMON    0007B
_calculate_contact_size                               text37       01573
_calculate_position                                   text30       00805
_calculate_raw_position                               text34       005C6
_currentScannSensor                                   bssBANK0     0006B
_divide                                               text36       01521
_eusartRxLastError                                    bssBANK1     000ED
_get_difference                                       text33       01433
_interpolate                                          text35       0090C
_left_signal                                          bssBANK0     00063
_mTouchScanReload                                     dataBANK1    000BE
_main                                                 maintext     00EFC
_memcpy                                               text92       011F7
_middle_node                                          bssBANK0     00067
_middle_signal                                        bssBANK1     000E9
_moving_average_filter                                text32       00973
_mtouch_button                                        (abs)        0239B
_mtouch_button_init                                   stringtext1  01800
_mtouch_request_init                                  bssBANK0     0006D
_mtouch_sensor                                        (abs)        02338
_mtouch_slider                                        dataBANK1    000C0
_mtouch_time_toScan                                   bssBANK0     0006E
_packet_counter                                       bssBANK0     0006A
_packet_sample                                        bssBANK1     000EB
_positional_hysteresis                                text31       00ACA
_resol_bits                                           bssBANK0     0006F
_resol_value                                          bssBANK0     00065
_right_signal                                         bssBANK0     00061
_sample_delay                                         bssBANK0     00069
_sensor_globalFlags                                   bssBANK0     0006C
_sliderGroupStatus                                    bssBANK0     00068
_timer1ReloadVal                                      nvBANK1      000E3
_wheel_sensor_middle_channel_zero                     bssBANK1     000EE
abs@a                                                 cstackCOMMON 00072
btemp                                                 (abs)        0007E
calculate_contact_size@contact_size                   cstackBANK0  00034
calculate_contact_size@slider                         cstackBANK0  00036
calculate_position@filtered_position                  cstackBANK0  00044
calculate_position@position                           cstackBANK0  00042
calculate_position@raw_position                       cstackBANK0  00046
calculate_position@slider                             cstackBANK0  00048
calculate_raw_position@deadband                       cstackBANK0  00038
calculate_raw_position@deadband_set                   cstackBANK0  00035
calculate_raw_position@interpolation_bits             cstackBANK0  0003A
calculate_raw_position@interpolation_scale            cstackBANK0  00037
calculate_raw_position@position                       cstackBANK0  0003D
calculate_raw_position@ref_node                       cstackBANK0  00034
calculate_raw_position@size                           cstackBANK0  0003B
calculate_raw_position@slider                         cstackBANK0  0003C
clear_ram0                                            clrtext      01B58
divide@denominator                                    cstackCOMMON 00074
divide@exponent                                       cstackCOMMON 00076
divide@numerator                                      cstackCOMMON 00072
divide@result                                         cstackCOMMON 00078
end_of_initialization                                 cinit        0004F
get_difference@current_position                       cstackCOMMON 00074
get_difference@diff                                   cstackBANK0  00028
get_difference@previous_position                      cstackCOMMON 00072
get_difference@rollover_threshold                     cstackBANK0  00026
get_difference@slider                                 cstackBANK0  00025
init_ram                                              inittext     01B64
int$flags                                             (abs)        0007E
interpolate@delta1                                    cstackBANK0  00020
interpolate@delta2                                    cstackBANK0  00022
interpolate@delta3                                    cstackBANK0  00024
interpolate@num_bits                                  cstackBANK0  00026
interpolate@rtnval                                    cstackBANK0  0002B
intlevel0                                             functab      00000
intlevel1                                             functab      00000
intlevel2                                             functab      00000
intlevel3                                             functab      00000
intlevel4                                             functab      00000
intlevel5                                             functab      00000
main@ave_slider                                       cstackBANK1  000DB
main@f_slider                                         cstackBANK1  000D7
main@i                                                cstackBANK1  000DF
main@map_slider                                       cstackBANK1  000D1
main@sliderPostion                                    cstackBANK1  000D5
memcpy@d                                              cstackBANK0  00020
memcpy@d1                                             cstackCOMMON 00072
memcpy@n                                              cstackCOMMON 00076
memcpy@s                                              cstackBANK0  00022
memcpy@s1                                             cstackCOMMON 00074
memcpy@tmp                                            cstackBANK0  00024
moving_average_filter@current_position                cstackBANK0  0002A
moving_average_filter@dist_temp                       cstackBANK0  00031
moving_average_filter@distance                        cstackBANK0  00033
moving_average_filter@filtered_position               cstackBANK0  0002C
moving_average_filter@previous_position               cstackBANK0  0002F
moving_average_filter@slider                          cstackBANK0  0002E
positional_hysteresis@current_position                cstackBANK0  0002A
positional_hysteresis@distance                        cstackBANK0  00032
positional_hysteresis@filtered_position               cstackBANK0  0002E
positional_hysteresis@hyst_width                      cstackBANK0  00030
positional_hysteresis@polarity                        cstackBANK0  00031
positional_hysteresis@previous_position               cstackBANK0  0002C
positional_hysteresis@slider                          cstackBANK0  00034
reset_vec                                             reset_vec    00000
start                                                 init         00012
start_initialization                                  cinit        00014
wtemp0                                                (abs)        0007E


MODULE INFORMATION

Module		Function		Class		Link	Load	Size
mcc_generated_files/mtouch/mtouch_button.c
		_Button_Deviation_Update		CODE           	0B46	0000	137
		_MTOUCH_Button_isPressed		CODE           	1314	0000	66
		_Button_State_Suspended		CODE           	1CD3	0000	24
		_MTOUCH_Button_Initialize		CODE           	1356	0000	71
		_Button_Tick_helper		CODE           	161C	0000	90
		_MTOUCH_Button_InitializeAll		CODE           	1D8B	0000	29
		_Button_Baseline_Update		CODE           	0BCF	0000	142
		_Button_State_Pressed		CODE           	15C6	0000	86
		_MTOUCH_Button_Reburst_Service		CODE           	0002	0000	2
		_Button_State_Disabled		CODE           	1AFB	0000	1
		_Button_State_ReleaseDebounce		CODE           	0A54	0000	118
		_Button_Reading_Update		CODE           	1BE7	0000	18
		_Button_DefaultCallback		CODE           	1AFA	0000	1
		_Button_Reburst_Request		CODE           	1B02	0000	3
		_MTOUCH_Button_Tick		CODE           	121F	0000	41
		_Button_State_PressDebounce		CODE           	0CF3	0000	152
		_Button_Unscaled_Deviation_Get		CODE           	11AC	0000	36
		_Button_State_NotPressed		CODE           	0E2A	0000	210
		_MTOUCH_Button_Reburst_Request		CODE           	1D53	0000	28
		_MTOUCH_Button_Deviation_Get		CODE           	1105	0000	32
		_Button_Reading_Update_Helper		CODE           	14D0	0000	81
		_Button_Reburst_Clear		CODE           	1AFE	0000	2
		_Button_Service		CODE           	16D6	0000	99
		_Button_State_Initializing		CODE           	09E3	0000	113
		_Button_Check_AKS_Block		CODE           	0D8B	0000	159
		_MTOUCH_Button_ServiceAll		CODE           	1BF9	0000	18
		_Button_Baseline_Initialize		CODE           	1248	0000	45

mcc_generated_files/mtouch/mtouch_button.c estimated size: 1804

/Applications/microchip/xc8/v2.32/pic/sources/c99/common/xxtofl.c
		___xxtofl      		CODE           	0C5D	0000	150

/Applications/microchip/xc8/v2.32/pic/sources/c99/common/xxtofl.c estimated size: 150

/Applications/microchip/xc8/v2.32/pic/sources/c99/common/abs.c
		_abs           		CODE           	1CA5	0000	23

/Applications/microchip/xc8/v2.32/pic/sources/c99/common/abs.c estimated size: 23

mcc_generated_files/interrupt_manager.c
		_INTERRUPT_InterruptManager		CODE           	0004	0000	14

mcc_generated_files/interrupt_manager.c estimated size: 14

mcc_generated_files/mtouch/mtouch.c
		_MTOUCH_Tick   		CODE           	07FD	0000	3
		_MTOUCH_Initialize		CODE           	1C8F	0000	22
		_MTOUCH_Service_Mainloop		CODE           	11D0	0000	39
		_MTOUCH_ScanScheduler		CODE           	1B45	0000	9
		_MTOUCH_needReburst		CODE           	1B99	0000	14

mcc_generated_files/mtouch/mtouch.c estimated size: 87

/Applications/microchip/xc8/v2.32/pic/sources/c99/common/sprcmul.c
		___flmul       		CODE           	0053	0000	536

/Applications/microchip/xc8/v2.32/pic/sources/c99/common/sprcmul.c estimated size: 536

mcc_generated_files/pin_manager.c
		_PIN_MANAGER_Initialize		CODE           	1D1E	0000	26

mcc_generated_files/pin_manager.c estimated size: 26

mcc_generated_files/mtouch/mtouch_sensor_scan.c
		_MTOUCH_CVD_ScanA_0		CODE           	1E60	0000	32
		_MTOUCH_CVD_ScanB_0		CODE           	1FC0	0000	32
		_MTOUCH_CVD_ScanA_1		CODE           	1E80	0000	32
		_MTOUCH_CVD_ScanB_1		CODE           	1FE0	0000	32
		_MTOUCH_CVD_ScanA_2		CODE           	1EA0	0000	32
		_MTOUCH_CVD_ScanB_2		CODE           	1005	0000	32
		_MTOUCH_CVD_ScanA_3		CODE           	1EC0	0000	32
		_MTOUCH_CVD_ScanB_3		CODE           	1025	0000	32
		_MTOUCH_CVD_ScanA_10		CODE           	1F80	0000	32
		_MTOUCH_CVD_ScanA_4		CODE           	1EE0	0000	32
		_MTOUCH_CVD_ScanB_10		CODE           	10E5	0000	32
		_MTOUCH_CVD_ScanB_4		CODE           	1045	0000	32
		_MTOUCH_CVD_ScanA_5		CODE           	1F00	0000	32
		_MTOUCH_CVD_ScanB_5		CODE           	1065	0000	32
		_MTOUCH_CVD_ScanA_6		CODE           	1F20	0000	32
		_MTOUCH_CVD_ScanB_6		CODE           	1085	0000	32
		_MTOUCH_CVD_ScanA_7		CODE           	1F40	0000	32
		_MTOUCH_CVD_ScanB_7		CODE           	10A5	0000	32
		_MTOUCH_CVD_ScanA_8		CODE           	1F60	0000	32
		_MTOUCH_CVD_ScanB_8		CODE           	10C5	0000	32
		_MTOUCH_CVD_ScanA_9		CODE           	1E40	0000	32
		_MTOUCH_CVD_ScanB_9		CODE           	1FA0	0000	32

mcc_generated_files/mtouch/mtouch_sensor_scan.c estimated size: 704

/Applications/microchip/xc8/v2.32/pic/sources/c99/common/sprcdiv.c
		___fldiv       		CODE           	044C	0000	378

/Applications/microchip/xc8/v2.32/pic/sources/c99/common/sprcdiv.c estimated size: 378

/Applications/microchip/xc8/v2.32/pic/sources/c99/common/Umul16.c
		___wmul        		CODE           	1D38	0000	27

/Applications/microchip/xc8/v2.32/pic/sources/c99/common/Umul16.c estimated size: 27

/Applications/microchip/xc8/v2.32/pic/sources/c99/common/memcpy.c
		_memcpy        		CODE           	11F7	0000	40

/Applications/microchip/xc8/v2.32/pic/sources/c99/common/memcpy.c estimated size: 40

shared
		__initialization		CODE           	0014	0000	59
		_mtouch_button_init		STRCODE        	1800	0000	85

shared estimated size: 144

/Applications/microchip/xc8/v2.32/pic/sources/c99/common/fltol.c
		___fltol       		CODE           	08A6	0000	102

/Applications/microchip/xc8/v2.32/pic/sources/c99/common/fltol.c estimated size: 102

mcc_generated_files/mcc.c
		_WDT_Initialize		CODE           	1B05	0000	4
		_OSCILLATOR_Initialize		CODE           	1B36	0000	7
		_SYSTEM_Initialize		CODE           	1C41	0000	18

mcc_generated_files/mcc.c estimated size: 29

/Applications/microchip/xc8/v2.32/pic/sources/c99/common/sprcadd.c
		___fladd       		CODE           	026B	0000	481

/Applications/microchip/xc8/v2.32/pic/sources/c99/common/sprcadd.c estimated size: 481

mcc_generated_files/tmr1.c
		_TMR1_Initialize		CODE           	1CEB	0000	25
		_TMR1_SetInterruptHandler		CODE           	1000	0000	5
		_TMR1_DefaultInterruptHandler		CODE           	1AF8	0000	1
		_TMR1_WriteTimer		CODE           	1BA7	0000	15
		_TMR1_ISR      		CODE           	1C53	0000	20

mcc_generated_files/tmr1.c estimated size: 66

mcc_generated_files/mtouch/mtouch_slider.c
		_MTOUCH_Slider_isPressed		CODE           	1CBC	0000	23
		_calculate_position		CODE           	0805	0000	60
		_Slider_DefaultCallback		CODE           	1AFD	0000	1
		_moving_average_filter		CODE           	0973	0000	112
		_MTOUCH_Slider_InitializeAll		CODE           	1B70	0000	13
		_get_difference		CODE           	1433	0000	77
		_MTOUCH_Slider_Reburst_Service		CODE           	1D6F	0000	28
		_positional_hysteresis		CODE           	0ACA	0000	124
		_MTOUCH_Slider_isPositionChanged		CODE           	1C2F	0000	18
		_divide        		CODE           	1521	0000	82
		_calculate_contact_size		CODE           	1573	0000	83
		_Slider_FindRight		CODE           	12DD	0000	55
		_Slider_FindMiddle		CODE           	13E6	0000	77
		_Slider_Service		CODE           	06F5	0000	264
		_Slider_Initialize		CODE           	12A6	0000	55
		_interpolate   		CODE           	090C	0000	103
		_MTOUCH_Slider_isReburstRequest		CODE           	1C0B	0000	18
		_Slider_FindLeft		CODE           	1480	0000	80
		_MTOUCH_Slider_ServiceAll		CODE           	1B8B	0000	14
		_MTOUCH_Slider_Position_Get		CODE           	1C1D	0000	18
		_calculate_raw_position		CODE           	05C6	0000	303

mcc_generated_files/mtouch/mtouch_slider.c estimated size: 1608

mcc_generated_files/delay.c
		_DELAY_milliseconds		CODE           	1BD5	0000	18

mcc_generated_files/delay.c estimated size: 18

mcc_generated_files/eusart.c
		_EUSART_Write  		CODE           	1B3D	0000	8
		_EUSART_Initialize		CODE           	1167	0000	33
		_EUSART_SetFramingErrorHandler		CODE           	1B14	0000	6
		_EUSART_SetErrorHandler		CODE           	1B0E	0000	6
		_EUSART_SetOverrunErrorHandler		CODE           	0800	0000	5

mcc_generated_files/eusart.c estimated size: 58

main.c
		_main          		CODE           	0EFC	0000	260

main.c estimated size: 260

mcc_generated_files/mtouch/mtouch_random.c
		_MTOUCH_Random 		CODE           	1BC5	0000	16

mcc_generated_files/mtouch/mtouch_random.c estimated size: 16

mcc_generated_files/mtouch/mtouch_sensor.c
		_MTOUCH_Sensor_isEnabled		CODE           	1125	0000	33
		_Sensor_Acq_ExecutePacket		CODE           	1676	0000	96
		_MTOUCH_Delay  		CODE           	1B4E	0000	10
		_Sensor_Acquisition		CODE           	139D	0000	73
		_MTOUCH_Sensor_Initialize		CODE           	1E20	0000	32
		_Sensor_Sampled_Reset		CODE           	1B1A	0000	7
		_MTOUCH_Sensor_InitializeAll		CODE           	1BB6	0000	15
		_MTOUCH_Sensor_Disable		CODE           	1DC5	0000	30
		_Sensor_DefaultCallback		CODE           	1AFC	0000	1
		_Sensor_isEnabled		CODE           	1B7D	0000	14
		_MTOUCH_Sensor_isCalibrated		CODE           	1B00	0000	2
		_MTOUCH_Sensor_Calibrate		CODE           	1AF9	0000	1
		_MTOUCH_Sensor_Sampled_ResetAll		CODE           	1DA8	0000	29
		_Sensor_setActive		CODE           	1B21	0000	7
		_MTOUCH_Sensor_Enable		CODE           	1DE3	0000	30
		_Sensor_Acq_ExecuteScan		CODE           	0841	0000	101
		_Sensor_setSampled		CODE           	1B2F	0000	7
		_MTOUCH_Sensor_RawSample_Get		CODE           	1188	0000	36
		_MTOUCH_Sensor_SampleAll		CODE           	1C7B	0000	20
		_MTOUCH_Sensor_wasSampled		CODE           	1146	0000	33
		_Sensor_Service		CODE           	179C	0000	100
		_Sensor_setScanFunction		CODE           	1C67	0000	20
		_MTOUCH_Sensor_Scan_Initialize		CODE           	1B09	0000	5
		_Sensor_RawSample_Update		CODE           	1D04	0000	26
		_Sensor_setInactive		CODE           	1B28	0000	7

mcc_generated_files/mtouch/mtouch_sensor.c estimated size: 735

/Applications/microchip/xc8/v2.32/pic/sources/c99/common/Umul8_16.c
		__Umul8_16     		CODE           	1E01	0000	31

/Applications/microchip/xc8/v2.32/pic/sources/c99/common/Umul8_16.c estimated size: 31

