Microchip MPLAB XC8 Compiler V2.32

Linker command line:

-W-3 --edf=/Applications/microchip/xc8/v2.32/pic/dat/en_msgs.txt -cn \
  -h+dist/default/production/1938_mtouch-uart-btn.X.production.sym \
  --cmf=dist/default/production/1938_mtouch-uart-btn.X.production.cmf -z \
  -Q16F1938 -o/tmp/xc93lI9XE --defsym=__MPLAB_BUILD=1 \
  -Mdist/default/production/1938_mtouch-uart-btn.X.production.map -E1 \
  -ver=XC8 Compiler --acfsm=1493 -ASTACK=0209Eh-023EFh -pstack=STACK \
  -ACODE=00h-07FFhx8 -ASTRCODE=00h-03FFFh -ASTRING=00h-0FFhx64 \
  -ACONST=00h-0FFhx64 -AENTRY=00h-0FFhx64 -ACOMMON=070h-07Fh \
  -ABANK0=020h-06Fh -ABANK1=0A0h-0EFh -ABANK2=0120h-016Fh \
  -ABANK3=01A0h-01EFh -ABANK4=0220h-026Fh -ABANK5=02A0h-02EFh \
  -ABANK6=0320h-036Fh -ABANK7=03A0h-03EFh -ABANK8=0420h-046Fh \
  -ABANK9=04A0h-04EFh -ABANK10=0520h-056Fh -ABANK11=05A0h-05EFh \
  -ABANK12=0620h-064Fh -ABIGRAM=02000h-023EFh \
  -ARAM=020h-06Fh,0A0h-0EFh,0120h-016Fh,01A0h-01EFh,0220h-026Fh,02A0h-02EFh,0320h-036Fh,03A0h-03EFh,0420h-046Fh,04A0h-04EFh,0520h-056Fh,05A0h-05EFh,0620h-064Fh \
  -AABS1=020h-07Fh,0A0h-0EFh,0120h-016Fh,01A0h-01EFh,0220h-026Fh,02A0h-02EFh,0320h-036Fh,03A0h-03EFh,0420h-046Fh,04A0h-04EFh,0520h-056Fh,05A0h-05EFh,0620h-064Fh \
  -ASFR0=00h-01Fh -ASFR1=080h-09Fh -ASFR2=0100h-011Fh -ASFR3=0180h-019Fh \
  -ASFR4=0200h-021Fh -ASFR5=0280h-029Fh -ASFR6=0300h-031Fh \
  -ASFR7=0380h-039Fh -ASFR8=0400h-041Fh -ASFR9=0480h-049Fh \
  -ASFR10=0500h-051Fh -ASFR11=0580h-059Fh -ASFR12=0600h-061Fh \
  -ASFR13=0680h-06EFh -ASFR14=0700h-076Fh -ASFR15=0780h-07EFh \
  -ASFR16=0800h-086Fh -ASFR17=0880h-08EFh -ASFR18=0900h-096Fh \
  -ASFR19=0980h-09EFh -ASFR20=0A00h-0A6Fh -ASFR21=0A80h-0AEFh \
  -ASFR22=0B00h-0B6Fh -ASFR23=0B80h-0BEFh -ASFR24=0C00h-0C6Fh \
  -ASFR25=0C80h-0CEFh -ASFR26=0D00h-0D6Fh -ASFR27=0D80h-0DEFh \
  -ASFR28=0E00h-0E6Fh -ASFR29=0E80h-0EEFh -ASFR30=0F00h-0F6Fh \
  -ASFR31=0F80h-0FEFh -ACONFIG=08007h-08008h -DCONFIG=2 \
  -AIDLOC=08000h-08003h -DIDLOC=2 -AEEDATA=00h-0FFh/0F000h \
  -peeprom_data=EEDATA -DEEDATA=2 -DCODE=2 -DSTRCODE=2 -DSTRING=2 -DCONST=2 \
  -DENTRY=2 -preset_vec=00h,intentry=04h,init,end_init -ppowerup=CODE \
  -pcinit=CODE -pfunctab=ENTRY -k /tmp/xcd6cdGBA.o \
  dist/default/production/1938_mtouch-uart-btn.X.production.o 

Object code version is 3.11

Machine type is 16F1938



                Name                               Link     Load   Length Selector   Space Scale
/tmp/xcd6cdGBA.o
                end_init                             12       12        2        8       0
                reset_vec                             0        0        2        0       0
                config                             8007     8007        2        0       4
                idloc                              8000     8000        4        0       5
dist/default/production/1938_mtouch-uart-btn.X.production.o
                cinit                                14       14       2D        8       0
                intentry                              4        4        E        8       0
                config                             8007     8007        2        0       4
                idloc                              8000     8000        4        0       5
                text78                              E2E      E2E        E     1C5C       0
                text77                              D96      D96        1     1B2C       0
                text76                              E01      E01        9     1C02       0
                text75                              EB0      EB0       12     1D60       0
                text73                              EC2      EC2       12     1D84       0
                text72                              DCF      DCF        7     1B9E       0
                text71                              7B1      7B1       1F      C4E       0
                text70                              D9A      D9A        2     1B34       0
                text69                              1E8      1E8       83        8       0
                text68                              E5B      E5B       11     1CB6       0
                text67                              F6D      F6D       17     1EDA       0
                text66                              526      526       4B        8       0
                text65                              E14      E14        D     1C28       0
                text64                              653      653       2B      C4E       0
                text63                              161      161       87        8       0
                text62                              D9E      D9E        3     1B3C       0
                text61                              D97      D97        1     1B2E       0
                text60                              627      627       2C      C4E       0
                text59                              D98      D98        1     1B30       0
                text58                              E6C      E6C       11     1CD8       0
                text57                              ED4      ED4       12     1DA8       0
                text56                              2D6      2D6       5C        8       0
                text55                               D2       D2       8F        8       0
                text54                              332      332       5B        8       0
                text53                              3E2      3E2       54        8       0
                text52                              26B      26B       6B        8       0
                text51                              D99      D99        1     1B32       0
                text50                              D9C      D9C        2     1B38       0
                text49                              F43      F43       14     1E86       0
                text48                              571      571       47        8       0
                text47                              EE6      EE6       12     1DCC       0
                text46                              67E      67E       2A      C4E       0
                text45                              FB2      FB2       1A     1F64       0
                text44                              E7D      E7D       11     1CFA       0
                text43                              DD6      DD6        7     1BAC       0
                text42                              E8E      E8E       11     1D1C       0
                text41                              E3C      E3C        F     1C78       0
                text40                              F0A      F0A       13     1E14       0
                text39                              DA8      DA8        5     1B50       0
                text38                              DB7      DB7        6     1B6E       0
                text37                              F1D      F1D       13     1E3A       0
                text36                              E0A      E0A        A     1C14       0
                text35                              E4B      E4B       10     1C96       0
                text34                              770      770       21      C4E       0
                text33                              74F      74F       21      C4E       0
                text32                              72E      72E       21      C4E       0
                text31                              70D      70D       21      C4E       0
                text30                              6EC      6EC       21      C4E       0
                text29                              6CB      6CB       21      C4E       0
                text28                              436      436       53        8       0
                text27                              E9F      E9F       11     1D3E       0
                text26                              38D      38D       55        8       0
                text25                              E21      E21        D     1C42       0
                text24                              DDD      DDD        7     1BBA       0
                text23                              DE4      DE4        7     1BC8       0
                text22                              F84      F84       17     1F08       0
                text21                              5B8      5B8       3C        8       0
                text20                              7FF      7FF        1      C4E       0
                text19                              F9B      F9B       17     1F36       0
                text18                              DEB      DEB        7     1BD6       0
                text17                              4DA      4DA       4C        8       0
                text16                              7EB      7EB       14      C4E       0
                text15                              489      489       51        8       0
                text14                              F30      F30       13     1E60       0
                text13                              DA1      DA1        3     1B42       0
                text12                                2        2        2        0       0
                text11                              DF9      DF9        8     1BF2       0
                text10                              6A8      6A8       23      C4E       0
                text9                               DAD      DAD        5     1B5A       0
                text8                               DBD      DBD        6     1B7A       0
                text7                               DB2      DB2        5     1B64       0
                text6                               791      791       20      C4E       0
                text5                               DF2      DF2        7     1BE4       0
                text4                               FCC      FCC       1A     1F98       0
                text3                               F57      F57       16     1EAE       0
                text2                               DA4      DA4        4     1B48       0
                text1                               EF8      EF8       12     1DF0       0
                maintext                             41       41       91        8       0
                cstackBANK0                          20       20       21       20       1
                cstackCOMMON                         70       70        A       70       1
                clrtext                             DC3      DC3        6     1B86       0
                inittext                            DC9      DC9        6     1B92       0
                dataBANK1                            D3       D3       1B       A0       1
                bssBANK1                             A0       A0       33       A0       1
                dataBANK0                            41       41       1A       20       1
                bssBANK0                             65       65        A       20       1
                bssCOMMON                            7A       7A        2       70       1
                nvBANK0                              5B       5B        A       20       1
                stringtext1                         5F4      5F4       33      BE8       0
                idataBANK1                          7D0      7D0       1B      C4E       0
                idataBANK0                          FE6      FE6       1A     1FCC       0

TOTAL           Name                               Link     Load   Length     Space
        CLASS   STACK          

        CLASS   CODE           
                end_init                             12       12        2         0
                cinit                                14       14       2D         0
                intentry                              4        4        E         0
                reset_vec                             0        0        2         0
                text78                              E2E      E2E        E         0
                text77                              D96      D96        1         0
                text76                              E01      E01        9         0
                text75                              EB0      EB0       12         0
                text73                              EC2      EC2       12         0
                text72                              DCF      DCF        7         0
                text71                              7B1      7B1       1F         0
                text70                              D9A      D9A        2         0
                text69                              1E8      1E8       83         0
                text68                              E5B      E5B       11         0
                text67                              F6D      F6D       17         0
                text66                              526      526       4B         0
                text65                              E14      E14        D         0
                text64                              653      653       2B         0
                text63                              161      161       87         0
                text62                              D9E      D9E        3         0
                text61                              D97      D97        1         0
                text60                              627      627       2C         0
                text59                              D98      D98        1         0
                text58                              E6C      E6C       11         0
                text57                              ED4      ED4       12         0
                text56                              2D6      2D6       5C         0
                text55                               D2       D2       8F         0
                text54                              332      332       5B         0
                text53                              3E2      3E2       54         0
                text52                              26B      26B       6B         0
                text51                              D99      D99        1         0
                text50                              D9C      D9C        2         0
                text49                              F43      F43       14         0
                text48                              571      571       47         0
                text47                              EE6      EE6       12         0
                text46                              67E      67E       2A         0
                text45                              FB2      FB2       1A         0
                text44                              E7D      E7D       11         0
                text43                              DD6      DD6        7         0
                text42                              E8E      E8E       11         0
                text41                              E3C      E3C        F         0
                text40                              F0A      F0A       13         0
                text39                              DA8      DA8        5         0
                text38                              DB7      DB7        6         0
                text37                              F1D      F1D       13         0
                text36                              E0A      E0A        A         0
                text35                              E4B      E4B       10         0
                text34                              770      770       21         0
                text33                              74F      74F       21         0
                text32                              72E      72E       21         0
                text31                              70D      70D       21         0
                text30                              6EC      6EC       21         0
                text29                              6CB      6CB       21         0
                text28                              436      436       53         0
                text27                              E9F      E9F       11         0
                text26                              38D      38D       55         0
                text25                              E21      E21        D         0
                text24                              DDD      DDD        7         0
                text23                              DE4      DE4        7         0
                text22                              F84      F84       17         0
                text21                              5B8      5B8       3C         0
                text20                              7FF      7FF        1         0
                text19                              F9B      F9B       17         0
                text18                              DEB      DEB        7         0
                text17                              4DA      4DA       4C         0
                text16                              7EB      7EB       14         0
                text15                              489      489       51         0
                text14                              F30      F30       13         0
                text13                              DA1      DA1        3         0
                text12                                2        2        2         0
                text11                              DF9      DF9        8         0
                text10                              6A8      6A8       23         0
                text9                               DAD      DAD        5         0
                text8                               DBD      DBD        6         0
                text7                               DB2      DB2        5         0
                text6                               791      791       20         0
                text5                               DF2      DF2        7         0
                text4                               FCC      FCC       1A         0
                text3                               F57      F57       16         0
                text2                               DA4      DA4        4         0
                text1                               EF8      EF8       12         0
                maintext                             41       41       91         0
                clrtext                             DC3      DC3        6         0
                inittext                            DC9      DC9        6         0
                idataBANK1                          7D0      7D0       1B         0
                idataBANK0                          FE6      FE6       1A         0

        CLASS   STRCODE        
                stringtext1                         5F4      5F4       33         0

        CLASS   STRING         

        CLASS   CONST          

        CLASS   ENTRY          

        CLASS   COMMON         
                cstackCOMMON                         70       70        A         1
                bssCOMMON                            7A       7A        2         1

        CLASS   BANK0          
                cstackBANK0                          20       20       21         1
                dataBANK0                            41       41       1A         1
                bssBANK0                             65       65        A         1
                nvBANK0                              5B       5B        A         1

        CLASS   BANK1          
                dataBANK1                            D3       D3       1B         1
                bssBANK1                             A0       A0       33         1

        CLASS   BANK2          

        CLASS   BANK3          

        CLASS   BANK4          

        CLASS   BANK5          

        CLASS   BANK6          

        CLASS   BANK7          

        CLASS   BANK8          

        CLASS   BANK9          

        CLASS   BANK10         

        CLASS   BANK11         

        CLASS   BANK12         

        CLASS   BIGRAM         

        CLASS   RAM            

        CLASS   ABS1           
                abs_s1                               7E       7E        2         1

        CLASS   SFR0           

        CLASS   SFR1           

        CLASS   SFR2           

        CLASS   SFR3           

        CLASS   SFR4           

        CLASS   SFR5           

        CLASS   SFR6           

        CLASS   SFR7           

        CLASS   SFR8           

        CLASS   SFR9           

        CLASS   SFR10          

        CLASS   SFR11          

        CLASS   SFR12          

        CLASS   SFR13          

        CLASS   SFR14          

        CLASS   SFR15          

        CLASS   SFR16          

        CLASS   SFR17          

        CLASS   SFR18          

        CLASS   SFR19          

        CLASS   SFR20          

        CLASS   SFR21          

        CLASS   SFR22          

        CLASS   SFR23          

        CLASS   SFR24          

        CLASS   SFR25          

        CLASS   SFR26          

        CLASS   SFR27          

        CLASS   SFR28          

        CLASS   SFR29          

        CLASS   SFR30          

        CLASS   SFR31          

        CLASS   CONFIG         
                config                             8007     8007        2         4

        CLASS   IDLOC          
                idloc                              8000     8000        4         5

        CLASS   EEDATA         

        CLASS   BANK31         

        CLASS   BANK30         

        CLASS   BANK29         

        CLASS   BANK28         

        CLASS   BANK27         

        CLASS   BANK26         

        CLASS   BANK25         

        CLASS   BANK24         

        CLASS   BANK23         

        CLASS   BANK22         

        CLASS   BANK21         

        CLASS   BANK20         

        CLASS   BANK19         

        CLASS   BANK18         

        CLASS   BANK17         

        CLASS   BANK16         

        CLASS   BANK15         

        CLASS   BANK14         

        CLASS   BANK13         



SEGMENTS        Name                           Load    Length   Top    Selector   Space  Class     Delta

                text23                         000DE4  000007  000DEB      1BC8       0  CODE        2
                text72                         000DCF  000007  000DD6      1B9E       0  CODE        2
                text43                         000DD6  000007  000DDD      1BAC       0  CODE        2
                text24                         000DDD  000007  000DE4      1BBA       0  CODE        2
                text18                         000DEB  000007  000DF2      1BD6       0  CODE        2
                reset_vec                      000000  000004  000004         0       0  CODE        2
                text5                          000DF2  000007  000DF9      1BE4       0  CODE        2
                inittext                       000DC9  000006  000DCF      1B92       0  CODE        2
                clrtext                        000DC3  000006  000DC9      1B86       0  CODE        2
                text11                         000DF9  000008  000E01      1BF2       0  CODE        2
                text36                         000E0A  00000A  000E14      1C14       0  CODE        2
                text76                         000E01  000009  000E0A      1C02       0  CODE        2
                text8                          000DBD  000006  000DC3      1B7A       0  CODE        2
                text9                          000DAD  000005  000DB2      1B5A       0  CODE        2
                text2                          000DA4  000004  000DA8      1B48       0  CODE        2
                text39                         000DA8  000005  000DAD      1B50       0  CODE        2
                text7                          000DB2  000005  000DB7      1B64       0  CODE        2
                text38                         000DB7  000006  000DBD      1B6E       0  CODE        2
                text41                         000E3C  00000F  000E4B      1C78       0  CODE        2
                text35                         000E4B  000010  000E5B      1C96       0  CODE        2
                text25                         000E21  00000D  000E2E      1C42       0  CODE        2
                text78                         000E2E  00000E  000E3C      1C5C       0  CODE        2
                text65                         000E14  00000D  000E21      1C28       0  CODE        2
                text13                         000DA1  000003  000DA4      1B42       0  CODE        2
                text51                         000D99  000001  000D9A      1B32       0  CODE        2
                text77                         000D96  000001  000D97      1B2C       0  CODE        2
                text59                         000D98  000001  000D99      1B30       0  CODE        2
                text61                         000D97  000001  000D98      1B2E       0  CODE        2
                text50                         000D9C  000002  000D9E      1B38       0  CODE        2
                text70                         000D9A  000002  000D9C      1B34       0  CODE        2
                text62                         000D9E  000003  000DA1      1B3C       0  CODE        2
                text4                          000FCC  00001A  000FE6      1F98       0  CODE        2
                idataBANK0                     000FE6  00001A  001000      1FCC       0  CODE        2
                text60                         000627  0001D9  000800       C4E       0  CODE        2
                text45                         000FB2  00001A  000FCC      1F64       0  CODE        2
                text67                         000F6D  000017  000F84      1EDA       0  CODE        2
                text22                         000F84  000017  000F9B      1F08       0  CODE        2
                text19                         000F9B  000017  000FB2      1F36       0  CODE        2
                stringtext1                    0005F4  000033  000627       BE8       0  STRCODE     2
                bssBANK1                       0000A0  00004E  0000EE        A0       1  BANK1       1
                cstackCOMMON                   000070  00000C  00007C        70       1  COMMON      1
                intentry                       000004  0005F0  0005F4         8       0  CODE        2
                cstackBANK0                    000020  00004F  00006F        20       1  BANK0       1
                text27                         000E9F  000011  000EB0      1D3E       0  CODE        2
                text75                         000EB0  000012  000EC2      1D60       0  CODE        2
                text73                         000EC2  000012  000ED4      1D84       0  CODE        2
                text42                         000E8E  000011  000E9F      1D1C       0  CODE        2
                text68                         000E5B  000011  000E6C      1CB6       0  CODE        2
                text58                         000E6C  000011  000E7D      1CD8       0  CODE        2
                text44                         000E7D  000011  000E8E      1CFA       0  CODE        2
                text57                         000ED4  000012  000EE6      1DA8       0  CODE        2
                text14                         000F30  000013  000F43      1E60       0  CODE        2
                text49                         000F43  000014  000F57      1E86       0  CODE        2
                text3                          000F57  000016  000F6D      1EAE       0  CODE        2
                text37                         000F1D  000013  000F30      1E3A       0  CODE        2
                text47                         000EE6  000012  000EF8      1DCC       0  CODE        2
                text1                          000EF8  000012  000F0A      1DF0       0  CODE        2
                text40                         000F0A  000013  000F1D      1E14       0  CODE        2


UNUSED ADDRESS RANGES

        Name                Unused          Largest block    Delta
        BANK0            0006F-0006F               1           1
        BANK1            000EE-000EF               2           1
        BANK10           00520-0056F              50           1
        BANK11           005A0-005EF              50           1
        BANK12           00620-0064F              30           1
        BANK2            00120-0016F              50           1
        BANK3            001A0-001EF              50           1
        BANK4            00220-0026F              50           1
        BANK5            002A0-002EF              50           1
        BANK6            00320-0036F              50           1
        BANK7            003A0-003EF              50           1
        BANK8            00420-0046F              50           1
        BANK9            004A0-004EF              50           1
        BIGRAM           02000-023EF             3F0           1
        CODE             00800-00D95             596           2
                         01000-03FFF             800
        COMMON           0007C-0007D               2           1
        CONST            00800-00D95             100           2
                         01000-03FFF             100
        EEDATA           0F000-0F0FF             100           2
        ENTRY            00800-00D95             100           2
                         01000-03FFF             100
        RAM              0006F-0006F               1           1
                         000EE-000EF               2
                         00120-0016F              50
                         001A0-001EF              50
                         00220-0026F              50
                         002A0-002EF              50
                         00320-0036F              50
                         003A0-003EF              50
                         00420-0046F              50
                         004A0-004EF              50
                         00520-0056F              50
                         005A0-005EF              50
                         00620-0064F              30
        SFR0             00000-0001F              20           1
        SFR1             00080-0009F              20           1
        SFR10            00500-0051F              20           1
        SFR11            00580-0059F              20           1
        SFR12            00600-0061F              20           1
        SFR13            00680-006EF              70           1
        SFR14            00700-0076F              70           1
        SFR15            00780-007EF              70           1
        SFR16            00800-0086F              70           1
        SFR17            00880-008EF              70           1
        SFR18            00900-0096F              70           1
        SFR19            00980-009EF              70           1
        SFR2             00100-0011F              20           1
        SFR20            00A00-00A6F              70           1
        SFR21            00A80-00AEF              70           1
        SFR22            00B00-00B6F              70           1
        SFR23            00B80-00BEF              70           1
        SFR24            00C00-00C6F              70           1
        SFR25            00C80-00CEF              70           1
        SFR26            00D00-00D6F              70           1
        SFR27            00D80-00DEF              70           1
        SFR28            00E00-00E6F              70           1
        SFR29            00E80-00EEF              70           1
        SFR3             00180-0019F              20           1
        SFR30            00F00-00F6F              70           1
        SFR31            00F80-00FEF              70           1
        SFR4             00200-0021F              20           1
        SFR5             00280-0029F              20           1
        SFR6             00300-0031F              20           1
        SFR7             00380-0039F              20           1
        SFR8             00400-0041F              20           1
        SFR9             00480-0049F              20           1
        STACK            0209E-023EF             352           1
        STRCODE          00800-00D95             596           2
                         01000-03FFF            3000
        STRING           00800-00D95             100           2
                         01000-03FFF             100

                                  Symbol Table

?_MTOUCH_Sensor_RawSample_Get                  cstackCOMMON 00076
?_abs                                          cstackCOMMON 00072
Button_Baseline_Initialize@button              cstackBANK0  00024
Button_Baseline_Update@button                  cstackCOMMON 00078
Button_DefaultCallback@button                  cstackCOMMON 00072
Button_Deviation_Update@button                 cstackCOMMON 00072
Button_Deviation_Update@deviation              cstackCOMMON 00073
Button_Reading_Update@button                   cstackBANK0  00023
Button_Reading_Update_Helper@button            cstackBANK0  00022
Button_Reburst_Request@button                  cstackCOMMON 00072
Button_Service@button                          cstackBANK0  0002C
Button_Service@name                            cstackBANK0  0002B
Button_State_Disabled@button                   cstackBANK0  00025
Button_State_Initializing@button               cstackBANK0  00025
Button_State_NotPressed@button                 cstackBANK0  00025
Button_State_PressDebounce@button              cstackBANK0  00025
Button_State_Pressed@button                    cstackBANK0  00025
Button_State_ReleaseDebounce@button            cstackBANK0  00025
Button_State_Suspended@button                  cstackBANK0  00025
Button_Tick_helper@button                      cstackBANK0  00020
DELAY_milliseconds@milliseconds                cstackCOMMON 00072
EUSART_SetErrorHandler@interruptHandler        cstackCOMMON 00072
EUSART_SetFramingErrorHandler@interruptHandler cstackCOMMON 00072
EUSART_SetOverrunErrorHandler@interruptHandler cstackCOMMON 00072
EUSART_Write@txData                            cstackCOMMON 00072
MTOUCH_Button_Initialize@button                cstackCOMMON 00074
MTOUCH_Button_Initialize@name                  cstackCOMMON 00073
MTOUCH_Button_InitializeAll@button             cstackCOMMON 00078
MTOUCH_Button_ServiceAll@button                cstackBANK0  0002E
MTOUCH_Button_Tick@i                           cstackBANK0  00022
MTOUCH_Button_isPressed@name                   cstackCOMMON 00073
MTOUCH_Delay@i                                 cstackCOMMON 00073
MTOUCH_Random@seed                             bssCOMMON    0007A
MTOUCH_Sensor_Disable@sensor                   cstackCOMMON 00077
MTOUCH_Sensor_Enable@sensor                    cstackCOMMON 00077
MTOUCH_Sensor_Initialize@sensor                cstackCOMMON 00079
MTOUCH_Sensor_InitializeAll@sensor             cstackBANK0  00021
MTOUCH_Sensor_RawSample_Get@name               cstackCOMMON 00079
MTOUCH_Sensor_SampleAll@sensor                 cstackBANK0  0002F
MTOUCH_Sensor_Sampled_ResetAll@sensor          cstackCOMMON 00074
MTOUCH_Sensor_wasSampled@sensor                cstackCOMMON 00077
MTOUCH_needReburst@needReburst                 cstackCOMMON 00073
Sensor_Acq_ExecutePacket@ADCON0_temp           cstackBANK0  00021
Sensor_Acq_ExecutePacket@ADCON1_temp           cstackBANK0  00022
Sensor_Acq_ExecutePacket@GIE_state             cstackBANK0  00023
Sensor_Acq_ExecutePacket@error                 cstackBANK0  00024
Sensor_Acq_ExecutePacket@sensor                cstackBANK0  00025
Sensor_Acq_ExecuteScan@result                  cstackCOMMON 00078
Sensor_Acquisition@retry                       cstackBANK0  00027
Sensor_Acquisition@sensor                      cstackBANK0  00028
Sensor_DefaultCallback@sensor                  cstackCOMMON 00072
Sensor_RawSample_Update@sensor                 cstackCOMMON 00072
Sensor_Sampled_Reset@sensor                    cstackCOMMON 00072
Sensor_Service@error                           cstackBANK0  0002C
Sensor_Service@name                            cstackBANK0  0002B
Sensor_Service@sensor                          cstackBANK0  0002D
Sensor_isEnabled@sensor                        cstackCOMMON 00072
Sensor_setActive@sensor                        cstackCOMMON 00072
Sensor_setInactive@sensor                      cstackCOMMON 00072
Sensor_setSampled@sensor                       cstackCOMMON 00072
Sensor_setScanFunction@sensor                  cstackCOMMON 00072
TMR1_SetInterruptHandler@InterruptHandler      cstackCOMMON 00072
TMR1_WriteTimer@timerVal                       cstackCOMMON 00070
_ADCON0                                        (abs)        0009D
_ADCON0bits                                    (abs)        0009D
_ADCON1                                        (abs)        0009E
_ADRES                                         (abs)        0009B
_ANSELA                                        (abs)        0018C
_ANSELB                                        (abs)        0018D
_APFCON                                        (abs)        0011D
_BAUDCON                                       (abs)        0019F
_BORCON                                        (abs)        00116
_Button_Baseline_Initialize                    text64       00653
_Button_Baseline_Update                        text63       00161
_Button_DefaultCallback                        text59       00D98
_Button_Deviation_Update                       text69       001E8
_Button_Reading_Update                         text65       00E14
_Button_Reading_Update_Helper                  text66       00526
_Button_Reburst_Clear                          text70       00D9A
_Button_Reburst_Request                        text62       00D9E
_Button_Service                                text48       00571
_Button_StateMachine                           dataBANK0    00041
_Button_State_Disabled                         text51       00D99
_Button_State_Initializing                     text56       002D6
_Button_State_NotPressed                       text55       000D2
_Button_State_PressDebounce                    text54       00332
_Button_State_Pressed                          text53       003E2
_Button_State_ReleaseDebounce                  text52       0026B
_Button_State_Suspended                        text57       00ED4
_Button_Tick_helper                            text15       00489
_DELAY_milliseconds                            text73       00EC2
_EUSART_DefaultErrorHandler                    (abs)        00000
_EUSART_DefaultFramingErrorHandler             (abs)        00000
_EUSART_DefaultOverrunErrorHandler             (abs)        00000
_EUSART_ErrorHandler                           nvBANK0      0005F
_EUSART_FramingErrorHandler                    nvBANK0      00063
_EUSART_Initialize                             text6        00791
_EUSART_OverrunErrorHandler                    nvBANK0      00061
_EUSART_SetErrorHandler                        text9        00DAD
_EUSART_SetFramingErrorHandler                 text8        00DBD
_EUSART_SetOverrunErrorHandler                 text7        00DB2
_EUSART_Write                                  text72       00DCF
_GIE                                           (abs)        0005F
_INTCONbits                                    (abs)        0000B
_INTERRUPT_InterruptManager                    intentry     00004
_LATA                                          (abs)        0010C
_LATB                                          (abs)        0010D
_LATC                                          (abs)        0010E
_LATCbits                                      (abs)        0010E
_LATE                                          (abs)        00110
_MTOUCH_Button_Initialize                      text60       00627
_MTOUCH_Button_InitializeAll                   text45       00FB2
_MTOUCH_Button_Reburst_Service                 text12       00002
_MTOUCH_Button_ServiceAll                      text47       00EE6
_MTOUCH_Button_Tick                            text14       00F30
_MTOUCH_Button_isPressed                       text71       007B1
_MTOUCH_Button_isPressed$1382                  cstackCOMMON 00072
_MTOUCH_CVD_ScanA_0                            text33       0074F
_MTOUCH_CVD_ScanA_1                            text32       0072E
_MTOUCH_CVD_ScanA_2                            text34       00770
_MTOUCH_CVD_ScanB_0                            text30       006EC
_MTOUCH_CVD_ScanB_1                            text29       006CB
_MTOUCH_CVD_ScanB_2                            text31       0070D
_MTOUCH_Delay                                  text36       00E0A
_MTOUCH_Initialize                             text37       00F1D
_MTOUCH_Random                                 text35       00E4B
_MTOUCH_ScanScheduler                          text76       00E01
_MTOUCH_Sensor_Calibrate                       text61       00D97
_MTOUCH_Sensor_Disable                         text58       00E6C
_MTOUCH_Sensor_Enable                          text44       00E7D
_MTOUCH_Sensor_Initialize                      text42       00E8E
_MTOUCH_Sensor_InitializeAll                   text41       00E3C
_MTOUCH_Sensor_RawSample_Get                   text67       00F6D
_MTOUCH_Sensor_SampleAll                       text16       007EB
_MTOUCH_Sensor_Sampled_ResetAll                text40       00F0A
_MTOUCH_Sensor_Scan_Initialize                 text39       00DA8
_MTOUCH_Sensor_isCalibrated                    text50       00D9C
_MTOUCH_Sensor_wasSampled                      text49       00F43
_MTOUCH_Service_Mainloop                       text10       006A8
_MTOUCH_Tick                                   text13       00DA1
_MTOUCH_needReburst                            text11       00DF9
_OPTION_REGbits                                (abs)        00095
_OSCCON                                        (abs)        00099
_OSCILLATOR_Initialize                         text5        00DF2
_OSCTUNE                                       (abs)        00098
_PIE1bits                                      (abs)        00091
_PIN_MANAGER_Initialize                        text4        00FCC
_PIR1bits                                      (abs)        00011
_RCSTA                                         (abs)        0019D
_SPBRGH                                        (abs)        0019C
_SPBRGL                                        (abs)        0019B
_SYSTEM_Initialize                             text1        00EF8
_Sensor_Acq_ExecutePacket                      text26       0038D
_Sensor_Acq_ExecuteScan                        text28       00436
_Sensor_Acquisition                            text21       005B8
_Sensor_DefaultCallback                        text20       007FF
_Sensor_RawSample_Update                       text19       00F9B
_Sensor_Sampled_Reset                          text43       00DD6
_Sensor_Service                                text17       004DA
_Sensor_isEnabled                              text25       00E21
_Sensor_scanA                                  dataBANK0    00055
_Sensor_scanB                                  dataBANK0    00053
_Sensor_setActive                              text24       00DDD
_Sensor_setInactive                            text23       00DE4
_Sensor_setSampled                             text18       00DEB
_Sensor_setScanFunction                        text27       00E9F
_T1CON                                         (abs)        00018
_T1CONbits                                     (abs)        00018
_T1GCON                                        (abs)        00019
_TMR1H                                         (abs)        00017
_TMR1L                                         (abs)        00016
_TMR1_DefaultInterruptHandler                  text77       00D96
_TMR1_ISR                                      text75       00EB0
_TMR1_Initialize                               text3        00F57
_TMR1_InterruptHandler                         nvBANK0      0005B
_TMR1_SetInterruptHandler                      text38       00DB7
_TMR1_WriteTimer                               text78       00E2E
_TRISA                                         (abs)        0008C
_TRISB                                         (abs)        0008D
_TRISC                                         (abs)        0008E
_TRISE                                         (abs)        00090
_TXREG                                         (abs)        0019A
_TXSTA                                         (abs)        0019E
_WDTCON                                        (abs)        00097
_WDT_Initialize                                text2        00DA4
_WPUB                                          (abs)        0020D
_WPUE                                          (abs)        00210
__Habs1                                        abs1         00000
__Hbank0                                       bank0        00000
__Hbank1                                       bank1        00000
__Hbank10                                      bank10       00000
__Hbank11                                      bank11       00000
__Hbank12                                      bank12       00000
__Hbank13                                      bank13       00000
__Hbank14                                      bank14       00000
__Hbank15                                      bank15       00000
__Hbank16                                      bank16       00000
__Hbank17                                      bank17       00000
__Hbank18                                      bank18       00000
__Hbank19                                      bank19       00000
__Hbank2                                       bank2        00000
__Hbank20                                      bank20       00000
__Hbank21                                      bank21       00000
__Hbank22                                      bank22       00000
__Hbank23                                      bank23       00000
__Hbank24                                      bank24       00000
__Hbank25                                      bank25       00000
__Hbank26                                      bank26       00000
__Hbank27                                      bank27       00000
__Hbank28                                      bank28       00000
__Hbank29                                      bank29       00000
__Hbank3                                       bank3        00000
__Hbank30                                      bank30       00000
__Hbank31                                      bank31       00000
__Hbank4                                       bank4        00000
__Hbank5                                       bank5        00000
__Hbank6                                       bank6        00000
__Hbank7                                       bank7        00000
__Hbank8                                       bank8        00000
__Hbank9                                       bank9        00000
__Hbigram                                      bigram       00000
__HbssBANK0                                    bssBANK0     00000
__HbssBANK1                                    bssBANK1     00000
__HbssCOMMON                                   bssCOMMON    00000
__Hcinit                                       cinit        00041
__Hclrtext                                     clrtext      00000
__Hcode                                        code         00000
__Hcommon                                      common       00000
__Hconfig                                      config       08009
__HcstackBANK0                                 cstackBANK0  00000
__HcstackCOMMON                                cstackCOMMON 00000
__HdataBANK0                                   dataBANK0    00000
__HdataBANK1                                   dataBANK1    00000
__Heeprom_data                                 eeprom_data  00000
__Hend_init                                    end_init     00014
__Hfunctab                                     functab      00000
__HidataBANK0                                  idataBANK0   00000
__HidataBANK1                                  idataBANK1   00000
__Hidloc                                       idloc        08004
__Hinit                                        init         00012
__Hinittext                                    inittext     00000
__Hintentry                                    intentry     00012
__Hmaintext                                    maintext     00000
__HnvBANK0                                     nvBANK0      00000
__Hpowerup                                     powerup      00000
__Hram                                         ram          00000
__Hreset_vec                                   reset_vec    00002
__Hsfr0                                        sfr0         00000
__Hsfr1                                        sfr1         00000
__Hsfr10                                       sfr10        00000
__Hsfr11                                       sfr11        00000
__Hsfr12                                       sfr12        00000
__Hsfr13                                       sfr13        00000
__Hsfr14                                       sfr14        00000
__Hsfr15                                       sfr15        00000
__Hsfr16                                       sfr16        00000
__Hsfr17                                       sfr17        00000
__Hsfr18                                       sfr18        00000
__Hsfr19                                       sfr19        00000
__Hsfr2                                        sfr2         00000
__Hsfr20                                       sfr20        00000
__Hsfr21                                       sfr21        00000
__Hsfr22                                       sfr22        00000
__Hsfr23                                       sfr23        00000
__Hsfr24                                       sfr24        00000
__Hsfr25                                       sfr25        00000
__Hsfr26                                       sfr26        00000
__Hsfr27                                       sfr27        00000
__Hsfr28                                       sfr28        00000
__Hsfr29                                       sfr29        00000
__Hsfr3                                        sfr3         00000
__Hsfr30                                       sfr30        00000
__Hsfr31                                       sfr31        00000
__Hsfr4                                        sfr4         00000
__Hsfr5                                        sfr5         00000
__Hsfr6                                        sfr6         00000
__Hsfr7                                        sfr7         00000
__Hsfr8                                        sfr8         00000
__Hsfr9                                        sfr9         00000
__Hspace_0                                     (abs)        01000
__Hspace_1                                     (abs)        000EE
__Hspace_2                                     (abs)        00000
__Hspace_3                                     (abs)        00000
__Hspace_4                                     (abs)        10010
__Hstack                                       stack        00000
__Hstrings                                     strings      00000
__Hstringtext1                                 stringtext1  00000
__Htext                                        text         00000
__Labs1                                        abs1         00000
__Lbank0                                       bank0        00000
__Lbank1                                       bank1        00000
__Lbank10                                      bank10       00000
__Lbank11                                      bank11       00000
__Lbank12                                      bank12       00000
__Lbank13                                      bank13       00000
__Lbank14                                      bank14       00000
__Lbank15                                      bank15       00000
__Lbank16                                      bank16       00000
__Lbank17                                      bank17       00000
__Lbank18                                      bank18       00000
__Lbank19                                      bank19       00000
__Lbank2                                       bank2        00000
__Lbank20                                      bank20       00000
__Lbank21                                      bank21       00000
__Lbank22                                      bank22       00000
__Lbank23                                      bank23       00000
__Lbank24                                      bank24       00000
__Lbank25                                      bank25       00000
__Lbank26                                      bank26       00000
__Lbank27                                      bank27       00000
__Lbank28                                      bank28       00000
__Lbank29                                      bank29       00000
__Lbank3                                       bank3        00000
__Lbank30                                      bank30       00000
__Lbank31                                      bank31       00000
__Lbank4                                       bank4        00000
__Lbank5                                       bank5        00000
__Lbank6                                       bank6        00000
__Lbank7                                       bank7        00000
__Lbank8                                       bank8        00000
__Lbank9                                       bank9        00000
__Lbigram                                      bigram       00000
__LbssBANK0                                    bssBANK0     00000
__LbssBANK1                                    bssBANK1     00000
__LbssCOMMON                                   bssCOMMON    00000
__Lcinit                                       cinit        00014
__Lclrtext                                     clrtext      00000
__Lcode                                        code         00000
__Lcommon                                      common       00000
__Lconfig                                      config       00000
__LcstackBANK0                                 cstackBANK0  00000
__LcstackCOMMON                                cstackCOMMON 00000
__LdataBANK0                                   dataBANK0    00000
__LdataBANK1                                   dataBANK1    00000
__Leeprom_data                                 eeprom_data  00000
__Lend_init                                    end_init     00012
__Lfunctab                                     functab      00000
__LidataBANK0                                  idataBANK0   00000
__LidataBANK1                                  idataBANK1   00000
__Lidloc                                       idloc        00000
__Linit                                        init         00012
__Linittext                                    inittext     00000
__Lintentry                                    intentry     00004
__Lmaintext                                    maintext     00000
__LnvBANK0                                     nvBANK0      00000
__Lpowerup                                     powerup      00000
__Lram                                         ram          00000
__Lreset_vec                                   reset_vec    00000
__Lsfr0                                        sfr0         00000
__Lsfr1                                        sfr1         00000
__Lsfr10                                       sfr10        00000
__Lsfr11                                       sfr11        00000
__Lsfr12                                       sfr12        00000
__Lsfr13                                       sfr13        00000
__Lsfr14                                       sfr14        00000
__Lsfr15                                       sfr15        00000
__Lsfr16                                       sfr16        00000
__Lsfr17                                       sfr17        00000
__Lsfr18                                       sfr18        00000
__Lsfr19                                       sfr19        00000
__Lsfr2                                        sfr2         00000
__Lsfr20                                       sfr20        00000
__Lsfr21                                       sfr21        00000
__Lsfr22                                       sfr22        00000
__Lsfr23                                       sfr23        00000
__Lsfr24                                       sfr24        00000
__Lsfr25                                       sfr25        00000
__Lsfr26                                       sfr26        00000
__Lsfr27                                       sfr27        00000
__Lsfr28                                       sfr28        00000
__Lsfr29                                       sfr29        00000
__Lsfr3                                        sfr3         00000
__Lsfr30                                       sfr30        00000
__Lsfr31                                       sfr31        00000
__Lsfr4                                        sfr4         00000
__Lsfr5                                        sfr5         00000
__Lsfr6                                        sfr6         00000
__Lsfr7                                        sfr7         00000
__Lsfr8                                        sfr8         00000
__Lsfr9                                        sfr9         00000
__Lspace_0                                     (abs)        00000
__Lspace_1                                     (abs)        00000
__Lspace_2                                     (abs)        00000
__Lspace_3                                     (abs)        00000
__Lspace_4                                     (abs)        00000
__Lstack                                       stack        00000
__Lstrings                                     strings      00000
__Lstringtext1                                 stringtext1  00000
__Ltext                                        text         00000
__S0                                           (abs)        01000
__S1                                           (abs)        000EE
__S2                                           (abs)        00000
__S3                                           (abs)        00000
___bmul                                        text68       00E5B
___bmul@multiplicand                           cstackCOMMON 00072
___bmul@multiplier                             cstackCOMMON 00075
___bmul@product                                cstackCOMMON 00074
___int_sp                                      stack        00000
___latbits                                     (abs)        00003
___sp                                          stack        00000
___stackhi                                     (abs)        023EF
___stacklo                                     (abs)        0209E
__end_of_Button_Baseline_Initialize            text64       0067E
__end_of_Button_Baseline_Update                text63       001E8
__end_of_Button_DefaultCallback                text59       00D99
__end_of_Button_Deviation_Update               text69       0026B
__end_of_Button_Reading_Update                 text65       00E21
__end_of_Button_Reading_Update_Helper          text66       00571
__end_of_Button_Reburst_Clear                  text70       00D9C
__end_of_Button_Reburst_Request                text62       00DA1
__end_of_Button_Service                        text48       005B8
__end_of_Button_State_Disabled                 text51       00D9A
__end_of_Button_State_Initializing             text56       00332
__end_of_Button_State_NotPressed               text55       00161
__end_of_Button_State_PressDebounce            text54       0038D
__end_of_Button_State_Pressed                  text53       00436
__end_of_Button_State_ReleaseDebounce          text52       002D6
__end_of_Button_State_Suspended                text57       00EE6
__end_of_Button_Tick_helper                    text15       004DA
__end_of_DELAY_milliseconds                    text73       00ED4
__end_of_EUSART_Initialize                     text6        007B1
__end_of_EUSART_SetErrorHandler                text9        00DB2
__end_of_EUSART_SetFramingErrorHandler         text8        00DC3
__end_of_EUSART_SetOverrunErrorHandler         text7        00DB7
__end_of_EUSART_Write                          text72       00DD6
__end_of_INTERRUPT_InterruptManager            intentry     00012
__end_of_MTOUCH_Button_Initialize              text60       00653
__end_of_MTOUCH_Button_InitializeAll           text45       00FCC
__end_of_MTOUCH_Button_Reburst_Service         text12       00004
__end_of_MTOUCH_Button_ServiceAll              text47       00EF8
__end_of_MTOUCH_Button_Tick                    text14       00F43
__end_of_MTOUCH_Button_isPressed               text71       007D0
__end_of_MTOUCH_CVD_ScanA_0                    text33       00770
__end_of_MTOUCH_CVD_ScanA_1                    text32       0074F
__end_of_MTOUCH_CVD_ScanA_2                    text34       00791
__end_of_MTOUCH_CVD_ScanB_0                    text30       0070D
__end_of_MTOUCH_CVD_ScanB_1                    text29       006EC
__end_of_MTOUCH_CVD_ScanB_2                    text31       0072E
__end_of_MTOUCH_Delay                          text36       00E14
__end_of_MTOUCH_Initialize                     text37       00F30
__end_of_MTOUCH_Random                         text35       00E5B
__end_of_MTOUCH_ScanScheduler                  text76       00E0A
__end_of_MTOUCH_Sensor_Calibrate               text61       00D98
__end_of_MTOUCH_Sensor_Disable                 text58       00E7D
__end_of_MTOUCH_Sensor_Enable                  text44       00E8E
__end_of_MTOUCH_Sensor_Initialize              text42       00E9F
__end_of_MTOUCH_Sensor_InitializeAll           text41       00E4B
__end_of_MTOUCH_Sensor_RawSample_Get           text67       00F84
__end_of_MTOUCH_Sensor_SampleAll               text16       007FF
__end_of_MTOUCH_Sensor_Sampled_ResetAll        text40       00F1D
__end_of_MTOUCH_Sensor_Scan_Initialize         text39       00DAD
__end_of_MTOUCH_Sensor_isCalibrated            text50       00D9E
__end_of_MTOUCH_Sensor_wasSampled              text49       00F57
__end_of_MTOUCH_Service_Mainloop               text10       006CB
__end_of_MTOUCH_Tick                           text13       00DA4
__end_of_MTOUCH_needReburst                    text11       00E01
__end_of_OSCILLATOR_Initialize                 text5        00DF9
__end_of_PIN_MANAGER_Initialize                text4        00FE6
__end_of_SYSTEM_Initialize                     text1        00F0A
__end_of_Sensor_Acq_ExecutePacket              text26       003E2
__end_of_Sensor_Acq_ExecuteScan                text28       00489
__end_of_Sensor_Acquisition                    text21       005F4
__end_of_Sensor_DefaultCallback                text20       00800
__end_of_Sensor_RawSample_Update               text19       00FB2
__end_of_Sensor_Sampled_Reset                  text43       00DDD
__end_of_Sensor_Service                        text17       00526
__end_of_Sensor_isEnabled                      text25       00E2E
__end_of_Sensor_setActive                      text24       00DE4
__end_of_Sensor_setInactive                    text23       00DEB
__end_of_Sensor_setSampled                     text18       00DF2
__end_of_Sensor_setScanFunction                text27       00EB0
__end_of_TMR1_DefaultInterruptHandler          text77       00D97
__end_of_TMR1_ISR                              text75       00EC2
__end_of_TMR1_Initialize                       text3        00F6D
__end_of_TMR1_SetInterruptHandler              text38       00DBD
__end_of_TMR1_WriteTimer                       text78       00E3C
__end_of_WDT_Initialize                        text2        00DA8
__end_of___bmul                                text68       00E6C
__end_of__initialization                       cinit        0003D
__end_of_abs                                   text22       00F9B
__end_of_main                                  maintext     000D2
__end_of_memcpy                                text46       006A8
__end_of_mtouch_button_init                    stringtext1  00627
__initialization                               cinit        00014
__pbssBANK0                                    bssBANK0     00065
__pbssBANK1                                    bssBANK1     000A0
__pbssCOMMON                                   bssCOMMON    0007A
__pcstackBANK0                                 cstackBANK0  00020
__pcstackCOMMON                                cstackCOMMON 00070
__pdataBANK0                                   dataBANK0    00041
__pdataBANK1                                   dataBANK1    000D3
__pidataBANK0                                  idataBANK0   00FE6
__pidataBANK1                                  idataBANK1   007D0
__pintentry                                    intentry     00004
__pmaintext                                    maintext     00041
__pnvBANK0                                     nvBANK0      0005B
__pstringtext1                                 stringtext1  005F4
__ptext1                                       text1        00EF8
__ptext10                                      text10       006A8
__ptext11                                      text11       00DF9
__ptext12                                      text12       00002
__ptext13                                      text13       00DA1
__ptext14                                      text14       00F30
__ptext15                                      text15       00489
__ptext16                                      text16       007EB
__ptext17                                      text17       004DA
__ptext18                                      text18       00DEB
__ptext19                                      text19       00F9B
__ptext2                                       text2        00DA4
__ptext20                                      text20       007FF
__ptext21                                      text21       005B8
__ptext22                                      text22       00F84
__ptext23                                      text23       00DE4
__ptext24                                      text24       00DDD
__ptext25                                      text25       00E21
__ptext26                                      text26       0038D
__ptext27                                      text27       00E9F
__ptext28                                      text28       00436
__ptext29                                      text29       006CB
__ptext3                                       text3        00F57
__ptext30                                      text30       006EC
__ptext31                                      text31       0070D
__ptext32                                      text32       0072E
__ptext33                                      text33       0074F
__ptext34                                      text34       00770
__ptext35                                      text35       00E4B
__ptext36                                      text36       00E0A
__ptext37                                      text37       00F1D
__ptext38                                      text38       00DB7
__ptext39                                      text39       00DA8
__ptext4                                       text4        00FCC
__ptext40                                      text40       00F0A
__ptext41                                      text41       00E3C
__ptext42                                      text42       00E8E
__ptext43                                      text43       00DD6
__ptext44                                      text44       00E7D
__ptext45                                      text45       00FB2
__ptext46                                      text46       0067E
__ptext47                                      text47       00EE6
__ptext48                                      text48       00571
__ptext49                                      text49       00F43
__ptext5                                       text5        00DF2
__ptext50                                      text50       00D9C
__ptext51                                      text51       00D99
__ptext52                                      text52       0026B
__ptext53                                      text53       003E2
__ptext54                                      text54       00332
__ptext55                                      text55       000D2
__ptext56                                      text56       002D6
__ptext57                                      text57       00ED4
__ptext58                                      text58       00E6C
__ptext59                                      text59       00D98
__ptext6                                       text6        00791
__ptext60                                      text60       00627
__ptext61                                      text61       00D97
__ptext62                                      text62       00D9E
__ptext63                                      text63       00161
__ptext64                                      text64       00653
__ptext65                                      text65       00E14
__ptext66                                      text66       00526
__ptext67                                      text67       00F6D
__ptext68                                      text68       00E5B
__ptext69                                      text69       001E8
__ptext7                                       text7        00DB2
__ptext70                                      text70       00D9A
__ptext71                                      text71       007B1
__ptext72                                      text72       00DCF
__ptext73                                      text73       00EC2
__ptext75                                      text75       00EB0
__ptext76                                      text76       00E01
__ptext77                                      text77       00D96
__ptext78                                      text78       00E2E
__ptext8                                       text8        00DBD
__ptext9                                       text9        00DAD
__size_of_Button_Baseline_Initialize           (abs)        00000
__size_of_Button_Baseline_Update               (abs)        00000
__size_of_Button_DefaultCallback               (abs)        00000
__size_of_Button_Deviation_Update              (abs)        00000
__size_of_Button_Reading_Update                (abs)        00000
__size_of_Button_Reading_Update_Helper         (abs)        00000
__size_of_Button_Reburst_Clear                 (abs)        00000
__size_of_Button_Reburst_Request               (abs)        00000
__size_of_Button_Service                       (abs)        00000
__size_of_Button_State_Disabled                (abs)        00000
__size_of_Button_State_Initializing            (abs)        00000
__size_of_Button_State_NotPressed              (abs)        00000
__size_of_Button_State_PressDebounce           (abs)        00000
__size_of_Button_State_Pressed                 (abs)        00000
__size_of_Button_State_ReleaseDebounce         (abs)        00000
__size_of_Button_State_Suspended               (abs)        00000
__size_of_Button_Tick_helper                   (abs)        00000
__size_of_DELAY_milliseconds                   (abs)        00000
__size_of_EUSART_Initialize                    (abs)        00000
__size_of_EUSART_SetErrorHandler               (abs)        00000
__size_of_EUSART_SetFramingErrorHandler        (abs)        00000
__size_of_EUSART_SetOverrunErrorHandler        (abs)        00000
__size_of_EUSART_Write                         (abs)        00000
__size_of_INTERRUPT_InterruptManager           (abs)        00000
__size_of_MTOUCH_Button_Initialize             (abs)        00000
__size_of_MTOUCH_Button_InitializeAll          (abs)        00000
__size_of_MTOUCH_Button_Reburst_Service        (abs)        00000
__size_of_MTOUCH_Button_ServiceAll             (abs)        00000
__size_of_MTOUCH_Button_Tick                   (abs)        00000
__size_of_MTOUCH_Button_isPressed              (abs)        00000
__size_of_MTOUCH_CVD_ScanA_0                   (abs)        00000
__size_of_MTOUCH_CVD_ScanA_1                   (abs)        00000
__size_of_MTOUCH_CVD_ScanA_2                   (abs)        00000
__size_of_MTOUCH_CVD_ScanB_0                   (abs)        00000
__size_of_MTOUCH_CVD_ScanB_1                   (abs)        00000
__size_of_MTOUCH_CVD_ScanB_2                   (abs)        00000
__size_of_MTOUCH_Delay                         (abs)        00000
__size_of_MTOUCH_Initialize                    (abs)        00000
__size_of_MTOUCH_Random                        (abs)        00000
__size_of_MTOUCH_ScanScheduler                 (abs)        00000
__size_of_MTOUCH_Sensor_Calibrate              (abs)        00000
__size_of_MTOUCH_Sensor_Disable                (abs)        00000
__size_of_MTOUCH_Sensor_Enable                 (abs)        00000
__size_of_MTOUCH_Sensor_Initialize             (abs)        00000
__size_of_MTOUCH_Sensor_InitializeAll          (abs)        00000
__size_of_MTOUCH_Sensor_RawSample_Get          (abs)        00000
__size_of_MTOUCH_Sensor_SampleAll              (abs)        00000
__size_of_MTOUCH_Sensor_Sampled_ResetAll       (abs)        00000
__size_of_MTOUCH_Sensor_Scan_Initialize        (abs)        00000
__size_of_MTOUCH_Sensor_isCalibrated           (abs)        00000
__size_of_MTOUCH_Sensor_wasSampled             (abs)        00000
__size_of_MTOUCH_Service_Mainloop              (abs)        00000
__size_of_MTOUCH_Tick                          (abs)        00000
__size_of_MTOUCH_needReburst                   (abs)        00000
__size_of_OSCILLATOR_Initialize                (abs)        00000
__size_of_PIN_MANAGER_Initialize               (abs)        00000
__size_of_SYSTEM_Initialize                    (abs)        00000
__size_of_Sensor_Acq_ExecutePacket             (abs)        00000
__size_of_Sensor_Acq_ExecuteScan               (abs)        00000
__size_of_Sensor_Acquisition                   (abs)        00000
__size_of_Sensor_DefaultCallback               (abs)        00000
__size_of_Sensor_RawSample_Update              (abs)        00000
__size_of_Sensor_Sampled_Reset                 (abs)        00000
__size_of_Sensor_Service                       (abs)        00000
__size_of_Sensor_isEnabled                     (abs)        00000
__size_of_Sensor_setActive                     (abs)        00000
__size_of_Sensor_setInactive                   (abs)        00000
__size_of_Sensor_setSampled                    (abs)        00000
__size_of_Sensor_setScanFunction               (abs)        00000
__size_of_TMR1_DefaultInterruptHandler         (abs)        00000
__size_of_TMR1_ISR                             (abs)        00000
__size_of_TMR1_Initialize                      (abs)        00000
__size_of_TMR1_SetInterruptHandler             (abs)        00000
__size_of_TMR1_WriteTimer                      (abs)        00000
__size_of_WDT_Initialize                       (abs)        00000
__size_of___bmul                               (abs)        00000
__size_of_abs                                  (abs)        00000
__size_of_main                                 (abs)        00000
__size_of_memcpy                               (abs)        00000
_abs                                           text22       00F84
_button_reburst_request                        bssBANK0     00067
_currentScannSensor                            bssBANK0     0006B
_eusartRxLastError                             bssBANK0     00068
_mTouchScanReload                              dataBANK0    00059
_main                                          maintext     00041
_memcpy                                        text46       0067E
_mtouch_button                                 bssBANK1     000A0
_mtouch_button_init                            stringtext1  005F4
_mtouch_request_init                           bssBANK0     0006D
_mtouch_sensor                                 dataBANK1    000D3
_mtouch_time_toScan                            bssBANK0     0006E
_packet_counter                                bssCOMMON    0007B
_packet_sample                                 bssBANK0     00065
_sample_delay                                  bssBANK0     0006A
_sensor_globalFlags                            bssBANK0     0006C
_timer1ReloadVal                               nvBANK0      0005D
abs@a                                          cstackCOMMON 00072
btemp                                          (abs)        0007E
clear_ram0                                     clrtext      00DC3
end_of_initialization                          cinit        0003D
init_ram                                       inittext     00DC9
int$flags                                      (abs)        0007E
intlevel0                                      functab      00000
intlevel1                                      functab      00000
intlevel2                                      functab      00000
intlevel3                                      functab      00000
intlevel4                                      functab      00000
intlevel5                                      functab      00000
main@i                                         cstackBANK0  0003F
main@raw                                       cstackBANK0  00039
main@touch                                     cstackBANK0  00033
memcpy@d                                       cstackBANK0  00024
memcpy@d1                                      cstackBANK0  00023
memcpy@n                                       cstackCOMMON 00074
memcpy@s                                       cstackBANK0  00021
memcpy@s1                                      cstackCOMMON 00072
memcpy@tmp                                     cstackBANK0  00020
reset_vec                                      reset_vec    00000
start                                          init         00012
start_initialization                           cinit        00014
wtemp0                                         (abs)        0007E


MODULE INFORMATION

Module		Function		Class		Link	Load	Size
mcc_generated_files/mtouch/mtouch_button.c
		_Button_Deviation_Update		CODE           	01E8	0000	131
		_MTOUCH_Button_isPressed		CODE           	07B1	0000	31
		_Button_State_Suspended		CODE           	0ED4	0000	18
		_MTOUCH_Button_Initialize		CODE           	0627	0000	44
		_Button_Tick_helper		CODE           	0489	0000	81
		_MTOUCH_Button_InitializeAll		CODE           	0FB2	0000	26
		_Button_Baseline_Update		CODE           	0161	0000	135
		_Button_State_Pressed		CODE           	03E2	0000	84
		_MTOUCH_Button_Reburst_Service		CODE           	0002	0000	2
		_Button_State_Disabled		CODE           	0D99	0000	1
		_Button_State_ReleaseDebounce		CODE           	026B	0000	107
		_Button_Reading_Update		CODE           	0E14	0000	13
		_Button_DefaultCallback		CODE           	0D98	0000	1
		_Button_Reburst_Request		CODE           	0D9E	0000	3
		_MTOUCH_Button_Tick		CODE           	0F30	0000	19
		_Button_State_PressDebounce		CODE           	0332	0000	91
		_Button_State_NotPressed		CODE           	00D2	0000	143
		_Button_Reading_Update_Helper		CODE           	0526	0000	75
		_Button_Reburst_Clear		CODE           	0D9A	0000	2
		_Button_Service		CODE           	0571	0000	71
		_Button_State_Initializing		CODE           	02D6	0000	92
		_MTOUCH_Button_ServiceAll		CODE           	0EE6	0000	18
		_Button_Baseline_Initialize		CODE           	0653	0000	43

mcc_generated_files/mtouch/mtouch_button.c estimated size: 1231

/Applications/microchip/xc8/v2.32/pic/sources/c99/common/abs.c
		_abs           		CODE           	0F84	0000	23

/Applications/microchip/xc8/v2.32/pic/sources/c99/common/abs.c estimated size: 23

mcc_generated_files/interrupt_manager.c
		_INTERRUPT_InterruptManager		CODE           	0004	0000	14

mcc_generated_files/interrupt_manager.c estimated size: 14

mcc_generated_files/mtouch/mtouch.c
		_MTOUCH_Tick   		CODE           	0DA1	0000	3
		_MTOUCH_Initialize		CODE           	0F1D	0000	19
		_MTOUCH_Service_Mainloop		CODE           	06A8	0000	35
		_MTOUCH_ScanScheduler		CODE           	0E01	0000	9
		_MTOUCH_needReburst		CODE           	0DF9	0000	8

mcc_generated_files/mtouch/mtouch.c estimated size: 74

mcc_generated_files/pin_manager.c
		_PIN_MANAGER_Initialize		CODE           	0FCC	0000	26

mcc_generated_files/pin_manager.c estimated size: 26

mcc_generated_files/mtouch/mtouch_sensor_scan.c
		_MTOUCH_CVD_ScanA_0		CODE           	074F	0000	33
		_MTOUCH_CVD_ScanB_0		CODE           	06EC	0000	33
		_MTOUCH_CVD_ScanA_1		CODE           	072E	0000	33
		_MTOUCH_CVD_ScanB_1		CODE           	06CB	0000	33
		_MTOUCH_CVD_ScanA_2		CODE           	0770	0000	33
		_MTOUCH_CVD_ScanB_2		CODE           	070D	0000	33

mcc_generated_files/mtouch/mtouch_sensor_scan.c estimated size: 198

/Applications/microchip/xc8/v2.32/pic/sources/c99/common/memcpy.c
		_memcpy        		CODE           	067E	0000	42

/Applications/microchip/xc8/v2.32/pic/sources/c99/common/memcpy.c estimated size: 42

shared
		__initialization		CODE           	0014	0000	41
		_mtouch_button_init		STRCODE        	05F4	0000	51

shared estimated size: 92

mcc_generated_files/mcc.c
		_WDT_Initialize		CODE           	0DA4	0000	4
		_OSCILLATOR_Initialize		CODE           	0DF2	0000	7
		_SYSTEM_Initialize		CODE           	0EF8	0000	18

mcc_generated_files/mcc.c estimated size: 29

/Applications/microchip/xc8/v2.32/pic/sources/c99/common/Umul8.c
		___bmul        		CODE           	0E5B	0000	17

/Applications/microchip/xc8/v2.32/pic/sources/c99/common/Umul8.c estimated size: 17

mcc_generated_files/tmr1.c
		_TMR1_Initialize		CODE           	0F57	0000	22
		_TMR1_SetInterruptHandler		CODE           	0DB7	0000	6
		_TMR1_DefaultInterruptHandler		CODE           	0D96	0000	1
		_TMR1_WriteTimer		CODE           	0E2E	0000	14
		_TMR1_ISR      		CODE           	0EB0	0000	18

mcc_generated_files/tmr1.c estimated size: 61

mcc_generated_files/delay.c
		_DELAY_milliseconds		CODE           	0EC2	0000	18

mcc_generated_files/delay.c estimated size: 18

mcc_generated_files/eusart.c
		_EUSART_Write  		CODE           	0DCF	0000	7
		_EUSART_Initialize		CODE           	0791	0000	32
		_EUSART_SetFramingErrorHandler		CODE           	0DBD	0000	6
		_EUSART_SetErrorHandler		CODE           	0DAD	0000	5
		_EUSART_SetOverrunErrorHandler		CODE           	0DB2	0000	5

mcc_generated_files/eusart.c estimated size: 55

main.c
		_main          		CODE           	0041	0000	145

main.c estimated size: 145

mcc_generated_files/mtouch/mtouch_random.c
		_MTOUCH_Random 		CODE           	0E4B	0000	16

mcc_generated_files/mtouch/mtouch_random.c estimated size: 16

mcc_generated_files/mtouch/mtouch_sensor.c
		_Sensor_Acq_ExecutePacket		CODE           	038D	0000	85
		_MTOUCH_Delay  		CODE           	0E0A	0000	10
		_Sensor_Acquisition		CODE           	05B8	0000	60
		_MTOUCH_Sensor_Initialize		CODE           	0E8E	0000	17
		_Sensor_Sampled_Reset		CODE           	0DD6	0000	7
		_MTOUCH_Sensor_InitializeAll		CODE           	0E3C	0000	15
		_MTOUCH_Sensor_Disable		CODE           	0E6C	0000	17
		_Sensor_DefaultCallback		CODE           	07FF	0000	1
		_Sensor_isEnabled		CODE           	0E21	0000	13
		_MTOUCH_Sensor_isCalibrated		CODE           	0D9C	0000	2
		_MTOUCH_Sensor_Calibrate		CODE           	0D97	0000	1
		_MTOUCH_Sensor_Sampled_ResetAll		CODE           	0F0A	0000	19
		_Sensor_setActive		CODE           	0DDD	0000	7
		_MTOUCH_Sensor_Enable		CODE           	0E7D	0000	17
		_Sensor_Acq_ExecuteScan		CODE           	0436	0000	83
		_Sensor_setSampled		CODE           	0DEB	0000	7
		_MTOUCH_Sensor_RawSample_Get		CODE           	0F6D	0000	23
		_MTOUCH_Sensor_SampleAll		CODE           	07EB	0000	20
		_MTOUCH_Sensor_wasSampled		CODE           	0F43	0000	20
		_Sensor_Service		CODE           	04DA	0000	76
		_Sensor_setScanFunction		CODE           	0E9F	0000	17
		_MTOUCH_Sensor_Scan_Initialize		CODE           	0DA8	0000	5
		_Sensor_RawSample_Update		CODE           	0F9B	0000	23
		_Sensor_setInactive		CODE           	0DE4	0000	7

mcc_generated_files/mtouch/mtouch_sensor.c estimated size: 552

